******************************************************************************
            TI ARM Clang Linker PC v4.0.4                      
******************************************************************************
>> Linked Thu Apr  9 16:04:06 2026

OUTPUT FILE NAME:   <empty_LP_MSPM0G3507_nortos_ticlang.out>
ENTRY POINT SYMBOL: "_c_int00_noinit_noargs"  address: 000004bd


MEMORY CONFIGURATION

         name            origin    length      used     unused   attr    fill
----------------------  --------  ---------  --------  --------  ----  --------
  FLASH                 00000000   00020000  000007b0  0001f850  R  X
  SRAM                  20200000   00008000  00000200  00007e00  RW X
  BCR_CONFIG            41c00000   000000ff  00000000  000000ff  R   
  BSL_CONFIG            41c00100   00000080  00000000  00000080  R   


SEGMENT ALLOCATION MAP

run origin  load origin   length   init length attrs members
----------  ----------- ---------- ----------- ----- -------
00000000    00000000    000007b0   000007b0    r-x
  00000000    00000000    000000c0   000000c0    r-- .intvecs
  000000c0    000000c0    000006c0   000006c0    r-x .text
  00000780    00000780    00000030   00000030    r-- .rodata
20207e00    20207e00    00000200   00000000    rw-
  20207e00    20207e00    00000200   00000000    rw- .stack


SECTION ALLOCATION MAP

 output                                  attributes/
section   page    origin      length       input sections
--------  ----  ----------  ----------   ----------------
.intvecs   0    00000000    000000c0     
                  00000000    000000c0     startup_mspm0g350x_ticlang.o (.intvecs)

.text      0    000000c0    000006c0     
                  000000c0    00000104     driverlib.a : dl_timer.o (.text.DL_Timer_initFourCCPWMMode)
                  000001c4    00000068     ti_msp_dl_config.o (.text.SYSCFG_DL_PWM_0_init)
                  0000022c    00000054     ti_msp_dl_config.o (.text.SYSCFG_DL_initPower)
                  00000280    00000050     ti_msp_dl_config.o (.text.SYSCFG_DL_ADC12_0_init)
                  000002d0    0000004c     driverlib.a : dl_dma.o (.text.DL_DMA_initChannel)
                  0000031c    0000004a     ti_msp_dl_config.o (.text.DL_ADC12_configConversionMem)
                  00000366    00000002     bsp_adc_dma.o (.text.adctest)
                  00000368    00000040     driverlib.a : dl_adc12.o (.text.DL_ADC12_setClockConfig)
                  000003a8    0000003c     ti_msp_dl_config.o (.text.DL_Timer_setCounterControl)
                  000003e4    00000030     ti_msp_dl_config.o (.text.DL_DMA_setTransferSize)
                  00000414    0000002c     ti_msp_dl_config.o (.text.DL_ADC12_setDMASamplesCnt)
                  00000440    0000002a     ti_msp_dl_config.o (.text.SYSCFG_DL_SYSCTL_init)
                  0000046a    00000028     ti_msp_dl_config.o (.text.DL_Common_updateReg)
                  00000492    00000002     hmi_display.o (.text.hmitest)
                  00000494    00000028     ti_msp_dl_config.o (.text.SYSCFG_DL_DMA_CH0_init)
                  000004bc    00000020     libc.a : boot_cortex_m.c.obj (.text:_c_int00_noinit_noargs)
                  000004dc    0000001c     ti_msp_dl_config.o (.text.DL_ADC12_enableDMA)
                  000004f8    0000001c     ti_msp_dl_config.o (.text.DL_ADC12_enableDMATrigger)
                  00000514    0000001c     ti_msp_dl_config.o (.text.DL_GPIO_initPeripheralOutputFunction)
                  00000530    0000001c     ti_msp_dl_config.o (.text.DL_SYSCTL_setMCLKDivider)
                  0000054c    0000001c     ti_msp_dl_config.o (.text.DL_SYSCTL_setSYSOSCFreq)
                  00000568    0000001c     ti_msp_dl_config.o (.text.DL_SYSCTL_setULPCLKDivider)
                  00000584    0000001c     driverlib.a : dl_timer.o (.text.DL_Timer_setCaptCompUpdateMethod)
                  000005a0    0000001c                 : dl_timer.o (.text.DL_Timer_setClockConfig)
                  000005bc    0000001c     ti_msp_dl_config.o (.text.SYSCFG_DL_GPIO_init)
                  000005d8    0000001c     ti_msp_dl_config.o (.text.SYSCFG_DL_init)
                  000005f4    00000018     ti_msp_dl_config.o (.text.DL_ADC12_enablePower)
                  0000060c    00000018     ti_msp_dl_config.o (.text.DL_ADC12_reset)
                  00000624    00000018     ti_msp_dl_config.o (.text.DL_GPIO_enableOutput)
                  0000063c    00000018     ti_msp_dl_config.o (.text.DL_GPIO_enablePower)
                  00000654    00000018     ti_msp_dl_config.o (.text.DL_GPIO_reset)
                  0000066c    00000018     ti_msp_dl_config.o (.text.DL_SYSCTL_setBORThreshold)
                  00000684    00000018     ti_msp_dl_config.o (.text.DL_Timer_enablePower)
                  0000069c    00000018     ti_msp_dl_config.o (.text.DL_Timer_reset)
                  000006b4    00000018     driverlib.a : dl_timer.o (.text.DL_Timer_setCaptureCompareOutCtl)
                  000006cc    00000018     empty.o (.text.main)
                  000006e4    00000016     ti_msp_dl_config.o (.text.DL_ADC12_enableConversions)
                  000006fa    00000002     --HOLE-- [fill = 0]
                  000006fc    00000014     ti_msp_dl_config.o (.text.DL_SYSCTL_disableSYSPLL)
                  00000710    00000014     ti_msp_dl_config.o (.text.DL_Timer_enableClock)
                  00000724    00000014     ti_msp_dl_config.o (.text.DL_Timer_setCCPDirection)
                  00000738    00000010     ti_msp_dl_config.o (.text.DL_SYSCTL_disableHFXT)
                  00000748    00000010     driverlib.a : dl_timer.o (.text.DL_Timer_setCaptureCompareValue)
                  00000758    0000000a                 : dl_common.o (.text.DL_Common_delayCycles)
                  00000762    00000008     ti_msp_dl_config.o (.text.SYSCFG_DL_DMA_init)
                  0000076a    00000006     libc.a : exit.c.obj (.text:abort)
                  00000770    00000004     startup_mspm0g350x_ticlang.o (.text.Default_Handler)
                  00000774    00000004     libsysbm.a : hostexit.c.obj (.text.HOSTexit)
                  00000778    00000004     startup_mspm0g350x_ticlang.o (.text.Reset_Handler)
                  0000077c    00000004     libc.a : pre_init.c.obj (.text._system_pre_init)

.cinit     0    00000000    00000000     

.rodata    0    00000780    00000030     
                  00000780    00000018     ti_msp_dl_config.o (.rodata.gDMA_CH0Config)
                  00000798    00000008     ti_msp_dl_config.o (.rodata.gADC12_0ClockConfig)
                  000007a0    00000008     ti_msp_dl_config.o (.rodata.gPWM_0Config)
                  000007a8    00000003     ti_msp_dl_config.o (.rodata.gPWM_0ClockConfig)
                  000007ab    00000005     --HOLE-- [fill = 0]

.init_array 
*          0    00000000    00000000     UNINITIALIZED

.binit     0    00000000    00000000     

.stack     0    20207e00    00000200     UNINITIALIZED
                  20207e00    00000004     libc.a : boot_cortex_m.c.obj (.stack)
                  20207e04    000001fc     --HOLE--

__llvm_prf_cnts 
*          0    20200000    00000000     UNINITIALIZED

__llvm_prf_bits 
*          0    20200000    00000000     UNINITIALIZED

MODULE SUMMARY

       Module                         code   ro data   rw data
       ------                         ----   -------   -------
    .\
       ti_msp_dl_config.o             1138   43        0      
       startup_mspm0g350x_ticlang.o   8      192       0      
       empty.o                        24     0         0      
    +--+------------------------------+------+---------+---------+
       Total:                         1170   235       0      
                                                              
    .\bsp_adc_dma\
       bsp_adc_dma.o                  2      0         0      
    +--+------------------------------+------+---------+---------+
       Total:                         2      0         0      
                                                              
    .\hmi_display\
       hmi_display.o                  2      0         0      
    +--+------------------------------+------+---------+---------+
       Total:                         2      0         0      
                                                              
    D:/mspm0_sdk_2_09_00_01/source/ti/driverlib/lib/ticlang/m0p/mspm0g1x0x_g3x0x/driverlib.a
       dl_timer.o                     356    0         0      
       dl_dma.o                       76     0         0      
       dl_adc12.o                     64     0         0      
       dl_common.o                    10     0         0      
    +--+------------------------------+------+---------+---------+
       Total:                         506    0         0      
                                                              
    D:\ccs\tools\compiler\ti-cgt-armllvm_4.0.4.LTS\lib\armv6m-ti-none-eabi/c/libc.a
       boot_cortex_m.c.obj            32     0         0      
       exit.c.obj                     6      0         0      
       pre_init.c.obj                 4      0         0      
    +--+------------------------------+------+---------+---------+
       Total:                         42     0         0      
                                                              
    D:\ccs\tools\compiler\ti-cgt-armllvm_4.0.4.LTS\lib\armv6m-ti-none-eabi/c/libsysbm.a
       hostexit.c.obj                 4      0         0      
    +--+------------------------------+------+---------+---------+
       Total:                         4      0         0      
                                                              
       Stack:                         0      0         512    
    +--+------------------------------+------+---------+---------+
       Grand Total:                   1726   235       512    


GLOBAL SYMBOLS: SORTED ALPHABETICALLY BY Name 

address   name                            
-------   ----                            
00000771  ADC0_IRQHandler                 
00000771  ADC1_IRQHandler                 
00000771  AES_IRQHandler                  
00000774  C$$EXIT                         
00000771  CANFD0_IRQHandler               
00000771  DAC0_IRQHandler                 
00000369  DL_ADC12_setClockConfig         
00000759  DL_Common_delayCycles           
000002d1  DL_DMA_initChannel              
000000c1  DL_Timer_initFourCCPWMMode      
00000585  DL_Timer_setCaptCompUpdateMethod
000006b5  DL_Timer_setCaptureCompareOutCtl
00000749  DL_Timer_setCaptureCompareValue 
000005a1  DL_Timer_setClockConfig         
00000771  DMA_IRQHandler                  
00000771  Default_Handler                 
00000771  GROUP0_IRQHandler               
00000771  GROUP1_IRQHandler               
00000775  HOSTexit                        
00000771  HardFault_Handler               
00000771  I2C0_IRQHandler                 
00000771  I2C1_IRQHandler                 
00000771  NMI_Handler                     
00000771  PendSV_Handler                  
00000771  RTC_IRQHandler                  
00000779  Reset_Handler                   
00000771  SPI0_IRQHandler                 
00000771  SPI1_IRQHandler                 
00000771  SVC_Handler                     
00000281  SYSCFG_DL_ADC12_0_init          
00000495  SYSCFG_DL_DMA_CH0_init          
00000763  SYSCFG_DL_DMA_init              
000005bd  SYSCFG_DL_GPIO_init             
000001c5  SYSCFG_DL_PWM_0_init            
00000441  SYSCFG_DL_SYSCTL_init           
000005d9  SYSCFG_DL_init                  
0000022d  SYSCFG_DL_initPower             
00000771  SysTick_Handler                 
00000771  TIMA0_IRQHandler                
00000771  TIMA1_IRQHandler                
00000771  TIMG0_IRQHandler                
00000771  TIMG12_IRQHandler               
00000771  TIMG6_IRQHandler                
00000771  TIMG7_IRQHandler                
00000771  TIMG8_IRQHandler                
00000771  UART0_IRQHandler                
00000771  UART1_IRQHandler                
00000771  UART2_IRQHandler                
00000771  UART3_IRQHandler                
20208000  __STACK_END                     
00000200  __STACK_SIZE                    
00000000  __TI_ATRegion0_region_sz        
00000000  __TI_ATRegion0_src_addr         
00000000  __TI_ATRegion0_trg_addr         
00000000  __TI_ATRegion1_region_sz        
00000000  __TI_ATRegion1_src_addr         
00000000  __TI_ATRegion1_trg_addr         
00000000  __TI_ATRegion2_region_sz        
00000000  __TI_ATRegion2_src_addr         
00000000  __TI_ATRegion2_trg_addr         
00000000  __TI_CINIT_Base                 
00000000  __TI_CINIT_Limit                
00000000  __TI_CINIT_Warm                 
ffffffff  __TI_pprof_out_hndl             
ffffffff  __TI_prof_data_size             
ffffffff  __TI_prof_data_start            
00000000  __TI_static_base__              
ffffffff  __binit__                       
UNDEFED   __mpu_init                      
20207e00  __stack                         
20200000  __start___llvm_prf_bits         
20200000  __start___llvm_prf_cnts         
20200000  __stop___llvm_prf_bits          
20200000  __stop___llvm_prf_cnts          
000004bd  _c_int00_noinit_noargs          
0000077d  _system_pre_init                
0000076b  abort                           
00000367  adctest                         
ffffffff  binit                           
00000493  hmitest                         
00000000  interruptVectors                
000006cd  main                            


GLOBAL SYMBOLS: SORTED BY Symbol Address 

address   name                            
-------   ----                            
00000000  __TI_ATRegion0_region_sz        
00000000  __TI_ATRegion0_src_addr         
00000000  __TI_ATRegion0_trg_addr         
00000000  __TI_ATRegion1_region_sz        
00000000  __TI_ATRegion1_src_addr         
00000000  __TI_ATRegion1_trg_addr         
00000000  __TI_ATRegion2_region_sz        
00000000  __TI_ATRegion2_src_addr         
00000000  __TI_ATRegion2_trg_addr         
00000000  __TI_CINIT_Base                 
00000000  __TI_CINIT_Limit                
00000000  __TI_CINIT_Warm                 
00000000  __TI_static_base__              
00000000  interruptVectors                
000000c1  DL_Timer_initFourCCPWMMode      
000001c5  SYSCFG_DL_PWM_0_init            
00000200  __STACK_SIZE                    
0000022d  SYSCFG_DL_initPower             
00000281  SYSCFG_DL_ADC12_0_init          
000002d1  DL_DMA_initChannel              
00000367  adctest                         
00000369  DL_ADC12_setClockConfig         
00000441  SYSCFG_DL_SYSCTL_init           
00000493  hmitest                         
00000495  SYSCFG_DL_DMA_CH0_init          
000004bd  _c_int00_noinit_noargs          
00000585  DL_Timer_setCaptCompUpdateMethod
000005a1  DL_Timer_setClockConfig         
000005bd  SYSCFG_DL_GPIO_init             
000005d9  SYSCFG_DL_init                  
000006b5  DL_Timer_setCaptureCompareOutCtl
000006cd  main                            
00000749  DL_Timer_setCaptureCompareValue 
00000759  DL_Common_delayCycles           
00000763  SYSCFG_DL_DMA_init              
0000076b  abort                           
00000771  ADC0_IRQHandler                 
00000771  ADC1_IRQHandler                 
00000771  AES_IRQHandler                  
00000771  CANFD0_IRQHandler               
00000771  DAC0_IRQHandler                 
00000771  DMA_IRQHandler                  
00000771  Default_Handler                 
00000771  GROUP0_IRQHandler               
00000771  GROUP1_IRQHandler               
00000771  HardFault_Handler               
00000771  I2C0_IRQHandler                 
00000771  I2C1_IRQHandler                 
00000771  NMI_Handler                     
00000771  PendSV_Handler                  
00000771  RTC_IRQHandler                  
00000771  SPI0_IRQHandler                 
00000771  SPI1_IRQHandler                 
00000771  SVC_Handler                     
00000771  SysTick_Handler                 
00000771  TIMA0_IRQHandler                
00000771  TIMA1_IRQHandler                
00000771  TIMG0_IRQHandler                
00000771  TIMG12_IRQHandler               
00000771  TIMG6_IRQHandler                
00000771  TIMG7_IRQHandler                
00000771  TIMG8_IRQHandler                
00000771  UART0_IRQHandler                
00000771  UART1_IRQHandler                
00000771  UART2_IRQHandler                
00000771  UART3_IRQHandler                
00000774  C$$EXIT                         
00000775  HOSTexit                        
00000779  Reset_Handler                   
0000077d  _system_pre_init                
20200000  __start___llvm_prf_bits         
20200000  __start___llvm_prf_cnts         
20200000  __stop___llvm_prf_bits          
20200000  __stop___llvm_prf_cnts          
20207e00  __stack                         
20208000  __STACK_END                     
ffffffff  __TI_pprof_out_hndl             
ffffffff  __TI_prof_data_size             
ffffffff  __TI_prof_data_start            
ffffffff  __binit__                       
ffffffff  binit                           
UNDEFED   __mpu_init                      

[82 symbols]
