******************************************************************************
            TI ARM Clang Linker PC v4.0.4                      
******************************************************************************
>> Linked Fri May 22 19:56:51 2026

OUTPUT FILE NAME:   <oscillograph_LP_MSPM0G3507_nortos_ticlang.out>
ENTRY POINT SYMBOL: "_c_int00_noargs"  address: 000075f1


MEMORY CONFIGURATION

         name            origin    length      used     unused   attr    fill
----------------------  --------  ---------  --------  --------  ----  --------
  FLASH                 00000000   00020000  00008da0  00017260  R  X
  SRAM                  20200000   00008000  00001e34  000061cc  RW X
  BCR_CONFIG            41c00000   000000ff  00000000  000000ff  R   
  BSL_CONFIG            41c00100   00000080  00000000  00000080  R   


SEGMENT ALLOCATION MAP

run origin  load origin   length   init length attrs members
----------  ----------- ---------- ----------- ----- -------
00000000    00000000    00008da0   00008da0    r-x
  00000000    00000000    000000c0   000000c0    r-- .intvecs
  000000c0    000000c0    00008000   00008000    r-x .text
  000080c0    000080c0    00000c60   00000c60    r-- .rodata
  00008d20    00008d20    00000080   00000080    r-- .cinit
20200000    20200000    00001c34   00000000    rw-
  20200000    20200000    000016ac   00000000    rw- .data
  202016ac    202016ac    00000588   00000000    rw- .bss
20207e00    20207e00    00000200   00000000    rw-
  20207e00    20207e00    00000200   00000000    rw- .stack


SECTION ALLOCATION MAP

 output                                  attributes/
section   page    origin      length       input sections
--------  ----  ----------  ----------   ----------------
.intvecs   0    00000000    000000c0     
                  00000000    000000c0     startup_mspm0g350x_ticlang.o (.intvecs)

.text      0    000000c0    00008000     
                  000000c0    000009d0     libc.a : _printfi.c.obj (.text:__TI_printfi)
                  00000a90    00000644            : k_rem_pio2.c.obj (.text.__kernel_rem_pio2)
                  000010d4    00000470     app_measure.o (.text.APP_Measure_Calculate_Phase)
                  00001544    000003dc     ili9341_driver.o (.text.ILI9341_wr_data)
                  00001920    000003c8     app_measure.o (.text.APP_Measure_Calculate_CH2)
                  00001ce8    000003b8     libc.a : strtod.c.obj (.text.strtod)
                  000020a0    00000398     hmi_display.o (.text.HMI_UpdateWaveform)
                  00002438    0000036c     app_measure.o (.text.APP_Measure_Calculate)
                  000027a4    000002ec     empty.o (.text.main)
                  00002a90    00000274     bsp_bluetooth.o (.text.BSP_Bluetooth_Process)
                  00002d04    00000270     ili9341_driver.o (.text.ILI9341_init)
                  00002f74    00000220     libc.a : _printfi.c.obj (.text._pconv_a)
                  00003194    00000210     ili9341_driver.o (.text.ILI9341_wr_data8)
                  000033a4    00000210     ili9341_driver.o (.text.ILI9341_wr_reg)
                  000035b4    000001f4     empty.o (.text.APP_MapDataToScreen)
                  000037a8    000001dc     libc.a : _printfi.c.obj (.text._pconv_g)
                  00003984    000001d4     app_fft.o (.text.APP_FFT_Calculate)
                  00003b58    000001d4     libc.a : s_cosf.c.obj (.text.cosf)
                  00003d2c    000001c8            : s_sinf.c.obj (.text.sinf)
                  00003ef4    0000019c     hmi_display.o (.text.HMI_parameter_display)
                  00004090    00000198     ili9341_driver.o (.text.ILI9341_draw_char)
                  00004228    00000192     libclang_rt.builtins.a : adddf3.S.obj (.text.adddf3_subdf3)
                  000043ba    00000002     bsp_adc_dma.o (.text.GROUP0_IRQHandler)
                  000043bc    00000188     app_fft.o (.text.get_single_freq_mag)
                  00004544    00000174     app_auto.o (.text.APP_AUTO_Execute)
                  000046b8    0000016c     ti_msp_dl_config.o (.text.SYSCFG_DL_GPIO_init)
                  00004824    00000144     libc.a : s_floor.c.obj (.text.floor)
                  00004968    0000013c            : _printfi.c.obj (.text.fcvt)
                  00004aa4    00000134     hmi_display.o (.text.HMI_FFT_display)
                  00004bd8    00000134     libc.a : qsort.c.obj (.text.qsort)
                  00004d0c    00000128     ili9341_driver.o (.text.ILI9341_draw_line)
                  00004e34    00000120     libc.a : _printfi.c.obj (.text._pconv_e)
                  00004f54    0000010c     libclang_rt.builtins.a : divdf3.S.obj (.text.__divdf3)
                  00005060    00000104     driverlib.a : dl_timer.o (.text.DL_Timer_initFourCCPWMMode)
                  00005164    000000fc                 : dl_timer.o (.text.DL_Timer_initTimerMode)
                  00005260    000000f4     bsp_adc_dma.o (.text.BSP_ADC_DMA_Start)
                  00005354    000000f0     bsp_adc_dma.o (.text.GROUP1_IRQHandler)
                  00005444    000000e4     libclang_rt.builtins.a : muldf3.S.obj (.text.__muldf3)
                  00005528    000000d8     libc.a : s_scalbn.c.obj (.text.scalbn)
                  00005600    000000d8     libclang_rt.builtins.a : addsf3.S.obj (.text)
                  000056d8    000000cc     bsp_trigger.o (.text.BSP_Trigger_SetVoltage)
                  000057a4    000000c0     ili9341_driver.o (.text.ILI9341_Draw_Fast_VLine_With_Grid)
                  00005864    000000c0     ti_msp_dl_config.o (.text.SYSCFG_DL_initPower)
                  00005924    000000b8     bsp_bluetooth.o (.text.UART3_IRQHandler)
                  000059dc    000000b0     bsp_voltage_gear.o (.text.BSP_VoltGear_Scan)
                  00005a8c    000000ac     libc.a : s_cosf.c.obj (.text.__kernel_sindf)
                  00005b38    000000ac            : s_sinf.c.obj (.text.__kernel_sindf)
                  00005be4    000000a2     libclang_rt.builtins.a : udivmoddi4.S.obj (.text)
                  00005c86    00000002                            : aeabi_div0.c.obj (.text.__aeabi_idiv0)
                  00005c88    000000a0     bsp_adc_dma.o (.text.BSP_ADC_DMA_Init)
                  00005d28    000000a0     libc.a : e_sqrtf.c.obj (.text.sqrtf)
                  00005dc8    0000009c            : s_cosf.c.obj (.text.__kernel_cosdf)
                  00005e64    0000009c            : s_sinf.c.obj (.text.__kernel_cosdf)
                  00005f00    00000094     bsp_voltage_gear.o (.text.BSP_VoltGear_SetTarget)
                  00005f94    00000094     hmi_display.o (.text.HMI_DrawGrid)
                  00006028    00000094     ti_msp_dl_config.o (.text.SYSCFG_DL_ADC12_1_init)
                  000060bc    00000090     ti_msp_dl_config.o (.text.SYSCFG_DL_ADC12_0_init)
                  0000614c    0000008c     libclang_rt.builtins.a : mulsf3.S.obj (.text.__mulsf3)
                  000061d8    00000088     driverlib.a : dl_dac12.o (.text.DL_DAC12_init)
                  00006260    00000088     libc.a : strcmp-armv6m.S.obj (.text:strcmp)
                  000062e8    00000082     libclang_rt.builtins.a : divsf3.S.obj (.text.__divsf3)
                  0000636a    00000080     ili9341_driver.o (.text.ILI9341_draw_string)
                  000063ea    0000007e     ili9341_driver.o (.text.ILI9341_fill)
                  00006468    0000007c     libc.a : copy_decompress_lzss.c.obj (.text:decompress:lzss)
                  000064e4    0000007a     ili9341_driver.o (.text.ILI9341_clear)
                  0000655e    00000002     libclang_rt.builtins.a : aeabi_div0.c.obj (.text.__aeabi_ldiv0)
                  00006560    00000078     hmi_display.o (.text.format_fft_percent)
                  000065d8    00000074     libclang_rt.builtins.a : comparedf2.c.obj (.text.__gedf2)
                  0000664c    00000004     empty.o (.text.CANFD0_IRQHandler)
                  00006650    00000074     libclang_rt.builtins.a : truncdfsf2.S.obj (.text.__truncdfsf2)
                  000066c4    0000006a     ili9341_driver.o (.text.ILI9341_address_set)
                  0000672e    00000002     --HOLE-- [fill = 0]
                  00006730    00000068     ti_msp_dl_config.o (.text.SYSCFG_DL_PWM_0_init)
                  00006798    00000068     ti_msp_dl_config.o (.text.SYSCFG_DL_PWM_1_init)
                  00006800    00000068     libclang_rt.builtins.a : comparedf2.c.obj (.text.__ledf2)
                  00006868    00000066     libc.a : _printfi.c.obj (.text._mcpy)
                  000068ce    00000002     --HOLE-- [fill = 0]
                  000068d0    00000062     libclang_rt.builtins.a : aeabi_dcmp.S.obj (.text.__aeabi_dcmp)
                  00006932    00000002     --HOLE-- [fill = 0]
                  00006934    00000062                            : aeabi_fcmp.S.obj (.text.__aeabi_fcmp)
                  00006996    00000002     --HOLE-- [fill = 0]
                  00006998    00000060     ti_msp_dl_config.o (.text.SYSCFG_DL_TIMER_1_init)
                  000069f8    0000005c     ti_msp_dl_config.o (.text.SYSCFG_DL_init)
                  00006a54    0000005c     libc.a : s_frexp.c.obj (.text.frexp)
                  00006ab0    00000058            : _ltoa.c.obj (.text.__TI_ltoa)
                  00006b08    00000058            : _printfi.c.obj (.text._pconv_f)
                  00006b60    00000056     libclang_rt.builtins.a : aeabi_idivmod.S.obj (.text.__aeabi_idivmod)
                  00006bb6    00000052     libc.a : _printfi.c.obj (.text._ecpy)
                  00006c08    0000004c     bsp_adc_dma.o (.text.BSP_ADC_SetTimebase)
                  00006c54    0000004c     ti_msp_dl_config.o (.text.DL_ADC12_initSingleSample)
                  00006ca0    0000004c     driverlib.a : dl_dma.o (.text.DL_DMA_initChannel)
                  00006cec    0000004c     ti_msp_dl_config.o (.text.DL_GPIO_initDigitalInputFeatures)
                  00006d38    0000004c     ti_msp_dl_config.o (.text.DL_UART_setBaudRateDivisor)
                  00006d84    0000004a     ti_msp_dl_config.o (.text.DL_ADC12_configConversionMem)
                  00006dce    00000002     --HOLE-- [fill = 0]
                  00006dd0    0000004a     libclang_rt.builtins.a : fixdfsi.S.obj (.text.__fixdfsi)
                  00006e1a    00000002     --HOLE-- [fill = 0]
                  00006e1c    00000048     driverlib.a : dl_uart.o (.text.DL_UART_init)
                  00006e64    00000048     ti_msp_dl_config.o (.text.SYSCFG_DL_UART_BT_init)
                  00006eac    00000044     bsp_adc_dma.o (.text.ADC0_IRQHandler)
                  00006ef0    00000044     app_measure.o (.text.APP_Measure_DoCalibration)
                  00006f34    00000040     driverlib.a : dl_adc12.o (.text.DL_ADC12_setClockConfig)
                  00006f74    00000040     libclang_rt.builtins.a : aeabi_uidivmod.S.obj (.text.__aeabi_uidivmod)
                  00006fb4    00000040                            : extendsfdf2.S.obj (.text.__extendsfdf2)
                  00006ff4    00000040     libc.a : atoi.c.obj (.text.atoi)
                  00007034    0000003c     ti_msp_dl_config.o (.text.DL_Timer_setCounterControl)
                  00007070    0000003c     libclang_rt.builtins.a : floatsisf.S.obj (.text.__floatsisf)
                  000070ac    0000003c                            : comparesf2.S.obj (.text.__gtsf2)
                  000070e8    0000003c     libc.a : autoinit.c.obj (.text:__TI_auto_init_nobinit_nopinit)
                  00007124    0000003a     libclang_rt.builtins.a : comparesf2.S.obj (.text.__eqsf2)
                  0000715e    00000002     --HOLE-- [fill = 0]
                  00007160    0000003a                            : muldsi3.S.obj (.text.__muldsi3)
                  0000719a    00000002     --HOLE-- [fill = 0]
                  0000719c    00000038     ti_msp_dl_config.o (.text.DL_Timer_setPublisherChanID)
                  000071d4    00000038     libclang_rt.builtins.a : fixsfsi.S.obj (.text.__fixsfsi)
                  0000720c    00000038     libc.a : sprintf.c.obj (.text.sprintf)
                  00007244    00000034     ti_msp_dl_config.o (.text.SYSCFG_DL_SYSCTL_init)
                  00007278    00000034     ti_msp_dl_config.o (.text.SYSCFG_DL_TIMER_0_init)
                  000072ac    00000032     libclang_rt.builtins.a : fixunssfsi.S.obj (.text.__fixunssfsi)
                  000072de    00000032     libc.a : strstr.c.obj (.text.strstr)
                  00007310    00000030     bsp_adc_dma.o (.text.DL_ADC12_getMemResult)
                  00007340    00000030     bsp_adc_dma.o (.text.DL_DMA_setTransferSize)
                  00007370    00000030     ti_msp_dl_config.o (.text.DL_DMA_setTransferSize)
                  000073a0    00000030     libc.a : _printfi.c.obj (.text._fcpy)
                  000073d0    0000002c     bsp_voltage_gear.o (.text.BSP_VoltGear_Init)
                  000073fc    0000002c     ti_msp_dl_config.o (.text.DL_ADC12_setDMASamplesCnt)
                  00007428    0000002c     ili9341_driver.o (.text.ILI9341_draw_point)
                  00007454    0000002c     bsp_adc_dma.o (.text.__NVIC_EnableIRQ)
                  00007480    0000002c     bsp_bluetooth.o (.text.__NVIC_EnableIRQ)
                  000074ac    0000002c     libclang_rt.builtins.a : floatsidf.S.obj (.text.__floatsidf)
                  000074d8    00000028     ti_msp_dl_config.o (.text.DL_Common_updateReg)
                  00007500    00000028     bsp_adc_dma.o (.text.DL_DMA_setDestAddr)
                  00007528    00000028     bsp_adc_dma.o (.text.DL_DMA_setSrcAddr)
                  00007550    00000028     ti_msp_dl_config.o (.text.DL_Timer_enableEvent)
                  00007578    00000028     ti_msp_dl_config.o (.text.SYSCFG_DL_DMA_CH0_init)
                  000075a0    00000028     ti_msp_dl_config.o (.text.SYSCFG_DL_DMA_CH1_init)
                  000075c8    00000028     libclang_rt.builtins.a : floatunsisf.S.obj (.text.__floatunsisf)
                  000075f0    00000028     libc.a : boot_cortex_m.c.obj (.text:_c_int00_noargs)
                  00007618    00000026     bsp_adc_dma.o (.text.DL_DMA_disableChannel)
                  0000763e    00000026     bsp_adc_dma.o (.text.DL_DMA_enableChannel)
                  00007664    00000024     libclang_rt.builtins.a : muldi3.S.obj (.text.__muldi3)
                  00007688    00000022     libc.a : memccpy.c.obj (.text.memccpy)
                  000076aa    00000002     --HOLE-- [fill = 0]
                  000076ac    00000020     ti_msp_dl_config.o (.text.DL_GPIO_initPeripheralInputFunction)
                  000076cc    00000020     ti_msp_dl_config.o (.text.DL_SYSCTL_setMFPCLKSource)
                  000076ec    00000020     ti_msp_dl_config.o (.text.SYSCFG_DL_DAC12_init)
                  0000770c    0000001e     ti_msp_dl_config.o (.text.DL_ADC12_setPowerDownMode)
                  0000772a    0000001e     ti_msp_dl_config.o (.text.DL_UART_setOversampling)
                  00007748    0000001e     libclang_rt.builtins.a : ashldi3.S.obj (.text.__ashldi3)
                  00007766    00000002     --HOLE-- [fill = 0]
                  00007768    0000001c     bsp_adc_dma.o (.text.DL_ADC12_clearInterruptStatus)
                  00007784    0000001c     ti_msp_dl_config.o (.text.DL_ADC12_clearInterruptStatus)
                  000077a0    0000001c     ti_msp_dl_config.o (.text.DL_ADC12_enableDMA)
                  000077bc    0000001c     ti_msp_dl_config.o (.text.DL_ADC12_enableDMATrigger)
                  000077d8    0000001c     ti_msp_dl_config.o (.text.DL_ADC12_enableInterrupt)
                  000077f4    0000001c     bsp_adc_dma.o (.text.DL_ADC12_startConversion)
                  00007810    0000001c     bsp_trigger.o (.text.DL_DAC12_output12)
                  0000782c    0000001c     bsp_adc_dma.o (.text.DL_GPIO_clearInterruptStatus)
                  00007848    0000001c     empty.o (.text.DL_GPIO_clearInterruptStatus)
                  00007864    0000001c     ti_msp_dl_config.o (.text.DL_GPIO_clearInterruptStatus)
                  00007880    0000001c     bsp_adc_dma.o (.text.DL_GPIO_disableInterrupt)
                  0000789c    0000001c     empty.o (.text.DL_GPIO_enableInterrupt)
                  000078b8    0000001c     ti_msp_dl_config.o (.text.DL_GPIO_enableInterrupt)
                  000078d4    0000001c     ti_msp_dl_config.o (.text.DL_GPIO_initPeripheralOutputFunction)
                  000078f0    0000001c     ti_msp_dl_config.o (.text.DL_GPIO_setLowerPinsPolarity)
                  0000790c    0000001c     ti_msp_dl_config.o (.text.DL_SYSCTL_setMCLKDivider)
                  00007928    0000001c     ti_msp_dl_config.o (.text.DL_SYSCTL_setSYSOSCFreq)
                  00007944    0000001c     ti_msp_dl_config.o (.text.DL_SYSCTL_setULPCLKDivider)
                  00007960    0000001c     ti_msp_dl_config.o (.text.DL_Timer_enableInterrupt)
                  0000797c    0000001c     driverlib.a : dl_timer.o (.text.DL_Timer_setCaptCompUpdateMethod)
                  00007998    0000001c                 : dl_timer.o (.text.DL_Timer_setClockConfig)
                  000079b4    0000001c     ti_msp_dl_config.o (.text.DL_UART_enableInterrupt)
                  000079d0    0000001a     ti_msp_dl_config.o (.text.DL_ADC12_setSubscriberChanID)
                  000079ea    00000002     --HOLE-- [fill = 0]
                  000079ec    00000018     ti_msp_dl_config.o (.text.DL_ADC12_enablePower)
                  00007a04    00000018     ti_msp_dl_config.o (.text.DL_ADC12_reset)
                  00007a1c    00000018     ti_msp_dl_config.o (.text.DL_ADC12_setSampleTime0)
                  00007a34    00000018     ti_msp_dl_config.o (.text.DL_DAC12_enablePower)
                  00007a4c    00000018     ti_msp_dl_config.o (.text.DL_DAC12_reset)
                  00007a64    00000018     bsp_adc_dma.o (.text.DL_DMA_clearInterruptStatus)
                  00007a7c    00000018     ti_msp_dl_config.o (.text.DL_GPIO_enableOutput)
                  00007a94    00000018     ti_msp_dl_config.o (.text.DL_GPIO_enablePower)
                  00007aac    00000018     bsp_adc_dma.o (.text.DL_GPIO_getEnabledInterruptStatus)
                  00007ac4    00000018     ti_msp_dl_config.o (.text.DL_GPIO_initDigitalOutput)
                  00007adc    00000018     ti_msp_dl_config.o (.text.DL_GPIO_reset)
                  00007af4    00000018     bsp_voltage_gear.o (.text.DL_GPIO_setPins)
                  00007b0c    00000018     empty.o (.text.DL_GPIO_setPins)
                  00007b24    00000018     ili9341_driver.o (.text.DL_GPIO_setPins)
                  00007b3c    00000018     ti_msp_dl_config.o (.text.DL_GPIO_setUpperPinsPolarity)
                  00007b54    00000018     ti_msp_dl_config.o (.text.DL_SYSCTL_setBORThreshold)
                  00007b6c    00000018     ti_msp_dl_config.o (.text.DL_Timer_enablePower)
                  00007b84    00000018     ti_msp_dl_config.o (.text.DL_Timer_reset)
                  00007b9c    00000018     driverlib.a : dl_timer.o (.text.DL_Timer_setCaptureCompareOutCtl)
                  00007bb4    00000018     bsp_adc_dma.o (.text.DL_Timer_setLoadValue)
                  00007bcc    00000018     bsp_adc_dma.o (.text.DL_Timer_startCounter)
                  00007be4    00000018     empty.o (.text.DL_Timer_startCounter)
                  00007bfc    00000018     bsp_adc_dma.o (.text.DL_Timer_stopCounter)
                  00007c14    00000018     ti_msp_dl_config.o (.text.DL_UART_enablePower)
                  00007c2c    00000018     ti_msp_dl_config.o (.text.DL_UART_reset)
                  00007c44    00000018     libc.a : sprintf.c.obj (.text._outs)
                  00007c5c    00000016     bsp_adc_dma.o (.text.DL_ADC12_disableConversions)
                  00007c72    00000016     bsp_adc_dma.o (.text.DL_ADC12_enableConversions)
                  00007c88    00000016     ti_msp_dl_config.o (.text.DL_ADC12_enableConversions)
                  00007c9e    00000016     bsp_trigger.o (.text.DL_DAC12_enable)
                  00007cb4    00000016     ti_msp_dl_config.o (.text.DL_DAC12_enable)
                  00007cca    00000016     bsp_adc_dma.o (.text.DL_GPIO_readPins)
                  00007ce0    00000016     bsp_voltage_gear.o (.text.DL_GPIO_readPins)
                  00007cf6    00000016     empty.o (.text.DL_GPIO_readPins)
                  00007d0c    00000016     ti_msp_dl_config.o (.text.DL_UART_enable)
                  00007d22    00000016     libc.a : k_rem_pio2.c.obj (.text.OUTLINED_FUNCTION_0)
                  00007d38    00000010     libclang_rt.builtins.a : adddf3.S.obj (.tramp.__aeabi_dadd.1)
                  00007d48    00000016     ili9341_driver.o (.text.delayms)
                  00007d5e    00000016     ili9341_driver.o (.text.delayus)
                  00007d74    00000014     bsp_voltage_gear.o (.text.DL_GPIO_clearPins)
                  00007d88    00000014     empty.o (.text.DL_GPIO_clearPins)
                  00007d9c    00000014     ili9341_driver.o (.text.DL_GPIO_clearPins)
                  00007db0    00000014     ti_msp_dl_config.o (.text.DL_GPIO_clearPins)
                  00007dc4    00000014     ti_msp_dl_config.o (.text.DL_SYSCTL_disableSYSPLL)
                  00007dd8    00000014     ti_msp_dl_config.o (.text.DL_Timer_enableClock)
                  00007dec    00000014     bsp_adc_dma.o (.text.DL_Timer_getLoadValue)
                  00007e00    00000014     ti_msp_dl_config.o (.text.DL_Timer_setCCPDirection)
                  00007e14    00000014     bsp_adc_dma.o (.text.DL_Timer_setTimerCount)
                  00007e28    00000014     bsp_bluetooth.o (.text.DL_UART_receiveData)
                  00007e3c    00000014     libclang_rt.builtins.a : aeabi_uldivmod.S.obj (.text.__aeabi_uldivmod)
                  00007e50    00000014     app_measure.o (.text.cmp_uint16)
                  00007e64    00000014     libc.a : _printfi.c.obj (.text.strchr)
                  00007e78    00000012     bsp_adc_dma.o (.text.DL_ADC12_getPendingInterrupt)
                  00007e8a    00000012     bsp_bluetooth.o (.text.DL_UART_getPendingInterrupt)
                  00007e9c    00000012     driverlib.a : dl_uart.o (.text.DL_UART_setClockConfig)
                  00007eae    00000012     libc.a : memcpy16.S.obj (.text:TI_memcpy_small)
                  00007ec0    00000012            : copy_decompress_none.c.obj (.text:decompress:none)
                  00007ed2    00000002     --HOLE-- [fill = 0]
                  00007ed4    00000010     ti_msp_dl_config.o (.text.DL_SYSCTL_disableHFXT)
                  00007ee4    00000010     ti_msp_dl_config.o (.text.DL_SYSCTL_enableMFPCLK)
                  00007ef4    00000010     driverlib.a : dl_timer.o (.text.DL_Timer_setCaptureCompareValue)
                  00007f04    00000010     libc.a : k_rem_pio2.c.obj (.text.OUTLINED_FUNCTION_2)
                  00007f14    00000010            : wcslen.c.obj (.text.wcslen)
                  00007f24    00000010            : copy_zero_init.c.obj (.text:decompress:ZI)
                  00007f34    0000000e     libclang_rt.builtins.a : aeabi_memset.S.obj (.text.__aeabi_memset)
                  00007f42    0000000e     libc.a : _printfi.c.obj (.text.strlen)
                  00007f50    0000000e            : memset16.S.obj (.text:TI_memset_small)
                  00007f5e    0000000c     ti_msp_dl_config.o (.text.SYSCFG_DL_DMA_init)
                  00007f6a    00000002     --HOLE-- [fill = 0]
                  00007f6c    0000000c     libclang_rt.builtins.a : aeabi_memset.S.obj (.text.__aeabi_memclr)
                  00007f78    0000000a     bsp_bluetooth.o (.text.BSP_Bluetooth_Init)
                  00007f82    0000000a     bsp_trigger.o (.text.BSP_Trigger_Init)
                  00007f8c    0000000a     driverlib.a : dl_common.o (.text.DL_Common_delayCycles)
                  00007f96    0000000a     hmi_display.o (.text.HMI_Init)
                  00007fa0    0000000a     libc.a : _printfi.c.obj (.text.OUTLINED_FUNCTION_0)
                  00007faa    00000002     --HOLE-- [fill = 0]
                  00007fac    00000010     libclang_rt.builtins.a : adddf3.S.obj (.tramp.__aeabi_dsub.1)
                  00007fbc    0000000a     libc.a : _printfi.c.obj (.text.OUTLINED_FUNCTION_1)
                  00007fc6    0000000a            : k_rem_pio2.c.obj (.text.OUTLINED_FUNCTION_1)
                  00007fd0    0000000a            : s_cosf.c.obj (.text.OUTLINED_FUNCTION_3)
                  00007fda    0000000a            : s_sinf.c.obj (.text.OUTLINED_FUNCTION_3)
                  00007fe4    0000000a            : sprintf.c.obj (.text._outc)
                  00007fee    0000000a            : atof.c.obj (.text.atof)
                  00007ff8    00000008            : strtod.c.obj (.text.OUTLINED_FUNCTION_0)
                  00008000    00000008            : strtod.c.obj (.text.OUTLINED_FUNCTION_1)
                  00008008    00000010     libclang_rt.builtins.a : aeabi_dcmp.S.obj (.tramp.__aeabi_dcmpeq.1)
                  00008018    00000008     libc.a : aeabi_portable.c.obj (.text.__aeabi_errno_addr)
                  00008020    00000008     libclang_rt.builtins.a : aeabi_memcpy.S.obj (.text.__aeabi_memcpy)
                  00008028    00000006     libc.a : s_cosf.c.obj (.text.OUTLINED_FUNCTION_0)
                  0000802e    00000002     --HOLE-- [fill = 0]
                  00008030    00000010     libclang_rt.builtins.a : muldf3.S.obj (.tramp.__aeabi_dmul.1)
                  00008040    00000006     libc.a : s_sinf.c.obj (.text.OUTLINED_FUNCTION_0)
                  00008046    00000006            : s_cosf.c.obj (.text.OUTLINED_FUNCTION_1)
                  0000804c    00000006            : s_sinf.c.obj (.text.OUTLINED_FUNCTION_1)
                  00008052    00000006            : exit.c.obj (.text:abort)
                  00008058    00000004     empty.o (.text.DAC0_IRQHandler)
                  0000805c    00000004     startup_mspm0g350x_ticlang.o (.text.Default_Handler)
                  00008060    00000004     libsysbm.a : hostexit.c.obj (.text.HOSTexit)
                  00008064    00000004     empty.o (.text.HardFault_Handler)
                  00008068    00000004     empty.o (.text.NMI_Handler)
                  0000806c    00000004     libc.a : s_cosf.c.obj (.text.OUTLINED_FUNCTION_2)
                  00008070    00000010     libclang_rt.builtins.a : extendsfdf2.S.obj (.tramp.__aeabi_f2d.1)
                  00008080    00000004     libc.a : s_sinf.c.obj (.text.OUTLINED_FUNCTION_2)
                  00008084    00000004     empty.o (.text.PendSV_Handler)
                  00008088    00000004     startup_mspm0g350x_ticlang.o (.text.Reset_Handler)
                  0000808c    00000010     libc.a : boot_cortex_m.c.obj (.tramp._c_int00_noargs.1)
                  0000809c    00000004     empty.o (.text.SPI0_IRQHandler)
                  000080a0    00000004     empty.o (.text.SPI1_IRQHandler)
                  000080a4    00000004     empty.o (.text.SVC_Handler)
                  000080a8    00000004     empty.o (.text.SysTick_Handler)
                  000080ac    00000004     empty.o (.text.TIMG8_IRQHandler)
                  000080b0    00000004     libc.a : pre_init.c.obj (.text._system_pre_init)
                  000080b4    0000000c     --HOLE-- [fill = 0]

.cinit     0    00008d20    00000080     
                  00008d20    00000056     (.cinit..data.load) [load image, compression = lzss]
                  00008d76    00000002     --HOLE-- [fill = 0]
                  00008d78    0000000c     (__TI_handler_table)
                  00008d84    00000008     (.cinit..bss.load) [load image, compression = zero_init]
                  00008d8c    00000010     (__TI_cinit_table)
                  00008d9c    00000004     --HOLE-- [fill = 0]

.rodata    0    000080c0    00000c60     
                  000080c0    000005f0     font.o (.rodata.asc2_1608)
                  000086b0    00000108     libc.a : k_rem_pio2.c.obj (.rodata.ipio2)
                  000087b8    00000008     ti_msp_dl_config.o (.rodata.gADC12_0ClockConfig)
                  000087c0    00000101     libc.a : aeabi_ctype.S.obj (.rodata:__aeabi_ctype_table_)
                  000088c1    00000007     bsp_bluetooth.o (.rodata.str1.10285166336459617303.1)
                  000088c8    00000080     libc.a : strtod.c.obj (.rodata.digits)
                  00008948    00000048            : strtod.c.obj (.rodata.powerof10)
                  00008990    00000040            : k_rem_pio2.c.obj (.rodata.PIo2)
                  000089d0    00000040     app_measure.o (.rodata.SAMPLE_RATE_LUT)
                  00008a10    00000040     bsp_adc_dma.o (.rodata.TIMEBASE_LUT)
                  00008a50    00000040     app_auto.o (.rodata.TIME_DIV_S)
                  00008a90    00000020     ti_msp_dl_config.o (.rodata.gDAC12Config)
                  00008ab0    00000020     hmi_display.o (.rodata.str1.14817222202433585512.1)
                  00008ad0    0000001d     hmi_display.o (.rodata.str1.1629037891089009846.1)
                  00008aed    00000003     ti_msp_dl_config.o (.rodata.gPWM_0ClockConfig)
                  00008af0    00000018     ti_msp_dl_config.o (.rodata.gDMA_CH0Config)
                  00008b08    00000018     ti_msp_dl_config.o (.rodata.gDMA_CH1Config)
                  00008b20    00000018     hmi_display.o (.rodata.str1.12295578663967247654.1)
                  00008b38    00000018     hmi_display.o (.rodata.str1.1588419786853297759.1)
                  00008b50    00000015     hmi_display.o (.rodata.str1.15532043645038445884.1)
                  00008b65    00000003     ti_msp_dl_config.o (.rodata.gPWM_1ClockConfig)
                  00008b68    00000014     ti_msp_dl_config.o (.rodata.gTIMER_0TimerConfig)
                  00008b7c    00000014     ti_msp_dl_config.o (.rodata.gTIMER_1TimerConfig)
                  00008b90    00000013     hmi_display.o (.rodata.str1.11911303731287388331.1)
                  00008ba3    00000011     libc.a : _printfi.c.obj (.rodata.str1.10348868589481759720.1)
                  00008bb4    00000011            : _printfi.c.obj (.rodata.str1.15363888844622738466.1)
                  00008bc5    00000003     ti_msp_dl_config.o (.rodata.gTIMER_0ClockConfig)
                  00008bc8    00000010     libc.a : k_rem_pio2.c.obj (.rodata.cst16)
                  00008bd8    0000000c     bsp_voltage_gear.o (.rodata.VOLT_GEAR_SPAN)
                  00008be4    0000000a     ti_msp_dl_config.o (.rodata.gUART_BTConfig)
                  00008bee    0000000a     hmi_display.o (.rodata.str1.11908218610308882712.1)
                  00008bf8    0000000a     bsp_voltage_gear.o (.rodata.str1.1848123690430003036.1)
                  00008c02    0000000a     bsp_voltage_gear.o (.rodata.str1.2363389344852262656.1)
                  00008c0c    0000000a     hmi_display.o (.rodata.str1.2679529126375464271.1)
                  00008c16    0000000a     bsp_voltage_gear.o (.rodata.str1.3744171069982893000.1)
                  00008c20    0000000a     hmi_display.o (.rodata.str1.7947391790726513014.1)
                  00008c2a    00000009     bsp_bluetooth.o (.rodata.str1.12489347418139535969.1)
                  00008c33    00000009     hmi_display.o (.rodata.str1.14088716279604493925.1)
                  00008c3c    00000009     hmi_display.o (.rodata.str1.14657092220327491474.1)
                  00008c45    00000009     hmi_display.o (.rodata.str1.15777555067089223380.1)
                  00008c4e    00000009     hmi_display.o (.rodata.str1.16181587072376996986.1)
                  00008c57    00000009     hmi_display.o (.rodata.str1.16427826463394350577.1)
                  00008c60    00000009     hmi_display.o (.rodata.str1.1781345863610986790.1)
                  00008c69    00000009     hmi_display.o (.rodata.str1.6730459199723257520.1)
                  00008c72    00000009     hmi_display.o (.rodata.str1.7564035779268690442.1)
                  00008c7b    00000009     hmi_display.o (.rodata.str1.9316592595705561614.1)
                  00008c84    00000008     ti_msp_dl_config.o (.rodata.gADC12_1ClockConfig)
                  00008c8c    00000008     ti_msp_dl_config.o (.rodata.gPWM_0Config)
                  00008c94    00000008     ti_msp_dl_config.o (.rodata.gPWM_1Config)
                  00008c9c    00000008     bsp_bluetooth.o (.rodata.str1.13011248688544723869.1)
                  00008ca4    00000008     hmi_display.o (.rodata.str1.18217028226960819695.1)
                  00008cac    00000008     hmi_display.o (.rodata.str1.3773356558707448169.1)
                  00008cb4    00000008     hmi_display.o (.rodata.str1.8180802019014662980.1)
                  00008cbc    00000007     hmi_display.o (.rodata.str1.10550142541337698832.1)
                  00008cc3    00000006     hmi_display.o (.rodata.str1.12534072143115732080.1)
                  00008cc9    00000006     hmi_display.o (.rodata.str1.15387929437337177612.1)
                  00008ccf    00000005     bsp_bluetooth.o (.rodata.str1.3281301757040929689.1)
                  00008cd4    00000005     bsp_bluetooth.o (.rodata.str1.4424832334267538102.1)
                  00008cd9    00000005     bsp_bluetooth.o (.rodata.str1.7199633997456515153.1)
                  00008cde    00000005     hmi_display.o (.rodata.str1.8091465765348869257.1)
                  00008ce3    00000005     hmi_display.o (.rodata.str1.9693129849758003628.1)
                  00008ce8    00000004     bsp_bluetooth.o (.rodata.str1.15222336217910672203.1)
                  00008cec    00000004     hmi_display.o (.rodata.str1.15604606829478383287.1)
                  00008cf0    00000004     hmi_display.o (.rodata.str1.2953394838622271150.1)
                  00008cf4    00000003     ti_msp_dl_config.o (.rodata.gTIMER_1ClockConfig)
                  00008cf7    00000003     hmi_display.o (.rodata.str1.10054608349534259937.1)
                  00008cfa    00000003     hmi_display.o (.rodata.str1.12763298604628073921.1)
                  00008cfd    00000003     hmi_display.o (.rodata.str1.16144786962358185863.1)
                  00008d00    00000003     hmi_display.o (.rodata.str1.18133656374672864269.1)
                  00008d03    00000003     hmi_display.o (.rodata.str1.4344832058831915202.1)
                  00008d06    00000002     ti_msp_dl_config.o (.rodata.gUART_BTClockConfig)
                  00008d08    00000002     bsp_bluetooth.o (.rodata.str1.1521989689130810836.1)
                  00008d0a    00000002     bsp_bluetooth.o (.rodata.str1.15360985709426930238.1)
                  00008d0c    00000002     bsp_bluetooth.o (.rodata.str1.15871583387473320847.1)
                  00008d0e    00000002     bsp_bluetooth.o (.rodata.str1.17890025551508002416.1)
                  00008d10    00000002     bsp_bluetooth.o (.rodata.str1.17948682868138403375.1)
                  00008d12    00000002     bsp_bluetooth.o (.rodata.str1.9926295320653772295.1)
                  00008d14    0000000c     --HOLE-- [fill = 0]

.init_array 
*          0    00000000    00000000     UNINITIALIZED

.binit     0    00000000    00000000     

.data      0    20200000    000016ac     UNINITIALIZED
                  20200000    00000320     hmi_display.o (.data.new_wave_ch1)
                  20200320    00000320     hmi_display.o (.data.new_wave_ch2)
                  20200640    00000320     hmi_display.o (.data.old_wave_ch1)
                  20200960    00000320     hmi_display.o (.data.old_wave_ch2)
                  20200c80    00000190     bsp_bluetooth.o (.data.save_wave_A)
                  20200e10    00000190     bsp_bluetooth.o (.data.save_wave_A_ch2)
                  20200fa0    00000190     bsp_bluetooth.o (.data.save_wave_B)
                  20201130    00000190     bsp_bluetooth.o (.data.save_wave_B_ch2)
                  202012c0    00000190     bsp_bluetooth.o (.data.save_wave_C)
                  20201450    00000190     bsp_bluetooth.o (.data.save_wave_C_ch2)
                  202015e0    00000040     hmi_display.o (.data.GEAR_STRING)
                  20201620    00000040     bsp_bluetooth.o (.data.bt_rx_buffer)
                  20201660    00000020     empty.o (.data.g_data)
                  20201680    0000000c     bsp_voltage_gear.o (.data.VOLT_GEAR_STRING)
                  2020168c    00000004     libc.a : aeabi_portable.c.obj (.data.__aeabi_errno)
                  20201690    00000004     bsp_trigger.o (.data.dac_val)
                  20201694    00000004     app_measure.o (.data.vpp_cal_factor)
                  20201698    00000004     app_measure.o (.data.vpp_cal_factor_ch2)
                  2020169c    00000001     empty.o (.data.APP_MapDataToScreen.currently_rendered_mode)
                  2020169d    00000001     bsp_bluetooth.o (.data.bt_rx_complete)
                  2020169e    00000001     bsp_bluetooth.o (.data.bt_rx_idx)
                  2020169f    00000001     bsp_adc_dma.o (.data.current_timebase_idx)
                  202016a0    00000001     bsp_adc_dma.o (.data.dma_transfer_done_flag)
                  202016a1    00000001     empty.o (.data.main.is_calibrating)
                  202016a2    00000001     empty.o (.data.main.last_cal_btn_state)
                  202016a3    00000001     empty.o (.data.main.last_dual_flag_state)
                  202016a4    00000001     hmi_display.o (.data.need_full_clear_flag)
                  202016a5    00000001     bsp_bluetooth.o (.data.save_mode_A)
                  202016a6    00000001     bsp_bluetooth.o (.data.save_mode_B)
                  202016a7    00000001     bsp_bluetooth.o (.data.save_mode_C)
                  202016a8    00000001     bsp_bluetooth.o (.data.system_auto_flag)
                  202016a9    00000001     bsp_bluetooth.o (.data.system_display_mode)
                  202016aa    00000001     bsp_bluetooth.o (.data.system_dual_channel_flag)
                  202016ab    00000001     bsp_bluetooth.o (.data.system_fft_source)

.bss       0    202016ac    00000588     UNINITIALIZED
                  202016ac    00000190     (.common:adc_buffer)
                  2020183c    00000190     (.common:adc_buffer_ch2)
                  202019cc    000000bc     (.common:gPWM_1Backup)
                  20201a88    000000bc     (.common:gTIMER_1Backup)
                  20201b44    000000a0     (.common:gTIMER_0Backup)
                  20201be4    00000030     (.common:gUART_BTBackup)
                  20201c14    00000018     (.common:g_fft)
                  20201c2c    00000004     (.common:target_volt)
                  20201c30    00000002     (.common:BACK_COLOR)
                  20201c32    00000002     (.common:POINT_COLOR)

.stack     0    20207e00    00000200     UNINITIALIZED
                  20207e00    00000004     libc.a : boot_cortex_m.c.obj (.stack)
                  20207e04    000001fc     --HOLE--

__llvm_prf_cnts 
*          0    20200000    00000000     UNINITIALIZED

__llvm_prf_bits 
*          0    20200000    00000000     UNINITIALIZED

MODULE SUMMARY

       Module                         code    ro data   rw data
       ------                         ----    -------   -------
    .\
       ti_msp_dl_config.o             3186    176       584    
       empty.o                        1434    0         36     
       startup_mspm0g350x_ticlang.o   8       192       0      
    +--+------------------------------+-------+---------+---------+
       Total:                         4628    368       620    
                                                               
    .\app_auto\
       app_auto.o                     372     64        0      
    +--+------------------------------+-------+---------+---------+
       Total:                         372     64        0      
                                                               
    .\app_fft\
       app_fft.o                      860     0         24     
    +--+------------------------------+-------+---------+---------+
       Total:                         860     0         24     
                                                               
    .\app_measure\
       app_measure.o                  3068    64        8      
    +--+------------------------------+-------+---------+---------+
       Total:                         3068    64        8      
                                                               
    .\bsp_adc_dma\
       bsp_adc_dma.o                  1442    64        802    
    +--+------------------------------+-------+---------+---------+
       Total:                         1442    64        802    
                                                               
    .\bsp_bluetooth\
       bsp_bluetooth.o                904     55        2477   
    +--+------------------------------+-------+---------+---------+
       Total:                         904     55        2477   
                                                               
    .\bsp_trigger\
       bsp_trigger.o                  264     0         4      
    +--+------------------------------+-------+---------+---------+
       Total:                         264     0         4      
                                                               
    .\bsp_voltage_gear\
       bsp_voltage_gear.o             434     42        12     
    +--+------------------------------+-------+---------+---------+
       Total:                         434     42        12     
                                                               
    .\handware\
       ili9341_driver.o               4178    0         4      
       font.o                         0       1520      0      
    +--+------------------------------+-------+---------+---------+
       Total:                         4178    1520      4      
                                                               
    .\hmi_display\
       hmi_display.o                  1918    336       3265   
    +--+------------------------------+-------+---------+---------+
       Total:                         1918    336       3265   
                                                               
    D:/mspm0_sdk_2_09_00_01/source/ti/driverlib/lib/ticlang/m0p/mspm0g1x0x_g3x0x/driverlib.a
       dl_timer.o                     608     0         0      
       dl_dac12.o                     136     0         0      
       dl_uart.o                      90      0         0      
       dl_dma.o                       76      0         0      
       dl_adc12.o                     64      0         0      
       dl_common.o                    10      0         0      
    +--+------------------------------+-------+---------+---------+
       Total:                         984     0         0      
                                                               
    D:\ccs\tools\compiler\ti-cgt-armllvm_4.0.4.LTS\lib\armv6m-ti-none-eabi/c/libc.a
       _printfi.c.obj                 4510    34        0      
       k_rem_pio2.c.obj               1652    344       0      
       strtod.c.obj                   968     200       0      
       s_cosf.c.obj                   822     0         0      
       s_sinf.c.obj                   810     0         0      
       s_floor.c.obj                  324     0         0      
       qsort.c.obj                    308     0         0      
       aeabi_ctype.S.obj              0       257       0      
       s_scalbn.c.obj                 216     0         0      
       e_sqrtf.c.obj                  160     0         0      
       strcmp-armv6m.S.obj            136     0         0      
       copy_decompress_lzss.c.obj     124     0         0      
       s_frexp.c.obj                  92      0         0      
       sprintf.c.obj                  90      0         0      
       _ltoa.c.obj                    88      0         0      
       atoi.c.obj                     64      0         0      
       autoinit.c.obj                 60      0         0      
       boot_cortex_m.c.obj            56      0         0      
       strstr.c.obj                   50      0         0      
       memccpy.c.obj                  34      0         0      
       copy_decompress_none.c.obj     18      0         0      
       memcpy16.S.obj                 18      0         0      
       copy_zero_init.c.obj           16      0         0      
       wcslen.c.obj                   16      0         0      
       memset16.S.obj                 14      0         0      
       aeabi_portable.c.obj           8       0         4      
       atof.c.obj                     10      0         0      
       exit.c.obj                     6       0         0      
       pre_init.c.obj                 4       0         0      
    +--+------------------------------+-------+---------+---------+
       Total:                         10674   835       4      
                                                               
    D:\ccs\tools\compiler\ti-cgt-armllvm_4.0.4.LTS\lib\armv6m-ti-none-eabi/c/libsysbm.a
       hostexit.c.obj                 4       0         0      
    +--+------------------------------+-------+---------+---------+
       Total:                         4       0         0      
                                                               
    D:\ccs\tools\compiler\ti-cgt-armllvm_4.0.4.LTS\lib\armv6m-ti-none-eabi/libclang_rt.builtins.a
       adddf3.S.obj                   434     0         0      
       divdf3.S.obj                   268     0         0      
       muldf3.S.obj                   244     0         0      
       comparedf2.c.obj               220     0         0      
       addsf3.S.obj                   216     0         0      
       udivmoddi4.S.obj               162     0         0      
       mulsf3.S.obj                   140     0         0      
       divsf3.S.obj                   130     0         0      
       comparesf2.S.obj               118     0         0      
       truncdfsf2.S.obj               116     0         0      
       aeabi_dcmp.S.obj               114     0         0      
       aeabi_fcmp.S.obj               98      0         0      
       aeabi_idivmod.S.obj            86      0         0      
       extendsfdf2.S.obj              80      0         0      
       fixdfsi.S.obj                  74      0         0      
       aeabi_uidivmod.S.obj           64      0         0      
       floatsisf.S.obj                60      0         0      
       muldsi3.S.obj                  58      0         0      
       fixsfsi.S.obj                  56      0         0      
       fixunssfsi.S.obj               50      0         0      
       floatsidf.S.obj                44      0         0      
       floatunsisf.S.obj              40      0         0      
       muldi3.S.obj                   36      0         0      
       ashldi3.S.obj                  30      0         0      
       aeabi_memset.S.obj             26      0         0      
       aeabi_uldivmod.S.obj           20      0         0      
       aeabi_memcpy.S.obj             8       0         0      
       aeabi_div0.c.obj               4       0         0      
    +--+------------------------------+-------+---------+---------+
       Total:                         2996    0         0      
                                                               
       Stack:                         0       0         512    
       Linker Generated:              0       122       0      
    +--+------------------------------+-------+---------+---------+
       Grand Total:                   32726   3470      7732   


LINKER GENERATED COPY TABLES

__TI_cinit_table @ 00008d8c records: 2, size/record: 8, table size: 16
	.data: load addr=00008d20, load size=00000056 bytes, run addr=20200000, run size=000016ac bytes, compression=lzss
	.bss: load addr=00008d84, load size=00000008 bytes, run addr=202016ac, run size=00000588 bytes, compression=zero_init


LINKER GENERATED HANDLER TABLE

__TI_handler_table @ 00008d78 records: 3, size/record: 4, table size: 12
	index: 0, handler: __TI_decompress_lzss
	index: 1, handler: __TI_decompress_none
	index: 2, handler: __TI_zero_init


FAR CALL TRAMPOLINES

callee name               trampoline name
   callee addr  tramp addr   call addr  call info
--------------  -----------  ---------  ----------------
__aeabi_dadd              $Tramp$TT$L$PI$$__aeabi_dadd
   00004233     00007d38     00007d36   libc.a : k_rem_pio2.c.obj (.text.OUTLINED_FUNCTION_0)
                             00007fce          : k_rem_pio2.c.obj (.text.OUTLINED_FUNCTION_1)
                             00007fd8          : s_cosf.c.obj (.text.OUTLINED_FUNCTION_3)
                             00007fe2          : s_sinf.c.obj (.text.OUTLINED_FUNCTION_3)
__aeabi_dsub              $Tramp$TT$L$PI$$__aeabi_dsub
   00004229     00007fac     00007fa8   libc.a : _printfi.c.obj (.text.OUTLINED_FUNCTION_0)
__aeabi_dcmpeq            $Tramp$TT$L$PI$$__aeabi_dcmpeq
   000068d1     00008008     00008006   libc.a : strtod.c.obj (.text.OUTLINED_FUNCTION_1)
__aeabi_dmul              $Tramp$TT$L$PI$$__aeabi_dmul
   00005445     00008030     0000802c   libc.a : s_cosf.c.obj (.text.OUTLINED_FUNCTION_0)
                             00008044          : s_sinf.c.obj (.text.OUTLINED_FUNCTION_0)
                             0000804a          : s_cosf.c.obj (.text.OUTLINED_FUNCTION_1)
                             00008050          : s_sinf.c.obj (.text.OUTLINED_FUNCTION_1)
__aeabi_f2d               $Tramp$TT$L$PI$$__aeabi_f2d
   00006fb5     00008070     0000806e   libc.a : s_cosf.c.obj (.text.OUTLINED_FUNCTION_2)
                             00008082          : s_sinf.c.obj (.text.OUTLINED_FUNCTION_2)
_c_int00_noargs           $Tramp$TT$L$PI$$_c_int00_noargs
   000075f1     0000808c     00008088   startup_mspm0g350x_ticlang.o (.text.Reset_Handler)

[6 trampolines]
[13 trampoline calls]


GLOBAL SYMBOLS: SORTED ALPHABETICALLY BY Name 

address   name                             
-------   ----                             
00006ead  ADC0_IRQHandler                  
0000805d  ADC1_IRQHandler                  
0000805d  AES_IRQHandler                   
00004545  APP_AUTO_Execute                 
00003985  APP_FFT_Calculate                
000035b5  APP_MapDataToScreen              
00002439  APP_Measure_Calculate            
00001921  APP_Measure_Calculate_CH2        
000010d5  APP_Measure_Calculate_Phase      
00006ef1  APP_Measure_DoCalibration        
20201c30  BACK_COLOR                       
00005c89  BSP_ADC_DMA_Init                 
00005261  BSP_ADC_DMA_Start                
00006c09  BSP_ADC_SetTimebase              
00007f79  BSP_Bluetooth_Init               
00002a91  BSP_Bluetooth_Process            
00007f83  BSP_Trigger_Init                 
000056d9  BSP_Trigger_SetVoltage           
000073d1  BSP_VoltGear_Init                
000059dd  BSP_VoltGear_Scan                
00005f01  BSP_VoltGear_SetTarget           
00008060  C$$EXIT                          
0000664d  CANFD0_IRQHandler                
00008059  DAC0_IRQHandler                  
00006f35  DL_ADC12_setClockConfig          
00007f8d  DL_Common_delayCycles            
000061d9  DL_DAC12_init                    
00006ca1  DL_DMA_initChannel               
00005061  DL_Timer_initFourCCPWMMode       
00005165  DL_Timer_initTimerMode           
0000797d  DL_Timer_setCaptCompUpdateMethod 
00007b9d  DL_Timer_setCaptureCompareOutCtl 
00007ef5  DL_Timer_setCaptureCompareValue  
00007999  DL_Timer_setClockConfig          
00006e1d  DL_UART_init                     
00007e9d  DL_UART_setClockConfig           
0000805d  DMA_IRQHandler                   
0000805d  Default_Handler                  
202015e0  GEAR_STRING                      
000043bb  GROUP0_IRQHandler                
00005355  GROUP1_IRQHandler                
00005f95  HMI_DrawGrid                     
00004aa5  HMI_FFT_display                  
00007f97  HMI_Init                         
000020a1  HMI_UpdateWaveform               
00003ef5  HMI_parameter_display            
00008061  HOSTexit                         
00008065  HardFault_Handler                
0000805d  I2C0_IRQHandler                  
0000805d  I2C1_IRQHandler                  
000057a5  ILI9341_Draw_Fast_VLine_With_Grid
000066c5  ILI9341_address_set              
000064e5  ILI9341_clear                    
00004091  ILI9341_draw_char                
00004d0d  ILI9341_draw_line                
00007429  ILI9341_draw_point               
0000636b  ILI9341_draw_string              
000063eb  ILI9341_fill                     
00002d05  ILI9341_init                     
00001545  ILI9341_wr_data                  
00003195  ILI9341_wr_data8                 
000033a5  ILI9341_wr_reg                   
00008069  NMI_Handler                      
20201c32  POINT_COLOR                      
00008085  PendSV_Handler                   
0000805d  RTC_IRQHandler                   
00008089  Reset_Handler                    
000089d0  SAMPLE_RATE_LUT                  
0000809d  SPI0_IRQHandler                  
000080a1  SPI1_IRQHandler                  
000080a5  SVC_Handler                      
000060bd  SYSCFG_DL_ADC12_0_init           
00006029  SYSCFG_DL_ADC12_1_init           
000076ed  SYSCFG_DL_DAC12_init             
00007579  SYSCFG_DL_DMA_CH0_init           
000075a1  SYSCFG_DL_DMA_CH1_init           
00007f5f  SYSCFG_DL_DMA_init               
000046b9  SYSCFG_DL_GPIO_init              
00006731  SYSCFG_DL_PWM_0_init             
00006799  SYSCFG_DL_PWM_1_init             
00007245  SYSCFG_DL_SYSCTL_init            
00007279  SYSCFG_DL_TIMER_0_init           
00006999  SYSCFG_DL_TIMER_1_init           
00006e65  SYSCFG_DL_UART_BT_init           
000069f9  SYSCFG_DL_init                   
00005865  SYSCFG_DL_initPower              
000080a9  SysTick_Handler                  
0000805d  TIMA0_IRQHandler                 
0000805d  TIMA1_IRQHandler                 
00008a10  TIMEBASE_LUT                     
0000805d  TIMG0_IRQHandler                 
0000805d  TIMG12_IRQHandler                
0000805d  TIMG6_IRQHandler                 
0000805d  TIMG7_IRQHandler                 
000080ad  TIMG8_IRQHandler                 
00007eaf  TI_memcpy_small                  
00007f51  TI_memset_small                  
0000805d  UART0_IRQHandler                 
0000805d  UART1_IRQHandler                 
0000805d  UART2_IRQHandler                 
00005925  UART3_IRQHandler                 
00008bd8  VOLT_GEAR_SPAN                   
20201680  VOLT_GEAR_STRING                 
20208000  __STACK_END                      
00000200  __STACK_SIZE                     
00000000  __TI_ATRegion0_region_sz         
00000000  __TI_ATRegion0_src_addr          
00000000  __TI_ATRegion0_trg_addr          
00000000  __TI_ATRegion1_region_sz         
00000000  __TI_ATRegion1_src_addr          
00000000  __TI_ATRegion1_trg_addr          
00000000  __TI_ATRegion2_region_sz         
00000000  __TI_ATRegion2_src_addr          
00000000  __TI_ATRegion2_trg_addr          
00008d8c  __TI_CINIT_Base                  
00008d9c  __TI_CINIT_Limit                 
00008d9c  __TI_CINIT_Warm                  
00008d78  __TI_Handler_Table_Base          
00008d84  __TI_Handler_Table_Limit         
000070e9  __TI_auto_init_nobinit_nopinit   
00006469  __TI_decompress_lzss             
00007ec1  __TI_decompress_none             
00006ab1  __TI_ltoa                        
ffffffff  __TI_pprof_out_hndl              
000000c1  __TI_printfi                     
ffffffff  __TI_prof_data_size              
ffffffff  __TI_prof_data_start             
00000000  __TI_static_base__               
00007f25  __TI_zero_init                   
00004233  __adddf3                         
0000560b  __addsf3                         
000087c0  __aeabi_ctype_table_             
000087c0  __aeabi_ctype_table_C            
00006651  __aeabi_d2f                      
00006dd1  __aeabi_d2iz                     
00004233  __aeabi_dadd                     
000068d1  __aeabi_dcmpeq                   
0000690d  __aeabi_dcmpge                   
00006921  __aeabi_dcmpgt                   
000068f9  __aeabi_dcmple                   
000068e5  __aeabi_dcmplt                   
00004f55  __aeabi_ddiv                     
00005445  __aeabi_dmul                     
00004229  __aeabi_dsub                     
2020168c  __aeabi_errno                    
00008019  __aeabi_errno_addr               
00006fb5  __aeabi_f2d                      
000071d5  __aeabi_f2iz                     
000072ad  __aeabi_f2uiz                    
0000560b  __aeabi_fadd                     
00006935  __aeabi_fcmpeq                   
00006971  __aeabi_fcmpge                   
00006985  __aeabi_fcmpgt                   
0000695d  __aeabi_fcmple                   
00006949  __aeabi_fcmplt                   
000062e9  __aeabi_fdiv                     
0000614d  __aeabi_fmul                     
00005601  __aeabi_fsub                     
000074ad  __aeabi_i2d                      
00007071  __aeabi_i2f                      
00006b61  __aeabi_idiv                     
00005c87  __aeabi_idiv0                    
00006b61  __aeabi_idivmod                  
0000655f  __aeabi_ldiv0                    
00007749  __aeabi_llsl                     
00007665  __aeabi_lmul                     
00007f6d  __aeabi_memclr                   
00007f6d  __aeabi_memclr4                  
00007f6d  __aeabi_memclr8                  
00008021  __aeabi_memcpy                   
00008021  __aeabi_memcpy4                  
00008021  __aeabi_memcpy8                  
00007f35  __aeabi_memset                   
00007f35  __aeabi_memset4                  
00007f35  __aeabi_memset8                  
000075c9  __aeabi_ui2f                     
00006f75  __aeabi_uidiv                    
00006f75  __aeabi_uidivmod                 
00007e3d  __aeabi_uldivmod                 
00007749  __ashldi3                        
ffffffff  __binit__                        
00006801  __cmpdf2                         
00007125  __cmpsf2                         
00004f55  __divdf3                         
000062e9  __divsf3                         
00006801  __eqdf2                          
00007125  __eqsf2                          
00006fb5  __extendsfdf2                    
00006dd1  __fixdfsi                        
000071d5  __fixsfsi                        
000072ad  __fixunssfsi                     
000074ad  __floatsidf                      
00007071  __floatsisf                      
000075c9  __floatunsisf                    
000065d9  __gedf2                          
000070ad  __gesf2                          
000065d9  __gtdf2                          
000070ad  __gtsf2                          
00000a91  __kernel_rem_pio2                
00006801  __ledf2                          
00007125  __lesf2                          
00006801  __ltdf2                          
00007125  __ltsf2                          
UNDEFED   __mpu_init                       
00005445  __muldf3                         
00007665  __muldi3                         
00007161  __muldsi3                        
0000614d  __mulsf3                         
00006801  __nedf2                          
00007125  __nesf2                          
20207e00  __stack                          
20200000  __start___llvm_prf_bits          
20200000  __start___llvm_prf_cnts          
20200000  __stop___llvm_prf_bits           
20200000  __stop___llvm_prf_cnts           
00004229  __subdf3                         
00005601  __subsf3                         
00006651  __truncdfsf2                     
00005be5  __udivmoddi4                     
000075f1  _c_int00_noargs                  
UNDEFED   _system_post_cinit               
000080b1  _system_pre_init                 
00008053  abort                            
202016ac  adc_buffer                       
2020183c  adc_buffer_ch2                   
000080c0  asc2_1608                        
00007fef  atof                             
00006ff5  atoi                             
ffffffff  binit                            
20201620  bt_rx_buffer                     
2020169d  bt_rx_complete                   
2020169e  bt_rx_idx                        
00007e51  cmp_uint16                       
00003b59  cosf                             
2020169f  current_timebase_idx             
20201690  dac_val                          
202016a0  dma_transfer_done_flag           
00004825  floor                            
00004825  floorl                           
00006a55  frexp                            
00006a55  frexpl                           
202019cc  gPWM_1Backup                     
20201b44  gTIMER_0Backup                   
20201a88  gTIMER_1Backup                   
20201be4  gUART_BTBackup                   
20201660  g_data                           
20201c14  g_fft                            
00000000  interruptVectors                 
00005529  ldexp                            
00005529  ldexpl                           
000027a5  main                             
00007689  memccpy                          
202016a4  need_full_clear_flag             
20200000  new_wave_ch1                     
20200320  new_wave_ch2                     
00004bd9  qsort                            
202016a5  save_mode_A                      
202016a6  save_mode_B                      
202016a7  save_mode_C                      
20200c80  save_wave_A                      
20200e10  save_wave_A_ch2                  
20200fa0  save_wave_B                      
20201130  save_wave_B_ch2                  
202012c0  save_wave_C                      
20201450  save_wave_C_ch2                  
00005529  scalbn                           
00005529  scalbnl                          
00003d2d  sinf                             
0000720d  sprintf                          
00005d29  sqrtf                            
00006261  strcmp                           
000072df  strstr                           
00001ce9  strtod                           
00001ce9  strtold                          
202016a8  system_auto_flag                 
202016a9  system_display_mode              
202016aa  system_dual_channel_flag         
202016ab  system_fft_source                
20201c2c  target_volt                      
20201694  vpp_cal_factor                   
20201698  vpp_cal_factor_ch2               
00007f15  wcslen                           


GLOBAL SYMBOLS: SORTED BY Symbol Address 

address   name                             
-------   ----                             
00000000  __TI_ATRegion0_region_sz         
00000000  __TI_ATRegion0_src_addr          
00000000  __TI_ATRegion0_trg_addr          
00000000  __TI_ATRegion1_region_sz         
00000000  __TI_ATRegion1_src_addr          
00000000  __TI_ATRegion1_trg_addr          
00000000  __TI_ATRegion2_region_sz         
00000000  __TI_ATRegion2_src_addr          
00000000  __TI_ATRegion2_trg_addr          
00000000  __TI_static_base__               
00000000  interruptVectors                 
000000c1  __TI_printfi                     
00000200  __STACK_SIZE                     
00000a91  __kernel_rem_pio2                
000010d5  APP_Measure_Calculate_Phase      
00001545  ILI9341_wr_data                  
00001921  APP_Measure_Calculate_CH2        
00001ce9  strtod                           
00001ce9  strtold                          
000020a1  HMI_UpdateWaveform               
00002439  APP_Measure_Calculate            
000027a5  main                             
00002a91  BSP_Bluetooth_Process            
00002d05  ILI9341_init                     
00003195  ILI9341_wr_data8                 
000033a5  ILI9341_wr_reg                   
000035b5  APP_MapDataToScreen              
00003985  APP_FFT_Calculate                
00003b59  cosf                             
00003d2d  sinf                             
00003ef5  HMI_parameter_display            
00004091  ILI9341_draw_char                
00004229  __aeabi_dsub                     
00004229  __subdf3                         
00004233  __adddf3                         
00004233  __aeabi_dadd                     
000043bb  GROUP0_IRQHandler                
00004545  APP_AUTO_Execute                 
000046b9  SYSCFG_DL_GPIO_init              
00004825  floor                            
00004825  floorl                           
00004aa5  HMI_FFT_display                  
00004bd9  qsort                            
00004d0d  ILI9341_draw_line                
00004f55  __aeabi_ddiv                     
00004f55  __divdf3                         
00005061  DL_Timer_initFourCCPWMMode       
00005165  DL_Timer_initTimerMode           
00005261  BSP_ADC_DMA_Start                
00005355  GROUP1_IRQHandler                
00005445  __aeabi_dmul                     
00005445  __muldf3                         
00005529  ldexp                            
00005529  ldexpl                           
00005529  scalbn                           
00005529  scalbnl                          
00005601  __aeabi_fsub                     
00005601  __subsf3                         
0000560b  __addsf3                         
0000560b  __aeabi_fadd                     
000056d9  BSP_Trigger_SetVoltage           
000057a5  ILI9341_Draw_Fast_VLine_With_Grid
00005865  SYSCFG_DL_initPower              
00005925  UART3_IRQHandler                 
000059dd  BSP_VoltGear_Scan                
00005be5  __udivmoddi4                     
00005c87  __aeabi_idiv0                    
00005c89  BSP_ADC_DMA_Init                 
00005d29  sqrtf                            
00005f01  BSP_VoltGear_SetTarget           
00005f95  HMI_DrawGrid                     
00006029  SYSCFG_DL_ADC12_1_init           
000060bd  SYSCFG_DL_ADC12_0_init           
0000614d  __aeabi_fmul                     
0000614d  __mulsf3                         
000061d9  DL_DAC12_init                    
00006261  strcmp                           
000062e9  __aeabi_fdiv                     
000062e9  __divsf3                         
0000636b  ILI9341_draw_string              
000063eb  ILI9341_fill                     
00006469  __TI_decompress_lzss             
000064e5  ILI9341_clear                    
0000655f  __aeabi_ldiv0                    
000065d9  __gedf2                          
000065d9  __gtdf2                          
0000664d  CANFD0_IRQHandler                
00006651  __aeabi_d2f                      
00006651  __truncdfsf2                     
000066c5  ILI9341_address_set              
00006731  SYSCFG_DL_PWM_0_init             
00006799  SYSCFG_DL_PWM_1_init             
00006801  __cmpdf2                         
00006801  __eqdf2                          
00006801  __ledf2                          
00006801  __ltdf2                          
00006801  __nedf2                          
000068d1  __aeabi_dcmpeq                   
000068e5  __aeabi_dcmplt                   
000068f9  __aeabi_dcmple                   
0000690d  __aeabi_dcmpge                   
00006921  __aeabi_dcmpgt                   
00006935  __aeabi_fcmpeq                   
00006949  __aeabi_fcmplt                   
0000695d  __aeabi_fcmple                   
00006971  __aeabi_fcmpge                   
00006985  __aeabi_fcmpgt                   
00006999  SYSCFG_DL_TIMER_1_init           
000069f9  SYSCFG_DL_init                   
00006a55  frexp                            
00006a55  frexpl                           
00006ab1  __TI_ltoa                        
00006b61  __aeabi_idiv                     
00006b61  __aeabi_idivmod                  
00006c09  BSP_ADC_SetTimebase              
00006ca1  DL_DMA_initChannel               
00006dd1  __aeabi_d2iz                     
00006dd1  __fixdfsi                        
00006e1d  DL_UART_init                     
00006e65  SYSCFG_DL_UART_BT_init           
00006ead  ADC0_IRQHandler                  
00006ef1  APP_Measure_DoCalibration        
00006f35  DL_ADC12_setClockConfig          
00006f75  __aeabi_uidiv                    
00006f75  __aeabi_uidivmod                 
00006fb5  __aeabi_f2d                      
00006fb5  __extendsfdf2                    
00006ff5  atoi                             
00007071  __aeabi_i2f                      
00007071  __floatsisf                      
000070ad  __gesf2                          
000070ad  __gtsf2                          
000070e9  __TI_auto_init_nobinit_nopinit   
00007125  __cmpsf2                         
00007125  __eqsf2                          
00007125  __lesf2                          
00007125  __ltsf2                          
00007125  __nesf2                          
00007161  __muldsi3                        
000071d5  __aeabi_f2iz                     
000071d5  __fixsfsi                        
0000720d  sprintf                          
00007245  SYSCFG_DL_SYSCTL_init            
00007279  SYSCFG_DL_TIMER_0_init           
000072ad  __aeabi_f2uiz                    
000072ad  __fixunssfsi                     
000072df  strstr                           
000073d1  BSP_VoltGear_Init                
00007429  ILI9341_draw_point               
000074ad  __aeabi_i2d                      
000074ad  __floatsidf                      
00007579  SYSCFG_DL_DMA_CH0_init           
000075a1  SYSCFG_DL_DMA_CH1_init           
000075c9  __aeabi_ui2f                     
000075c9  __floatunsisf                    
000075f1  _c_int00_noargs                  
00007665  __aeabi_lmul                     
00007665  __muldi3                         
00007689  memccpy                          
000076ed  SYSCFG_DL_DAC12_init             
00007749  __aeabi_llsl                     
00007749  __ashldi3                        
0000797d  DL_Timer_setCaptCompUpdateMethod 
00007999  DL_Timer_setClockConfig          
00007b9d  DL_Timer_setCaptureCompareOutCtl 
00007e3d  __aeabi_uldivmod                 
00007e51  cmp_uint16                       
00007e9d  DL_UART_setClockConfig           
00007eaf  TI_memcpy_small                  
00007ec1  __TI_decompress_none             
00007ef5  DL_Timer_setCaptureCompareValue  
00007f15  wcslen                           
00007f25  __TI_zero_init                   
00007f35  __aeabi_memset                   
00007f35  __aeabi_memset4                  
00007f35  __aeabi_memset8                  
00007f51  TI_memset_small                  
00007f5f  SYSCFG_DL_DMA_init               
00007f6d  __aeabi_memclr                   
00007f6d  __aeabi_memclr4                  
00007f6d  __aeabi_memclr8                  
00007f79  BSP_Bluetooth_Init               
00007f83  BSP_Trigger_Init                 
00007f8d  DL_Common_delayCycles            
00007f97  HMI_Init                         
00007fef  atof                             
00008019  __aeabi_errno_addr               
00008021  __aeabi_memcpy                   
00008021  __aeabi_memcpy4                  
00008021  __aeabi_memcpy8                  
00008053  abort                            
00008059  DAC0_IRQHandler                  
0000805d  ADC1_IRQHandler                  
0000805d  AES_IRQHandler                   
0000805d  DMA_IRQHandler                   
0000805d  Default_Handler                  
0000805d  I2C0_IRQHandler                  
0000805d  I2C1_IRQHandler                  
0000805d  RTC_IRQHandler                   
0000805d  TIMA0_IRQHandler                 
0000805d  TIMA1_IRQHandler                 
0000805d  TIMG0_IRQHandler                 
0000805d  TIMG12_IRQHandler                
0000805d  TIMG6_IRQHandler                 
0000805d  TIMG7_IRQHandler                 
0000805d  UART0_IRQHandler                 
0000805d  UART1_IRQHandler                 
0000805d  UART2_IRQHandler                 
00008060  C$$EXIT                          
00008061  HOSTexit                         
00008065  HardFault_Handler                
00008069  NMI_Handler                      
00008085  PendSV_Handler                   
00008089  Reset_Handler                    
0000809d  SPI0_IRQHandler                  
000080a1  SPI1_IRQHandler                  
000080a5  SVC_Handler                      
000080a9  SysTick_Handler                  
000080ad  TIMG8_IRQHandler                 
000080b1  _system_pre_init                 
000080c0  asc2_1608                        
000087c0  __aeabi_ctype_table_             
000087c0  __aeabi_ctype_table_C            
000089d0  SAMPLE_RATE_LUT                  
00008a10  TIMEBASE_LUT                     
00008bd8  VOLT_GEAR_SPAN                   
00008d78  __TI_Handler_Table_Base          
00008d84  __TI_Handler_Table_Limit         
00008d8c  __TI_CINIT_Base                  
00008d9c  __TI_CINIT_Limit                 
00008d9c  __TI_CINIT_Warm                  
20200000  __start___llvm_prf_bits          
20200000  __start___llvm_prf_cnts          
20200000  __stop___llvm_prf_bits           
20200000  __stop___llvm_prf_cnts           
20200000  new_wave_ch1                     
20200320  new_wave_ch2                     
20200c80  save_wave_A                      
20200e10  save_wave_A_ch2                  
20200fa0  save_wave_B                      
20201130  save_wave_B_ch2                  
202012c0  save_wave_C                      
20201450  save_wave_C_ch2                  
202015e0  GEAR_STRING                      
20201620  bt_rx_buffer                     
20201660  g_data                           
20201680  VOLT_GEAR_STRING                 
2020168c  __aeabi_errno                    
20201690  dac_val                          
20201694  vpp_cal_factor                   
20201698  vpp_cal_factor_ch2               
2020169d  bt_rx_complete                   
2020169e  bt_rx_idx                        
2020169f  current_timebase_idx             
202016a0  dma_transfer_done_flag           
202016a4  need_full_clear_flag             
202016a5  save_mode_A                      
202016a6  save_mode_B                      
202016a7  save_mode_C                      
202016a8  system_auto_flag                 
202016a9  system_display_mode              
202016aa  system_dual_channel_flag         
202016ab  system_fft_source                
202016ac  adc_buffer                       
2020183c  adc_buffer_ch2                   
202019cc  gPWM_1Backup                     
20201a88  gTIMER_1Backup                   
20201b44  gTIMER_0Backup                   
20201be4  gUART_BTBackup                   
20201c14  g_fft                            
20201c2c  target_volt                      
20201c30  BACK_COLOR                       
20201c32  POINT_COLOR                      
20207e00  __stack                          
20208000  __STACK_END                      
ffffffff  __TI_pprof_out_hndl              
ffffffff  __TI_prof_data_size              
ffffffff  __TI_prof_data_start             
ffffffff  __binit__                        
ffffffff  binit                            
UNDEFED   __mpu_init                       
UNDEFED   _system_post_cinit               

[282 symbols]
