<?xml version="1.0" encoding="ISO-8859-1" ?>
<link_info>
   <banner>TI ARM Clang Linker PC v4.0.4.LTS</banner>
   <copyright>Copyright (c) 1996-2018 Texas Instruments Incorporated</copyright>
   <command_line>D:\ccs\tools\compiler\ti-cgt-armllvm_4.0.4.LTS\bin\tiarmlnk -ID:\ccs\tools\compiler\ti-cgt-armllvm_4.0.4.LTS\lib -o oscillograph_LP_MSPM0G3507_nortos_ticlang.out -moscillograph_LP_MSPM0G3507_nortos_ticlang.map -iD:/mspm0_sdk_2_09_00_01/source -iC:/Users/ASUS/workspace_ccstheia/oscillograph_LP_MSPM0G3507_nortos_ticlang -iC:/Users/ASUS/workspace_ccstheia/oscillograph_LP_MSPM0G3507_nortos_ticlang/Debug/syscfg -iD:/ccs/tools/compiler/ti-cgt-armllvm_4.0.4.LTS/lib --diag_wrap=off --display_error_number --warn_sections --xml_link_info=oscillograph_LP_MSPM0G3507_nortos_ticlang_linkInfo.xml --rom_model ./empty.o ./ti_msp_dl_config.o ./startup_mspm0g350x_ticlang.o ./app_auto/app_auto.o ./app_fft/app_fft.o ./app_measure/app_measure.o ./bsp_adc_dma/bsp_adc_dma.o ./bsp_bluetooth/bsp_bluetooth.o ./bsp_trigger/bsp_trigger.o ./bsp_voltage_gear/bsp_voltage_gear.o ./handware/font.o ./handware/ili9341_driver.o ./hmi_display/hmi_display.o -l./device_linker.cmd -ldevice.cmd.genlibs -llibc.a --start-group -llibc++.a -llibc++abi.a -llibc.a -llibsys.a -llibsysbm.a -llibclang_rt.builtins.a -llibclang_rt.profile.a --end-group --cg_opt_level=0</command_line>
   <link_time>0x6a104483</link_time>
   <link_errors>0x0</link_errors>
   <output_file>C:\Users\ASUS\workspace_ccstheia\oscillograph_LP_MSPM0G3507_nortos_ticlang\Debug\oscillograph_LP_MSPM0G3507_nortos_ticlang.out</output_file>
   <entry_point>
      <name>_c_int00_noargs</name>
      <address>0x75f1</address>
   </entry_point>
   <input_file_list>
      <input_file id="fl-1">
         <path>C:\Users\ASUS\workspace_ccstheia\oscillograph_LP_MSPM0G3507_nortos_ticlang\Debug\.\</path>
         <kind>object</kind>
         <file>empty.o</file>
         <name>empty.o</name>
      </input_file>
      <input_file id="fl-2">
         <path>C:\Users\ASUS\workspace_ccstheia\oscillograph_LP_MSPM0G3507_nortos_ticlang\Debug\.\</path>
         <kind>object</kind>
         <file>ti_msp_dl_config.o</file>
         <name>ti_msp_dl_config.o</name>
      </input_file>
      <input_file id="fl-3">
         <path>C:\Users\ASUS\workspace_ccstheia\oscillograph_LP_MSPM0G3507_nortos_ticlang\Debug\.\</path>
         <kind>object</kind>
         <file>startup_mspm0g350x_ticlang.o</file>
         <name>startup_mspm0g350x_ticlang.o</name>
      </input_file>
      <input_file id="fl-4">
         <path>C:\Users\ASUS\workspace_ccstheia\oscillograph_LP_MSPM0G3507_nortos_ticlang\Debug\.\app_auto\</path>
         <kind>object</kind>
         <file>app_auto.o</file>
         <name>app_auto.o</name>
      </input_file>
      <input_file id="fl-5">
         <path>C:\Users\ASUS\workspace_ccstheia\oscillograph_LP_MSPM0G3507_nortos_ticlang\Debug\.\app_fft\</path>
         <kind>object</kind>
         <file>app_fft.o</file>
         <name>app_fft.o</name>
      </input_file>
      <input_file id="fl-6">
         <path>C:\Users\ASUS\workspace_ccstheia\oscillograph_LP_MSPM0G3507_nortos_ticlang\Debug\.\app_measure\</path>
         <kind>object</kind>
         <file>app_measure.o</file>
         <name>app_measure.o</name>
      </input_file>
      <input_file id="fl-7">
         <path>C:\Users\ASUS\workspace_ccstheia\oscillograph_LP_MSPM0G3507_nortos_ticlang\Debug\.\bsp_adc_dma\</path>
         <kind>object</kind>
         <file>bsp_adc_dma.o</file>
         <name>bsp_adc_dma.o</name>
      </input_file>
      <input_file id="fl-8">
         <path>C:\Users\ASUS\workspace_ccstheia\oscillograph_LP_MSPM0G3507_nortos_ticlang\Debug\.\bsp_bluetooth\</path>
         <kind>object</kind>
         <file>bsp_bluetooth.o</file>
         <name>bsp_bluetooth.o</name>
      </input_file>
      <input_file id="fl-9">
         <path>C:\Users\ASUS\workspace_ccstheia\oscillograph_LP_MSPM0G3507_nortos_ticlang\Debug\.\bsp_trigger\</path>
         <kind>object</kind>
         <file>bsp_trigger.o</file>
         <name>bsp_trigger.o</name>
      </input_file>
      <input_file id="fl-a">
         <path>C:\Users\ASUS\workspace_ccstheia\oscillograph_LP_MSPM0G3507_nortos_ticlang\Debug\.\bsp_voltage_gear\</path>
         <kind>object</kind>
         <file>bsp_voltage_gear.o</file>
         <name>bsp_voltage_gear.o</name>
      </input_file>
      <input_file id="fl-b">
         <path>C:\Users\ASUS\workspace_ccstheia\oscillograph_LP_MSPM0G3507_nortos_ticlang\Debug\.\handware\</path>
         <kind>object</kind>
         <file>font.o</file>
         <name>font.o</name>
      </input_file>
      <input_file id="fl-c">
         <path>C:\Users\ASUS\workspace_ccstheia\oscillograph_LP_MSPM0G3507_nortos_ticlang\Debug\.\handware\</path>
         <kind>object</kind>
         <file>ili9341_driver.o</file>
         <name>ili9341_driver.o</name>
      </input_file>
      <input_file id="fl-d">
         <path>C:\Users\ASUS\workspace_ccstheia\oscillograph_LP_MSPM0G3507_nortos_ticlang\Debug\.\hmi_display\</path>
         <kind>object</kind>
         <file>hmi_display.o</file>
         <name>hmi_display.o</name>
      </input_file>
      <input_file id="fl-1b">
         <path>C:\Users\ASUS\workspace_ccstheia\oscillograph_LP_MSPM0G3507_nortos_ticlang\Debug\</path>
         <kind>object</kind>
         <file>&lt;internal&gt;</file>
         <name>&lt;internal&gt;</name>
      </input_file>
      <input_file id="fl-1c">
         <path>D:\mspm0_sdk_2_09_00_01\source\ti\driverlib\lib\ticlang\m0p\mspm0g1x0x_g3x0x\</path>
         <kind>archive</kind>
         <file>driverlib.a</file>
         <name>dl_adc12.o</name>
      </input_file>
      <input_file id="fl-1d">
         <path>D:\mspm0_sdk_2_09_00_01\source\ti\driverlib\lib\ticlang\m0p\mspm0g1x0x_g3x0x\</path>
         <kind>archive</kind>
         <file>driverlib.a</file>
         <name>dl_common.o</name>
      </input_file>
      <input_file id="fl-1e">
         <path>D:\mspm0_sdk_2_09_00_01\source\ti\driverlib\lib\ticlang\m0p\mspm0g1x0x_g3x0x\</path>
         <kind>archive</kind>
         <file>driverlib.a</file>
         <name>dl_dac12.o</name>
      </input_file>
      <input_file id="fl-1f">
         <path>D:\mspm0_sdk_2_09_00_01\source\ti\driverlib\lib\ticlang\m0p\mspm0g1x0x_g3x0x\</path>
         <kind>archive</kind>
         <file>driverlib.a</file>
         <name>dl_dma.o</name>
      </input_file>
      <input_file id="fl-20">
         <path>D:\mspm0_sdk_2_09_00_01\source\ti\driverlib\lib\ticlang\m0p\mspm0g1x0x_g3x0x\</path>
         <kind>archive</kind>
         <file>driverlib.a</file>
         <name>dl_timer.o</name>
      </input_file>
      <input_file id="fl-21">
         <path>D:\mspm0_sdk_2_09_00_01\source\ti\driverlib\lib\ticlang\m0p\mspm0g1x0x_g3x0x\</path>
         <kind>archive</kind>
         <file>driverlib.a</file>
         <name>dl_uart.o</name>
      </input_file>
      <input_file id="fl-38">
         <path>D:\ccs\tools\compiler\ti-cgt-armllvm_4.0.4.LTS\lib\armv6m-ti-none-eabi\c\</path>
         <kind>archive</kind>
         <file>libc.a</file>
         <name>e_pow.c.obj</name>
      </input_file>
      <input_file id="fl-39">
         <path>D:\ccs\tools\compiler\ti-cgt-armllvm_4.0.4.LTS\lib\armv6m-ti-none-eabi\c\</path>
         <kind>archive</kind>
         <file>libc.a</file>
         <name>e_sqrt.c.obj</name>
      </input_file>
      <input_file id="fl-3a">
         <path>D:\ccs\tools\compiler\ti-cgt-armllvm_4.0.4.LTS\lib\armv6m-ti-none-eabi\c\</path>
         <kind>archive</kind>
         <file>libc.a</file>
         <name>s_scalbn.c.obj</name>
      </input_file>
      <input_file id="fl-3b">
         <path>D:\ccs\tools\compiler\ti-cgt-armllvm_4.0.4.LTS\lib\armv6m-ti-none-eabi\c\</path>
         <kind>archive</kind>
         <file>libc.a</file>
         <name>e_sqrtf.c.obj</name>
      </input_file>
      <input_file id="fl-3c">
         <path>D:\ccs\tools\compiler\ti-cgt-armllvm_4.0.4.LTS\lib\armv6m-ti-none-eabi\c\</path>
         <kind>archive</kind>
         <file>libc.a</file>
         <name>s_cosf.c.obj</name>
      </input_file>
      <input_file id="fl-3d">
         <path>D:\ccs\tools\compiler\ti-cgt-armllvm_4.0.4.LTS\lib\armv6m-ti-none-eabi\c\</path>
         <kind>archive</kind>
         <file>libc.a</file>
         <name>s_sinf.c.obj</name>
      </input_file>
      <input_file id="fl-3e">
         <path>D:\ccs\tools\compiler\ti-cgt-armllvm_4.0.4.LTS\lib\armv6m-ti-none-eabi\c\</path>
         <kind>archive</kind>
         <file>libc.a</file>
         <name>sprintf.c.obj</name>
      </input_file>
      <input_file id="fl-3f">
         <path>D:\ccs\tools\compiler\ti-cgt-armllvm_4.0.4.LTS\lib\armv6m-ti-none-eabi\c\</path>
         <kind>archive</kind>
         <file>libc.a</file>
         <name>strcmp-armv6m.S.obj</name>
      </input_file>
      <input_file id="fl-40">
         <path>D:\ccs\tools\compiler\ti-cgt-armllvm_4.0.4.LTS\lib\armv6m-ti-none-eabi\c\</path>
         <kind>archive</kind>
         <file>libc.a</file>
         <name>aeabi_portable.c.obj</name>
      </input_file>
      <input_file id="fl-41">
         <path>D:\ccs\tools\compiler\ti-cgt-armllvm_4.0.4.LTS\lib\armv6m-ti-none-eabi\c\</path>
         <kind>archive</kind>
         <file>libc.a</file>
         <name>k_rem_pio2.c.obj</name>
      </input_file>
      <input_file id="fl-42">
         <path>D:\ccs\tools\compiler\ti-cgt-armllvm_4.0.4.LTS\lib\armv6m-ti-none-eabi\c\</path>
         <kind>archive</kind>
         <file>libc.a</file>
         <name>assert.c.obj</name>
      </input_file>
      <input_file id="fl-43">
         <path>D:\ccs\tools\compiler\ti-cgt-armllvm_4.0.4.LTS\lib\armv6m-ti-none-eabi\c\</path>
         <kind>archive</kind>
         <file>libc.a</file>
         <name>atof.c.obj</name>
      </input_file>
      <input_file id="fl-44">
         <path>D:\ccs\tools\compiler\ti-cgt-armllvm_4.0.4.LTS\lib\armv6m-ti-none-eabi\c\</path>
         <kind>archive</kind>
         <file>libc.a</file>
         <name>defs.c.obj</name>
      </input_file>
      <input_file id="fl-45">
         <path>D:\ccs\tools\compiler\ti-cgt-armllvm_4.0.4.LTS\lib\armv6m-ti-none-eabi\c\</path>
         <kind>archive</kind>
         <file>libc.a</file>
         <name>memory.c.obj</name>
      </input_file>
      <input_file id="fl-46">
         <path>D:\ccs\tools\compiler\ti-cgt-armllvm_4.0.4.LTS\lib\armv6m-ti-none-eabi\c\</path>
         <kind>archive</kind>
         <file>libc.a</file>
         <name>qsort.c.obj</name>
      </input_file>
      <input_file id="fl-47">
         <path>D:\ccs\tools\compiler\ti-cgt-armllvm_4.0.4.LTS\lib\armv6m-ti-none-eabi\c\</path>
         <kind>archive</kind>
         <file>libc.a</file>
         <name>strstr.c.obj</name>
      </input_file>
      <input_file id="fl-48">
         <path>D:\ccs\tools\compiler\ti-cgt-armllvm_4.0.4.LTS\lib\armv6m-ti-none-eabi\c\</path>
         <kind>archive</kind>
         <file>libc.a</file>
         <name>strtod.c.obj</name>
      </input_file>
      <input_file id="fl-49">
         <path>D:\ccs\tools\compiler\ti-cgt-armllvm_4.0.4.LTS\lib\armv6m-ti-none-eabi\c\</path>
         <kind>archive</kind>
         <file>libc.a</file>
         <name>boot_cortex_m.c.obj</name>
      </input_file>
      <input_file id="fl-4a">
         <path>D:\ccs\tools\compiler\ti-cgt-armllvm_4.0.4.LTS\lib\armv6m-ti-none-eabi\c\</path>
         <kind>archive</kind>
         <file>libc.a</file>
         <name>mathacl_init.c.obj</name>
      </input_file>
      <input_file id="fl-4b">
         <path>D:\ccs\tools\compiler\ti-cgt-armllvm_4.0.4.LTS\lib\armv6m-ti-none-eabi\c\</path>
         <kind>archive</kind>
         <file>libc.a</file>
         <name>autoinit.c.obj</name>
      </input_file>
      <input_file id="fl-4c">
         <path>D:\ccs\tools\compiler\ti-cgt-armllvm_4.0.4.LTS\lib\armv6m-ti-none-eabi\c\</path>
         <kind>archive</kind>
         <file>libc.a</file>
         <name>pre_init.c.obj</name>
      </input_file>
      <input_file id="fl-4d">
         <path>D:\ccs\tools\compiler\ti-cgt-armllvm_4.0.4.LTS\lib\armv6m-ti-none-eabi\c\</path>
         <kind>archive</kind>
         <file>libc.a</file>
         <name>cpy_tbl.c.obj</name>
      </input_file>
      <input_file id="fl-4e">
         <path>D:\ccs\tools\compiler\ti-cgt-armllvm_4.0.4.LTS\lib\armv6m-ti-none-eabi\c\</path>
         <kind>archive</kind>
         <file>libc.a</file>
         <name>copy_zero_init.c.obj</name>
      </input_file>
      <input_file id="fl-4f">
         <path>D:\ccs\tools\compiler\ti-cgt-armllvm_4.0.4.LTS\lib\armv6m-ti-none-eabi\c\</path>
         <kind>archive</kind>
         <file>libc.a</file>
         <name>copy_decompress_none.c.obj</name>
      </input_file>
      <input_file id="fl-50">
         <path>D:\ccs\tools\compiler\ti-cgt-armllvm_4.0.4.LTS\lib\armv6m-ti-none-eabi\c\</path>
         <kind>archive</kind>
         <file>libc.a</file>
         <name>copy_decompress_lzss.c.obj</name>
      </input_file>
      <input_file id="fl-51">
         <path>D:\ccs\tools\compiler\ti-cgt-armllvm_4.0.4.LTS\lib\armv6m-ti-none-eabi\c\</path>
         <kind>archive</kind>
         <file>libc.a</file>
         <name>s_floor.c.obj</name>
      </input_file>
      <input_file id="fl-52">
         <path>D:\ccs\tools\compiler\ti-cgt-armllvm_4.0.4.LTS\lib\armv6m-ti-none-eabi\c\</path>
         <kind>archive</kind>
         <file>libc.a</file>
         <name>_printfi.c.obj</name>
      </input_file>
      <input_file id="fl-53">
         <path>D:\ccs\tools\compiler\ti-cgt-armllvm_4.0.4.LTS\lib\armv6m-ti-none-eabi\c\</path>
         <kind>archive</kind>
         <file>libc.a</file>
         <name>fflush.c.obj</name>
      </input_file>
      <input_file id="fl-54">
         <path>D:\ccs\tools\compiler\ti-cgt-armllvm_4.0.4.LTS\lib\armv6m-ti-none-eabi\c\</path>
         <kind>archive</kind>
         <file>libc.a</file>
         <name>fputs.c.obj</name>
      </input_file>
      <input_file id="fl-55">
         <path>D:\ccs\tools\compiler\ti-cgt-armllvm_4.0.4.LTS\lib\armv6m-ti-none-eabi\c\</path>
         <kind>archive</kind>
         <file>libc.a</file>
         <name>_io_perm.c.obj</name>
      </input_file>
      <input_file id="fl-56">
         <path>D:\ccs\tools\compiler\ti-cgt-armllvm_4.0.4.LTS\lib\armv6m-ti-none-eabi\c\</path>
         <kind>archive</kind>
         <file>libc.a</file>
         <name>setvbuf.c.obj</name>
      </input_file>
      <input_file id="fl-57">
         <path>D:\ccs\tools\compiler\ti-cgt-armllvm_4.0.4.LTS\lib\armv6m-ti-none-eabi\c\</path>
         <kind>archive</kind>
         <file>libc.a</file>
         <name>aeabi_ctype.S.obj</name>
      </input_file>
      <input_file id="fl-58">
         <path>D:\ccs\tools\compiler\ti-cgt-armllvm_4.0.4.LTS\lib\armv6m-ti-none-eabi\c\</path>
         <kind>archive</kind>
         <file>libc.a</file>
         <name>exit.c.obj</name>
      </input_file>
      <input_file id="fl-59">
         <path>D:\ccs\tools\compiler\ti-cgt-armllvm_4.0.4.LTS\lib\armv6m-ti-none-eabi\c\</path>
         <kind>archive</kind>
         <file>libc.a</file>
         <name>_lock.c.obj</name>
      </input_file>
      <input_file id="fl-5a">
         <path>D:\ccs\tools\compiler\ti-cgt-armllvm_4.0.4.LTS\lib\armv6m-ti-none-eabi\c\</path>
         <kind>archive</kind>
         <file>libc.a</file>
         <name>_ltoa.c.obj</name>
      </input_file>
      <input_file id="fl-5b">
         <path>D:\ccs\tools\compiler\ti-cgt-armllvm_4.0.4.LTS\lib\armv6m-ti-none-eabi\c\</path>
         <kind>archive</kind>
         <file>libc.a</file>
         <name>args_main.c.obj</name>
      </input_file>
      <input_file id="fl-5c">
         <path>D:\ccs\tools\compiler\ti-cgt-armllvm_4.0.4.LTS\lib\armv6m-ti-none-eabi\c\</path>
         <kind>archive</kind>
         <file>libc.a</file>
         <name>atoi.c.obj</name>
      </input_file>
      <input_file id="fl-5d">
         <path>D:\ccs\tools\compiler\ti-cgt-armllvm_4.0.4.LTS\lib\armv6m-ti-none-eabi\c\</path>
         <kind>archive</kind>
         <file>libc.a</file>
         <name>memccpy.c.obj</name>
      </input_file>
      <input_file id="fl-5e">
         <path>D:\ccs\tools\compiler\ti-cgt-armllvm_4.0.4.LTS\lib\armv6m-ti-none-eabi\c\</path>
         <kind>archive</kind>
         <file>libc.a</file>
         <name>s_frexp.c.obj</name>
      </input_file>
      <input_file id="fl-5f">
         <path>D:\ccs\tools\compiler\ti-cgt-armllvm_4.0.4.LTS\lib\armv6m-ti-none-eabi\c\</path>
         <kind>archive</kind>
         <file>libc.a</file>
         <name>wcslen.c.obj</name>
      </input_file>
      <input_file id="fl-60">
         <path>D:\ccs\tools\compiler\ti-cgt-armllvm_4.0.4.LTS\lib\armv6m-ti-none-eabi\c\</path>
         <kind>archive</kind>
         <file>libc.a</file>
         <name>fopen.c.obj</name>
      </input_file>
      <input_file id="fl-61">
         <path>D:\ccs\tools\compiler\ti-cgt-armllvm_4.0.4.LTS\lib\armv6m-ti-none-eabi\c\</path>
         <kind>archive</kind>
         <file>libc.a</file>
         <name>fseek.c.obj</name>
      </input_file>
      <input_file id="fl-62">
         <path>D:\ccs\tools\compiler\ti-cgt-armllvm_4.0.4.LTS\lib\armv6m-ti-none-eabi\c\</path>
         <kind>archive</kind>
         <file>libc.a</file>
         <name>fclose.c.obj</name>
      </input_file>
      <input_file id="fl-102">
         <path>D:\ccs\tools\compiler\ti-cgt-armllvm_4.0.4.LTS\lib\armv6m-ti-none-eabi\c\</path>
         <kind>archive</kind>
         <file>libsysbm.a</file>
         <name>hostexit.c.obj</name>
      </input_file>
      <input_file id="fl-103">
         <path>D:\ccs\tools\compiler\ti-cgt-armllvm_4.0.4.LTS\lib\armv6m-ti-none-eabi\c\</path>
         <kind>archive</kind>
         <file>libsysbm.a</file>
         <name>write.c.obj</name>
      </input_file>
      <input_file id="fl-104">
         <path>D:\ccs\tools\compiler\ti-cgt-armllvm_4.0.4.LTS\lib\armv6m-ti-none-eabi\c\</path>
         <kind>archive</kind>
         <file>libsysbm.a</file>
         <name>host_device.c.obj</name>
      </input_file>
      <input_file id="fl-105">
         <path>D:\ccs\tools\compiler\ti-cgt-armllvm_4.0.4.LTS\lib\armv6m-ti-none-eabi\c\</path>
         <kind>archive</kind>
         <file>libsysbm.a</file>
         <name>remove.c.obj</name>
      </input_file>
      <input_file id="fl-106">
         <path>D:\ccs\tools\compiler\ti-cgt-armllvm_4.0.4.LTS\lib\armv6m-ti-none-eabi\c\</path>
         <kind>archive</kind>
         <file>libsysbm.a</file>
         <name>open.c.obj</name>
      </input_file>
      <input_file id="fl-107">
         <path>D:\ccs\tools\compiler\ti-cgt-armllvm_4.0.4.LTS\lib\armv6m-ti-none-eabi\c\</path>
         <kind>archive</kind>
         <file>libsysbm.a</file>
         <name>lseek.c.obj</name>
      </input_file>
      <input_file id="fl-108">
         <path>D:\ccs\tools\compiler\ti-cgt-armllvm_4.0.4.LTS\lib\armv6m-ti-none-eabi\c\</path>
         <kind>archive</kind>
         <file>libsysbm.a</file>
         <name>close.c.obj</name>
      </input_file>
      <input_file id="fl-109">
         <path>D:\ccs\tools\compiler\ti-cgt-armllvm_4.0.4.LTS\lib\armv6m-ti-none-eabi\c\</path>
         <kind>archive</kind>
         <file>libsysbm.a</file>
         <name>unlink.c.obj</name>
      </input_file>
      <input_file id="fl-10a">
         <path>D:\ccs\tools\compiler\ti-cgt-armllvm_4.0.4.LTS\lib\armv6m-ti-none-eabi\c\</path>
         <kind>archive</kind>
         <file>libsysbm.a</file>
         <name>hostclose.c.obj</name>
      </input_file>
      <input_file id="fl-10b">
         <path>D:\ccs\tools\compiler\ti-cgt-armllvm_4.0.4.LTS\lib\armv6m-ti-none-eabi\c\</path>
         <kind>archive</kind>
         <file>libsysbm.a</file>
         <name>hostlseek.c.obj</name>
      </input_file>
      <input_file id="fl-10c">
         <path>D:\ccs\tools\compiler\ti-cgt-armllvm_4.0.4.LTS\lib\armv6m-ti-none-eabi\c\</path>
         <kind>archive</kind>
         <file>libsysbm.a</file>
         <name>hostopen.c.obj</name>
      </input_file>
      <input_file id="fl-10d">
         <path>D:\ccs\tools\compiler\ti-cgt-armllvm_4.0.4.LTS\lib\armv6m-ti-none-eabi\c\</path>
         <kind>archive</kind>
         <file>libsysbm.a</file>
         <name>hostread.c.obj</name>
      </input_file>
      <input_file id="fl-10e">
         <path>D:\ccs\tools\compiler\ti-cgt-armllvm_4.0.4.LTS\lib\armv6m-ti-none-eabi\c\</path>
         <kind>archive</kind>
         <file>libsysbm.a</file>
         <name>hostrename.c.obj</name>
      </input_file>
      <input_file id="fl-10f">
         <path>D:\ccs\tools\compiler\ti-cgt-armllvm_4.0.4.LTS\lib\armv6m-ti-none-eabi\c\</path>
         <kind>archive</kind>
         <file>libsysbm.a</file>
         <name>hostunlink.c.obj</name>
      </input_file>
      <input_file id="fl-110">
         <path>D:\ccs\tools\compiler\ti-cgt-armllvm_4.0.4.LTS\lib\armv6m-ti-none-eabi\c\</path>
         <kind>archive</kind>
         <file>libsysbm.a</file>
         <name>hostwrite.c.obj</name>
      </input_file>
      <input_file id="fl-111">
         <path>D:\ccs\tools\compiler\ti-cgt-armllvm_4.0.4.LTS\lib\armv6m-ti-none-eabi\c\</path>
         <kind>archive</kind>
         <file>libsysbm.a</file>
         <name>trgmsg.c.obj</name>
      </input_file>
      <input_file id="fl-112">
         <path>D:\ccs\tools\compiler\ti-cgt-armllvm_4.0.4.LTS\lib\armv6m-ti-none-eabi\</path>
         <kind>archive</kind>
         <file>libclang_rt.builtins.a</file>
         <name>addsf3.S.obj</name>
      </input_file>
      <input_file id="fl-113">
         <path>D:\ccs\tools\compiler\ti-cgt-armllvm_4.0.4.LTS\lib\armv6m-ti-none-eabi\</path>
         <kind>archive</kind>
         <file>libclang_rt.builtins.a</file>
         <name>adddf3.S.obj</name>
      </input_file>
      <input_file id="fl-114">
         <path>D:\ccs\tools\compiler\ti-cgt-armllvm_4.0.4.LTS\lib\armv6m-ti-none-eabi\</path>
         <kind>archive</kind>
         <file>libclang_rt.builtins.a</file>
         <name>muldf3.S.obj</name>
      </input_file>
      <input_file id="fl-115">
         <path>D:\ccs\tools\compiler\ti-cgt-armllvm_4.0.4.LTS\lib\armv6m-ti-none-eabi\</path>
         <kind>archive</kind>
         <file>libclang_rt.builtins.a</file>
         <name>muldsi3.S.obj</name>
      </input_file>
      <input_file id="fl-116">
         <path>D:\ccs\tools\compiler\ti-cgt-armllvm_4.0.4.LTS\lib\armv6m-ti-none-eabi\</path>
         <kind>archive</kind>
         <file>libclang_rt.builtins.a</file>
         <name>mulsf3.S.obj</name>
      </input_file>
      <input_file id="fl-117">
         <path>D:\ccs\tools\compiler\ti-cgt-armllvm_4.0.4.LTS\lib\armv6m-ti-none-eabi\</path>
         <kind>archive</kind>
         <file>libclang_rt.builtins.a</file>
         <name>divsf3.S.obj</name>
      </input_file>
      <input_file id="fl-118">
         <path>D:\ccs\tools\compiler\ti-cgt-armllvm_4.0.4.LTS\lib\armv6m-ti-none-eabi\</path>
         <kind>archive</kind>
         <file>libclang_rt.builtins.a</file>
         <name>divdf3.S.obj</name>
      </input_file>
      <input_file id="fl-119">
         <path>D:\ccs\tools\compiler\ti-cgt-armllvm_4.0.4.LTS\lib\armv6m-ti-none-eabi\</path>
         <kind>archive</kind>
         <file>libclang_rt.builtins.a</file>
         <name>extendsfdf2.S.obj</name>
      </input_file>
      <input_file id="fl-11a">
         <path>D:\ccs\tools\compiler\ti-cgt-armllvm_4.0.4.LTS\lib\armv6m-ti-none-eabi\</path>
         <kind>archive</kind>
         <file>libclang_rt.builtins.a</file>
         <name>fixdfsi.S.obj</name>
      </input_file>
      <input_file id="fl-11b">
         <path>D:\ccs\tools\compiler\ti-cgt-armllvm_4.0.4.LTS\lib\armv6m-ti-none-eabi\</path>
         <kind>archive</kind>
         <file>libclang_rt.builtins.a</file>
         <name>fixsfsi.S.obj</name>
      </input_file>
      <input_file id="fl-11c">
         <path>D:\ccs\tools\compiler\ti-cgt-armllvm_4.0.4.LTS\lib\armv6m-ti-none-eabi\</path>
         <kind>archive</kind>
         <file>libclang_rt.builtins.a</file>
         <name>fixunsdfsi.S.obj</name>
      </input_file>
      <input_file id="fl-11d">
         <path>D:\ccs\tools\compiler\ti-cgt-armllvm_4.0.4.LTS\lib\armv6m-ti-none-eabi\</path>
         <kind>archive</kind>
         <file>libclang_rt.builtins.a</file>
         <name>fixunssfsi.S.obj</name>
      </input_file>
      <input_file id="fl-11e">
         <path>D:\ccs\tools\compiler\ti-cgt-armllvm_4.0.4.LTS\lib\armv6m-ti-none-eabi\</path>
         <kind>archive</kind>
         <file>libclang_rt.builtins.a</file>
         <name>floatsidf.S.obj</name>
      </input_file>
      <input_file id="fl-11f">
         <path>D:\ccs\tools\compiler\ti-cgt-armllvm_4.0.4.LTS\lib\armv6m-ti-none-eabi\</path>
         <kind>archive</kind>
         <file>libclang_rt.builtins.a</file>
         <name>floatsisf.S.obj</name>
      </input_file>
      <input_file id="fl-120">
         <path>D:\ccs\tools\compiler\ti-cgt-armllvm_4.0.4.LTS\lib\armv6m-ti-none-eabi\</path>
         <kind>archive</kind>
         <file>libclang_rt.builtins.a</file>
         <name>floatunsidf.S.obj</name>
      </input_file>
      <input_file id="fl-121">
         <path>D:\ccs\tools\compiler\ti-cgt-armllvm_4.0.4.LTS\lib\armv6m-ti-none-eabi\</path>
         <kind>archive</kind>
         <file>libclang_rt.builtins.a</file>
         <name>floatunsisf.S.obj</name>
      </input_file>
      <input_file id="fl-122">
         <path>D:\ccs\tools\compiler\ti-cgt-armllvm_4.0.4.LTS\lib\armv6m-ti-none-eabi\</path>
         <kind>archive</kind>
         <file>libclang_rt.builtins.a</file>
         <name>muldi3.S.obj</name>
      </input_file>
      <input_file id="fl-123">
         <path>D:\ccs\tools\compiler\ti-cgt-armllvm_4.0.4.LTS\lib\armv6m-ti-none-eabi\</path>
         <kind>archive</kind>
         <file>libclang_rt.builtins.a</file>
         <name>truncdfsf2.S.obj</name>
      </input_file>
      <input_file id="fl-124">
         <path>D:\ccs\tools\compiler\ti-cgt-armllvm_4.0.4.LTS\lib\armv6m-ti-none-eabi\</path>
         <kind>archive</kind>
         <file>libclang_rt.builtins.a</file>
         <name>aeabi_dcmp.S.obj</name>
      </input_file>
      <input_file id="fl-125">
         <path>D:\ccs\tools\compiler\ti-cgt-armllvm_4.0.4.LTS\lib\armv6m-ti-none-eabi\</path>
         <kind>archive</kind>
         <file>libclang_rt.builtins.a</file>
         <name>aeabi_fcmp.S.obj</name>
      </input_file>
      <input_file id="fl-126">
         <path>D:\ccs\tools\compiler\ti-cgt-armllvm_4.0.4.LTS\lib\armv6m-ti-none-eabi\</path>
         <kind>archive</kind>
         <file>libclang_rt.builtins.a</file>
         <name>aeabi_idivmod.S.obj</name>
      </input_file>
      <input_file id="fl-127">
         <path>D:\ccs\tools\compiler\ti-cgt-armllvm_4.0.4.LTS\lib\armv6m-ti-none-eabi\</path>
         <kind>archive</kind>
         <file>libclang_rt.builtins.a</file>
         <name>aeabi_memcpy.S.obj</name>
      </input_file>
      <input_file id="fl-128">
         <path>D:\ccs\tools\compiler\ti-cgt-armllvm_4.0.4.LTS\lib\armv6m-ti-none-eabi\</path>
         <kind>archive</kind>
         <file>libclang_rt.builtins.a</file>
         <name>aeabi_memset.S.obj</name>
      </input_file>
      <input_file id="fl-129">
         <path>D:\ccs\tools\compiler\ti-cgt-armllvm_4.0.4.LTS\lib\armv6m-ti-none-eabi\</path>
         <kind>archive</kind>
         <file>libclang_rt.builtins.a</file>
         <name>aeabi_uidivmod.S.obj</name>
      </input_file>
      <input_file id="fl-12a">
         <path>D:\ccs\tools\compiler\ti-cgt-armllvm_4.0.4.LTS\lib\armv6m-ti-none-eabi\</path>
         <kind>archive</kind>
         <file>libclang_rt.builtins.a</file>
         <name>aeabi_uldivmod.S.obj</name>
      </input_file>
      <input_file id="fl-12b">
         <path>D:\ccs\tools\compiler\ti-cgt-armllvm_4.0.4.LTS\lib\armv6m-ti-none-eabi\</path>
         <kind>archive</kind>
         <file>libclang_rt.builtins.a</file>
         <name>comparesf2.S.obj</name>
      </input_file>
      <input_file id="fl-12c">
         <path>D:\ccs\tools\compiler\ti-cgt-armllvm_4.0.4.LTS\lib\armv6m-ti-none-eabi\</path>
         <kind>archive</kind>
         <file>libclang_rt.builtins.a</file>
         <name>udivmoddi4.S.obj</name>
      </input_file>
      <input_file id="fl-12d">
         <path>D:\ccs\tools\compiler\ti-cgt-armllvm_4.0.4.LTS\lib\armv6m-ti-none-eabi\</path>
         <kind>archive</kind>
         <file>libclang_rt.builtins.a</file>
         <name>ashldi3.S.obj</name>
      </input_file>
      <input_file id="fl-12e">
         <path>D:\ccs\tools\compiler\ti-cgt-armllvm_4.0.4.LTS\lib\armv6m-ti-none-eabi\</path>
         <kind>archive</kind>
         <file>libclang_rt.builtins.a</file>
         <name>comparedf2.c.obj</name>
      </input_file>
      <input_file id="fl-12f">
         <path>D:\ccs\tools\compiler\ti-cgt-armllvm_4.0.4.LTS\lib\armv6m-ti-none-eabi\</path>
         <kind>archive</kind>
         <file>libclang_rt.builtins.a</file>
         <name>aeabi_div0.c.obj</name>
      </input_file>
      <input_file id="fl-130">
         <path>D:\ccs\tools\compiler\ti-cgt-armllvm_4.0.4.LTS\lib\armv6m-ti-none-eabi\c\</path>
         <kind>archive</kind>
         <file>libc.a</file>
         <name>getdevice.c.obj</name>
      </input_file>
      <input_file id="fl-131">
         <path>D:\ccs\tools\compiler\ti-cgt-armllvm_4.0.4.LTS\lib\armv6m-ti-none-eabi\c\</path>
         <kind>archive</kind>
         <file>libc.a</file>
         <name>memcpy16.S.obj</name>
      </input_file>
      <input_file id="fl-132">
         <path>D:\ccs\tools\compiler\ti-cgt-armllvm_4.0.4.LTS\lib\armv6m-ti-none-eabi\c\</path>
         <kind>archive</kind>
         <file>libc.a</file>
         <name>memset16.S.obj</name>
      </input_file>
   </input_file_list>
   <object_component_list>
      <object_component id="oc-18">
         <name>.intvecs</name>
         <load_address>0x0</load_address>
         <readonly>true</readonly>
         <run_address>0x0</run_address>
         <size>0xc0</size>
         <alignment>0x4</alignment>
         <input_file_ref idref="fl-3"/>
      </object_component>
      <object_component id="oc-2c7">
         <name>.text:__TI_printfi</name>
         <load_address>0xc0</load_address>
         <readonly>true</readonly>
         <executable>true</executable>
         <run_address>0xc0</run_address>
         <size>0x9d0</size>
         <alignment>0x4</alignment>
         <input_file_ref idref="fl-52"/>
      </object_component>
      <object_component id="oc-2f2">
         <name>.text.__kernel_rem_pio2</name>
         <load_address>0xa90</load_address>
         <readonly>true</readonly>
         <executable>true</executable>
         <run_address>0xa90</run_address>
         <size>0x644</size>
         <alignment>0x4</alignment>
         <input_file_ref idref="fl-41"/>
      </object_component>
      <object_component id="oc-dd">
         <name>.text.APP_Measure_Calculate_Phase</name>
         <load_address>0x10d4</load_address>
         <readonly>true</readonly>
         <executable>true</executable>
         <run_address>0x10d4</run_address>
         <size>0x470</size>
         <alignment>0x4</alignment>
         <input_file_ref idref="fl-6"/>
      </object_component>
      <object_component id="oc-27e">
         <name>.text.ILI9341_wr_data</name>
         <load_address>0x1544</load_address>
         <readonly>true</readonly>
         <executable>true</executable>
         <run_address>0x1544</run_address>
         <size>0x3dc</size>
         <alignment>0x4</alignment>
         <input_file_ref idref="fl-c"/>
      </object_component>
      <object_component id="oc-dc">
         <name>.text.APP_Measure_Calculate_CH2</name>
         <load_address>0x1920</load_address>
         <readonly>true</readonly>
         <executable>true</executable>
         <run_address>0x1920</run_address>
         <size>0x3c8</size>
         <alignment>0x4</alignment>
         <input_file_ref idref="fl-6"/>
      </object_component>
      <object_component id="oc-265">
         <name>.text.strtod</name>
         <load_address>0x1ce8</load_address>
         <readonly>true</readonly>
         <executable>true</executable>
         <run_address>0x1ce8</run_address>
         <size>0x3b8</size>
         <alignment>0x4</alignment>
         <input_file_ref idref="fl-48"/>
      </object_component>
      <object_component id="oc-da">
         <name>.text.HMI_UpdateWaveform</name>
         <load_address>0x20a0</load_address>
         <readonly>true</readonly>
         <executable>true</executable>
         <run_address>0x20a0</run_address>
         <size>0x398</size>
         <alignment>0x4</alignment>
         <input_file_ref idref="fl-d"/>
      </object_component>
      <object_component id="oc-db">
         <name>.text.APP_Measure_Calculate</name>
         <load_address>0x2438</load_address>
         <readonly>true</readonly>
         <executable>true</executable>
         <run_address>0x2438</run_address>
         <size>0x36c</size>
         <alignment>0x4</alignment>
         <input_file_ref idref="fl-6"/>
      </object_component>
      <object_component id="oc-99">
         <name>.text.main</name>
         <load_address>0x27a4</load_address>
         <readonly>true</readonly>
         <executable>true</executable>
         <run_address>0x27a4</run_address>
         <size>0x2ec</size>
         <alignment>0x4</alignment>
         <input_file_ref idref="fl-1"/>
      </object_component>
      <object_component id="oc-cb">
         <name>.text.BSP_Bluetooth_Process</name>
         <load_address>0x2a90</load_address>
         <readonly>true</readonly>
         <executable>true</executable>
         <run_address>0x2a90</run_address>
         <size>0x274</size>
         <alignment>0x4</alignment>
         <input_file_ref idref="fl-8"/>
      </object_component>
      <object_component id="oc-123">
         <name>.text.ILI9341_init</name>
         <load_address>0x2d04</load_address>
         <readonly>true</readonly>
         <executable>true</executable>
         <run_address>0x2d04</run_address>
         <size>0x270</size>
         <alignment>0x4</alignment>
         <input_file_ref idref="fl-c"/>
      </object_component>
      <object_component id="oc-322">
         <name>.text._pconv_a</name>
         <load_address>0x2f74</load_address>
         <readonly>true</readonly>
         <executable>true</executable>
         <run_address>0x2f74</run_address>
         <size>0x220</size>
         <alignment>0x4</alignment>
         <input_file_ref idref="fl-52"/>
      </object_component>
      <object_component id="oc-239">
         <name>.text.ILI9341_wr_data8</name>
         <load_address>0x3194</load_address>
         <readonly>true</readonly>
         <executable>true</executable>
         <run_address>0x3194</run_address>
         <size>0x210</size>
         <alignment>0x4</alignment>
         <input_file_ref idref="fl-c"/>
      </object_component>
      <object_component id="oc-238">
         <name>.text.ILI9341_wr_reg</name>
         <load_address>0x33a4</load_address>
         <readonly>true</readonly>
         <executable>true</executable>
         <run_address>0x33a4</run_address>
         <size>0x210</size>
         <alignment>0x4</alignment>
         <input_file_ref idref="fl-c"/>
      </object_component>
      <object_component id="oc-d9">
         <name>.text.APP_MapDataToScreen</name>
         <load_address>0x35b4</load_address>
         <readonly>true</readonly>
         <executable>true</executable>
         <run_address>0x35b4</run_address>
         <size>0x1f4</size>
         <alignment>0x4</alignment>
         <input_file_ref idref="fl-1"/>
      </object_component>
      <object_component id="oc-323">
         <name>.text._pconv_g</name>
         <load_address>0x37a8</load_address>
         <readonly>true</readonly>
         <executable>true</executable>
         <run_address>0x37a8</run_address>
         <size>0x1dc</size>
         <alignment>0x4</alignment>
         <input_file_ref idref="fl-52"/>
      </object_component>
      <object_component id="oc-de">
         <name>.text.APP_FFT_Calculate</name>
         <load_address>0x3984</load_address>
         <readonly>true</readonly>
         <executable>true</executable>
         <run_address>0x3984</run_address>
         <size>0x1d4</size>
         <alignment>0x4</alignment>
         <input_file_ref idref="fl-5"/>
      </object_component>
      <object_component id="oc-28c">
         <name>.text.cosf</name>
         <load_address>0x3b58</load_address>
         <readonly>true</readonly>
         <executable>true</executable>
         <run_address>0x3b58</run_address>
         <size>0x1d4</size>
         <alignment>0x4</alignment>
         <input_file_ref idref="fl-3c"/>
      </object_component>
      <object_component id="oc-292">
         <name>.text.sinf</name>
         <load_address>0x3d2c</load_address>
         <readonly>true</readonly>
         <executable>true</executable>
         <run_address>0x3d2c</run_address>
         <size>0x1c8</size>
         <alignment>0x4</alignment>
         <input_file_ref idref="fl-3d"/>
      </object_component>
      <object_component id="oc-c6">
         <name>.text.HMI_parameter_display</name>
         <load_address>0x3ef4</load_address>
         <readonly>true</readonly>
         <executable>true</executable>
         <run_address>0x3ef4</run_address>
         <size>0x19c</size>
         <alignment>0x4</alignment>
         <input_file_ref idref="fl-d"/>
      </object_component>
      <object_component id="oc-24c">
         <name>.text.ILI9341_draw_char</name>
         <load_address>0x4090</load_address>
         <readonly>true</readonly>
         <executable>true</executable>
         <run_address>0x4090</run_address>
         <size>0x198</size>
         <alignment>0x4</alignment>
         <input_file_ref idref="fl-c"/>
      </object_component>
      <object_component id="oc-2d1">
         <name>.text.adddf3_subdf3</name>
         <load_address>0x4228</load_address>
         <readonly>true</readonly>
         <executable>true</executable>
         <run_address>0x4228</run_address>
         <size>0x192</size>
         <alignment>0x4</alignment>
         <input_file_ref idref="fl-113"/>
      </object_component>
      <object_component id="oc-3c">
         <name>.text.GROUP0_IRQHandler</name>
         <load_address>0x43ba</load_address>
         <readonly>true</readonly>
         <executable>true</executable>
         <run_address>0x43ba</run_address>
         <size>0x2</size>
         <alignment>0x2</alignment>
         <input_file_ref idref="fl-7"/>
      </object_component>
      <object_component id="oc-1b5">
         <name>.text.get_single_freq_mag</name>
         <load_address>0x43bc</load_address>
         <readonly>true</readonly>
         <executable>true</executable>
         <run_address>0x43bc</run_address>
         <size>0x188</size>
         <alignment>0x4</alignment>
         <input_file_ref idref="fl-5"/>
      </object_component>
      <object_component id="oc-d5">
         <name>.text.APP_AUTO_Execute</name>
         <load_address>0x4544</load_address>
         <readonly>true</readonly>
         <executable>true</executable>
         <run_address>0x4544</run_address>
         <size>0x174</size>
         <alignment>0x4</alignment>
         <input_file_ref idref="fl-4"/>
      </object_component>
      <object_component id="oc-112">
         <name>.text.SYSCFG_DL_GPIO_init</name>
         <load_address>0x46b8</load_address>
         <readonly>true</readonly>
         <executable>true</executable>
         <run_address>0x46b8</run_address>
         <size>0x16c</size>
         <alignment>0x4</alignment>
         <input_file_ref idref="fl-2"/>
      </object_component>
      <object_component id="oc-33f">
         <name>.text.floor</name>
         <load_address>0x4824</load_address>
         <readonly>true</readonly>
         <executable>true</executable>
         <run_address>0x4824</run_address>
         <size>0x144</size>
         <alignment>0x4</alignment>
         <input_file_ref idref="fl-51"/>
      </object_component>
      <object_component id="oc-368">
         <name>.text.fcvt</name>
         <load_address>0x4968</load_address>
         <readonly>true</readonly>
         <executable>true</executable>
         <run_address>0x4968</run_address>
         <size>0x13c</size>
         <alignment>0x4</alignment>
         <input_file_ref idref="fl-52"/>
      </object_component>
      <object_component id="oc-e3">
         <name>.text.HMI_FFT_display</name>
         <load_address>0x4aa4</load_address>
         <readonly>true</readonly>
         <executable>true</executable>
         <run_address>0x4aa4</run_address>
         <size>0x134</size>
         <alignment>0x4</alignment>
         <input_file_ref idref="fl-d"/>
      </object_component>
      <object_component id="oc-19e">
         <name>.text.qsort</name>
         <load_address>0x4bd8</load_address>
         <readonly>true</readonly>
         <executable>true</executable>
         <run_address>0x4bd8</run_address>
         <size>0x134</size>
         <alignment>0x2</alignment>
         <input_file_ref idref="fl-46"/>
      </object_component>
      <object_component id="oc-12a">
         <name>.text.ILI9341_draw_line</name>
         <load_address>0x4d0c</load_address>
         <readonly>true</readonly>
         <executable>true</executable>
         <run_address>0x4d0c</run_address>
         <size>0x128</size>
         <alignment>0x2</alignment>
         <input_file_ref idref="fl-c"/>
      </object_component>
      <object_component id="oc-325">
         <name>.text._pconv_e</name>
         <load_address>0x4e34</load_address>
         <readonly>true</readonly>
         <executable>true</executable>
         <run_address>0x4e34</run_address>
         <size>0x120</size>
         <alignment>0x4</alignment>
         <input_file_ref idref="fl-52"/>
      </object_component>
      <object_component id="oc-2dd">
         <name>.text.__divdf3</name>
         <load_address>0x4f54</load_address>
         <readonly>true</readonly>
         <executable>true</executable>
         <run_address>0x4f54</run_address>
         <size>0x10c</size>
         <alignment>0x4</alignment>
         <input_file_ref idref="fl-118"/>
      </object_component>
      <object_component id="oc-1f8">
         <name>.text.DL_Timer_initFourCCPWMMode</name>
         <load_address>0x5060</load_address>
         <readonly>true</readonly>
         <executable>true</executable>
         <run_address>0x5060</run_address>
         <size>0x104</size>
         <alignment>0x4</alignment>
         <input_file_ref idref="fl-20"/>
      </object_component>
      <object_component id="oc-203">
         <name>.text.DL_Timer_initTimerMode</name>
         <load_address>0x5164</load_address>
         <readonly>true</readonly>
         <executable>true</executable>
         <run_address>0x5164</run_address>
         <size>0xfc</size>
         <alignment>0x4</alignment>
         <input_file_ref idref="fl-20"/>
      </object_component>
      <object_component id="oc-ca">
         <name>.text.BSP_ADC_DMA_Start</name>
         <load_address>0x5260</load_address>
         <readonly>true</readonly>
         <executable>true</executable>
         <run_address>0x5260</run_address>
         <size>0xf4</size>
         <alignment>0x4</alignment>
         <input_file_ref idref="fl-7"/>
      </object_component>
      <object_component id="oc-41">
         <name>.text.GROUP1_IRQHandler</name>
         <load_address>0x5354</load_address>
         <readonly>true</readonly>
         <executable>true</executable>
         <run_address>0x5354</run_address>
         <size>0xf0</size>
         <alignment>0x4</alignment>
         <input_file_ref idref="fl-7"/>
      </object_component>
      <object_component id="oc-2cd">
         <name>.text.__muldf3</name>
         <load_address>0x5444</load_address>
         <readonly>true</readonly>
         <executable>true</executable>
         <run_address>0x5444</run_address>
         <size>0xe4</size>
         <alignment>0x4</alignment>
         <input_file_ref idref="fl-114"/>
      </object_component>
      <object_component id="oc-2d9">
         <name>.text.scalbn</name>
         <load_address>0x5528</load_address>
         <readonly>true</readonly>
         <executable>true</executable>
         <run_address>0x5528</run_address>
         <size>0xd8</size>
         <alignment>0x4</alignment>
         <input_file_ref idref="fl-3a"/>
      </object_component>
      <object_component id="oc-1aa">
         <name>.text</name>
         <load_address>0x5600</load_address>
         <readonly>true</readonly>
         <executable>true</executable>
         <run_address>0x5600</run_address>
         <size>0xd8</size>
         <alignment>0x4</alignment>
         <input_file_ref idref="fl-112"/>
      </object_component>
      <object_component id="oc-12b">
         <name>.text.BSP_Trigger_SetVoltage</name>
         <load_address>0x56d8</load_address>
         <readonly>true</readonly>
         <executable>true</executable>
         <run_address>0x56d8</run_address>
         <size>0xcc</size>
         <alignment>0x4</alignment>
         <input_file_ref idref="fl-9"/>
      </object_component>
      <object_component id="oc-197">
         <name>.text.ILI9341_Draw_Fast_VLine_With_Grid</name>
         <load_address>0x57a4</load_address>
         <readonly>true</readonly>
         <executable>true</executable>
         <run_address>0x57a4</run_address>
         <size>0xc0</size>
         <alignment>0x4</alignment>
         <input_file_ref idref="fl-c"/>
      </object_component>
      <object_component id="oc-111">
         <name>.text.SYSCFG_DL_initPower</name>
         <load_address>0x5864</load_address>
         <readonly>true</readonly>
         <executable>true</executable>
         <run_address>0x5864</run_address>
         <size>0xc0</size>
         <alignment>0x4</alignment>
         <input_file_ref idref="fl-2"/>
      </object_component>
      <object_component id="oc-43">
         <name>.text.UART3_IRQHandler</name>
         <load_address>0x5924</load_address>
         <readonly>true</readonly>
         <executable>true</executable>
         <run_address>0x5924</run_address>
         <size>0xb8</size>
         <alignment>0x4</alignment>
         <input_file_ref idref="fl-8"/>
      </object_component>
      <object_component id="oc-cc">
         <name>.text.BSP_VoltGear_Scan</name>
         <load_address>0x59dc</load_address>
         <readonly>true</readonly>
         <executable>true</executable>
         <run_address>0x59dc</run_address>
         <size>0xb0</size>
         <alignment>0x4</alignment>
         <input_file_ref idref="fl-a"/>
      </object_component>
      <object_component id="oc-2f8">
         <name>.text.__kernel_sindf</name>
         <load_address>0x5a8c</load_address>
         <readonly>true</readonly>
         <executable>true</executable>
         <run_address>0x5a8c</run_address>
         <size>0xac</size>
         <alignment>0x4</alignment>
         <input_file_ref idref="fl-3c"/>
      </object_component>
      <object_component id="oc-2fe">
         <name>.text.__kernel_sindf</name>
         <load_address>0x5b38</load_address>
         <readonly>true</readonly>
         <executable>true</executable>
         <run_address>0x5b38</run_address>
         <size>0xac</size>
         <alignment>0x4</alignment>
         <input_file_ref idref="fl-3d"/>
      </object_component>
      <object_component id="oc-356">
         <name>.text</name>
         <load_address>0x5be4</load_address>
         <readonly>true</readonly>
         <executable>true</executable>
         <run_address>0x5be4</run_address>
         <size>0xa2</size>
         <alignment>0x4</alignment>
         <input_file_ref idref="fl-12c"/>
      </object_component>
      <object_component id="oc-27f">
         <name>.text.__aeabi_idiv0</name>
         <load_address>0x5c86</load_address>
         <readonly>true</readonly>
         <executable>true</executable>
         <run_address>0x5c86</run_address>
         <size>0x2</size>
         <alignment>0x2</alignment>
         <input_file_ref idref="fl-12f"/>
      </object_component>
      <object_component id="oc-c7">
         <name>.text.BSP_ADC_DMA_Init</name>
         <load_address>0x5c88</load_address>
         <readonly>true</readonly>
         <executable>true</executable>
         <run_address>0x5c88</run_address>
         <size>0xa0</size>
         <alignment>0x4</alignment>
         <input_file_ref idref="fl-7"/>
      </object_component>
      <object_component id="oc-1b6">
         <name>.text.sqrtf</name>
         <load_address>0x5d28</load_address>
         <readonly>true</readonly>
         <executable>true</executable>
         <run_address>0x5d28</run_address>
         <size>0xa0</size>
         <alignment>0x4</alignment>
         <input_file_ref idref="fl-3b"/>
      </object_component>
      <object_component id="oc-2ec">
         <name>.text.__kernel_cosdf</name>
         <load_address>0x5dc8</load_address>
         <readonly>true</readonly>
         <executable>true</executable>
         <run_address>0x5dc8</run_address>
         <size>0x9c</size>
         <alignment>0x4</alignment>
         <input_file_ref idref="fl-3c"/>
      </object_component>
      <object_component id="oc-2fd">
         <name>.text.__kernel_cosdf</name>
         <load_address>0x5e64</load_address>
         <readonly>true</readonly>
         <executable>true</executable>
         <run_address>0x5e64</run_address>
         <size>0x9c</size>
         <alignment>0x4</alignment>
         <input_file_ref idref="fl-3d"/>
      </object_component>
      <object_component id="oc-17f">
         <name>.text.BSP_VoltGear_SetTarget</name>
         <load_address>0x5f00</load_address>
         <readonly>true</readonly>
         <executable>true</executable>
         <run_address>0x5f00</run_address>
         <size>0x94</size>
         <alignment>0x4</alignment>
         <input_file_ref idref="fl-a"/>
      </object_component>
      <object_component id="oc-bb">
         <name>.text.HMI_DrawGrid</name>
         <load_address>0x5f94</load_address>
         <readonly>true</readonly>
         <executable>true</executable>
         <run_address>0x5f94</run_address>
         <size>0x94</size>
         <alignment>0x4</alignment>
         <input_file_ref idref="fl-d"/>
      </object_component>
      <object_component id="oc-11a">
         <name>.text.SYSCFG_DL_ADC12_1_init</name>
         <load_address>0x6028</load_address>
         <readonly>true</readonly>
         <executable>true</executable>
         <run_address>0x6028</run_address>
         <size>0x94</size>
         <alignment>0x4</alignment>
         <input_file_ref idref="fl-2"/>
      </object_component>
      <object_component id="oc-119">
         <name>.text.SYSCFG_DL_ADC12_0_init</name>
         <load_address>0x60bc</load_address>
         <readonly>true</readonly>
         <executable>true</executable>
         <run_address>0x60bc</run_address>
         <size>0x90</size>
         <alignment>0x4</alignment>
         <input_file_ref idref="fl-2"/>
      </object_component>
      <object_component id="oc-18b">
         <name>.text.__mulsf3</name>
         <load_address>0x614c</load_address>
         <readonly>true</readonly>
         <executable>true</executable>
         <run_address>0x614c</run_address>
         <size>0x8c</size>
         <alignment>0x4</alignment>
         <input_file_ref idref="fl-116"/>
      </object_component>
      <object_component id="oc-22d">
         <name>.text.DL_DAC12_init</name>
         <load_address>0x61d8</load_address>
         <readonly>true</readonly>
         <executable>true</executable>
         <run_address>0x61d8</run_address>
         <size>0x88</size>
         <alignment>0x4</alignment>
         <input_file_ref idref="fl-1e"/>
      </object_component>
      <object_component id="oc-157">
         <name>.text:strcmp</name>
         <load_address>0x6260</load_address>
         <readonly>true</readonly>
         <executable>true</executable>
         <run_address>0x6260</run_address>
         <size>0x88</size>
         <alignment>0x10</alignment>
         <input_file_ref idref="fl-3f"/>
      </object_component>
      <object_component id="oc-13c">
         <name>.text.__divsf3</name>
         <load_address>0x62e8</load_address>
         <readonly>true</readonly>
         <executable>true</executable>
         <run_address>0x62e8</run_address>
         <size>0x82</size>
         <alignment>0x4</alignment>
         <input_file_ref idref="fl-117"/>
      </object_component>
      <object_component id="oc-13b">
         <name>.text.ILI9341_draw_string</name>
         <load_address>0x636a</load_address>
         <readonly>true</readonly>
         <executable>true</executable>
         <run_address>0x636a</run_address>
         <size>0x80</size>
         <alignment>0x2</alignment>
         <input_file_ref idref="fl-c"/>
      </object_component>
      <object_component id="oc-196">
         <name>.text.ILI9341_fill</name>
         <load_address>0x63ea</load_address>
         <readonly>true</readonly>
         <executable>true</executable>
         <run_address>0x63ea</run_address>
         <size>0x7e</size>
         <alignment>0x2</alignment>
         <input_file_ref idref="fl-c"/>
      </object_component>
      <object_component id="oc-1c">
         <name>.text:decompress:lzss</name>
         <load_address>0x6468</load_address>
         <readonly>true</readonly>
         <executable>true</executable>
         <run_address>0x6468</run_address>
         <size>0x7c</size>
         <alignment>0x4</alignment>
         <input_file_ref idref="fl-50"/>
      </object_component>
      <object_component id="oc-23a">
         <name>.text.ILI9341_clear</name>
         <load_address>0x64e4</load_address>
         <readonly>true</readonly>
         <executable>true</executable>
         <run_address>0x64e4</run_address>
         <size>0x7a</size>
         <alignment>0x2</alignment>
         <input_file_ref idref="fl-c"/>
      </object_component>
      <object_component id="oc-370">
         <name>.text.__aeabi_ldiv0</name>
         <load_address>0x655e</load_address>
         <readonly>true</readonly>
         <executable>true</executable>
         <run_address>0x655e</run_address>
         <size>0x2</size>
         <alignment>0x2</alignment>
         <input_file_ref idref="fl-12f"/>
      </object_component>
      <object_component id="oc-1bc">
         <name>.text.format_fft_percent</name>
         <load_address>0x6560</load_address>
         <readonly>true</readonly>
         <executable>true</executable>
         <run_address>0x6560</run_address>
         <size>0x78</size>
         <alignment>0x4</alignment>
         <input_file_ref idref="fl-d"/>
      </object_component>
      <object_component id="oc-331">
         <name>.text.__gedf2</name>
         <load_address>0x65d8</load_address>
         <readonly>true</readonly>
         <executable>true</executable>
         <run_address>0x65d8</run_address>
         <size>0x74</size>
         <alignment>0x4</alignment>
         <input_file_ref idref="fl-12e"/>
      </object_component>
      <object_component id="oc-4a">
         <name>.text.CANFD0_IRQHandler</name>
         <load_address>0x664c</load_address>
         <readonly>true</readonly>
         <executable>true</executable>
         <run_address>0x664c</run_address>
         <size>0x4</size>
         <alignment>0x2</alignment>
         <input_file_ref idref="fl-1"/>
      </object_component>
      <object_component id="oc-163">
         <name>.text.__truncdfsf2</name>
         <load_address>0x6650</load_address>
         <readonly>true</readonly>
         <executable>true</executable>
         <run_address>0x6650</run_address>
         <size>0x74</size>
         <alignment>0x10</alignment>
         <input_file_ref idref="fl-123"/>
      </object_component>
      <object_component id="oc-27d">
         <name>.text.ILI9341_address_set</name>
         <load_address>0x66c4</load_address>
         <readonly>true</readonly>
         <executable>true</executable>
         <run_address>0x66c4</run_address>
         <size>0x6a</size>
         <alignment>0x2</alignment>
         <input_file_ref idref="fl-c"/>
      </object_component>
      <object_component id="oc-114">
         <name>.text.SYSCFG_DL_PWM_0_init</name>
         <load_address>0x6730</load_address>
         <readonly>true</readonly>
         <executable>true</executable>
         <run_address>0x6730</run_address>
         <size>0x68</size>
         <alignment>0x4</alignment>
         <input_file_ref idref="fl-2"/>
      </object_component>
      <object_component id="oc-115">
         <name>.text.SYSCFG_DL_PWM_1_init</name>
         <load_address>0x6798</load_address>
         <readonly>true</readonly>
         <executable>true</executable>
         <run_address>0x6798</run_address>
         <size>0x68</size>
         <alignment>0x4</alignment>
         <input_file_ref idref="fl-2"/>
      </object_component>
      <object_component id="oc-32b">
         <name>.text.__ledf2</name>
         <load_address>0x6800</load_address>
         <readonly>true</readonly>
         <executable>true</executable>
         <run_address>0x6800</run_address>
         <size>0x68</size>
         <alignment>0x4</alignment>
         <input_file_ref idref="fl-12e"/>
      </object_component>
      <object_component id="oc-367">
         <name>.text._mcpy</name>
         <load_address>0x6868</load_address>
         <readonly>true</readonly>
         <executable>true</executable>
         <run_address>0x6868</run_address>
         <size>0x66</size>
         <alignment>0x2</alignment>
         <input_file_ref idref="fl-52"/>
      </object_component>
      <object_component id="oc-2d5">
         <name>.text.__aeabi_dcmp</name>
         <load_address>0x68d0</load_address>
         <readonly>true</readonly>
         <executable>true</executable>
         <run_address>0x68d0</run_address>
         <size>0x62</size>
         <alignment>0x4</alignment>
         <input_file_ref idref="fl-124"/>
      </object_component>
      <object_component id="oc-180">
         <name>.text.__aeabi_fcmp</name>
         <load_address>0x6934</load_address>
         <readonly>true</readonly>
         <executable>true</executable>
         <run_address>0x6934</run_address>
         <size>0x62</size>
         <alignment>0x4</alignment>
         <input_file_ref idref="fl-125"/>
      </object_component>
      <object_component id="oc-117">
         <name>.text.SYSCFG_DL_TIMER_1_init</name>
         <load_address>0x6998</load_address>
         <readonly>true</readonly>
         <executable>true</executable>
         <run_address>0x6998</run_address>
         <size>0x60</size>
         <alignment>0x4</alignment>
         <input_file_ref idref="fl-2"/>
      </object_component>
      <object_component id="oc-b1">
         <name>.text.SYSCFG_DL_init</name>
         <load_address>0x69f8</load_address>
         <readonly>true</readonly>
         <executable>true</executable>
         <run_address>0x69f8</run_address>
         <size>0x5c</size>
         <alignment>0x4</alignment>
         <input_file_ref idref="fl-2"/>
      </object_component>
      <object_component id="oc-35b">
         <name>.text.frexp</name>
         <load_address>0x6a54</load_address>
         <readonly>true</readonly>
         <executable>true</executable>
         <run_address>0x6a54</run_address>
         <size>0x5c</size>
         <alignment>0x4</alignment>
         <input_file_ref idref="fl-5e"/>
      </object_component>
      <object_component id="oc-35f">
         <name>.text.__TI_ltoa</name>
         <load_address>0x6ab0</load_address>
         <readonly>true</readonly>
         <executable>true</executable>
         <run_address>0x6ab0</run_address>
         <size>0x58</size>
         <alignment>0x2</alignment>
         <input_file_ref idref="fl-5a"/>
      </object_component>
      <object_component id="oc-324">
         <name>.text._pconv_f</name>
         <load_address>0x6b08</load_address>
         <readonly>true</readonly>
         <executable>true</executable>
         <run_address>0x6b08</run_address>
         <size>0x58</size>
         <alignment>0x2</alignment>
         <input_file_ref idref="fl-52"/>
      </object_component>
      <object_component id="oc-1b0">
         <name>.text.__aeabi_idivmod</name>
         <load_address>0x6b60</load_address>
         <readonly>true</readonly>
         <executable>true</executable>
         <run_address>0x6b60</run_address>
         <size>0x56</size>
         <alignment>0x4</alignment>
         <input_file_ref idref="fl-126"/>
      </object_component>
      <object_component id="oc-365">
         <name>.text._ecpy</name>
         <load_address>0x6bb6</load_address>
         <readonly>true</readonly>
         <executable>true</executable>
         <run_address>0x6bb6</run_address>
         <size>0x52</size>
         <alignment>0x2</alignment>
         <input_file_ref idref="fl-52"/>
      </object_component>
      <object_component id="oc-186">
         <name>.text.BSP_ADC_SetTimebase</name>
         <load_address>0x6c08</load_address>
         <readonly>true</readonly>
         <executable>true</executable>
         <run_address>0x6c08</run_address>
         <size>0x4c</size>
         <alignment>0x4</alignment>
         <input_file_ref idref="fl-7"/>
      </object_component>
      <object_component id="oc-21e">
         <name>.text.DL_ADC12_initSingleSample</name>
         <load_address>0x6c54</load_address>
         <readonly>true</readonly>
         <executable>true</executable>
         <run_address>0x6c54</run_address>
         <size>0x4c</size>
         <alignment>0x4</alignment>
         <input_file_ref idref="fl-2"/>
      </object_component>
      <object_component id="oc-2b6">
         <name>.text.DL_DMA_initChannel</name>
         <load_address>0x6ca0</load_address>
         <readonly>true</readonly>
         <executable>true</executable>
         <run_address>0x6ca0</run_address>
         <size>0x4c</size>
         <alignment>0x4</alignment>
         <input_file_ref idref="fl-1f"/>
      </object_component>
      <object_component id="oc-1e3">
         <name>.text.DL_GPIO_initDigitalInputFeatures</name>
         <load_address>0x6cec</load_address>
         <readonly>true</readonly>
         <executable>true</executable>
         <run_address>0x6cec</run_address>
         <size>0x4c</size>
         <alignment>0x4</alignment>
         <input_file_ref idref="fl-2"/>
      </object_component>
      <object_component id="oc-213">
         <name>.text.DL_UART_setBaudRateDivisor</name>
         <load_address>0x6d38</load_address>
         <readonly>true</readonly>
         <executable>true</executable>
         <run_address>0x6d38</run_address>
         <size>0x4c</size>
         <alignment>0x4</alignment>
         <input_file_ref idref="fl-2"/>
      </object_component>
      <object_component id="oc-21f">
         <name>.text.DL_ADC12_configConversionMem</name>
         <load_address>0x6d84</load_address>
         <readonly>true</readonly>
         <executable>true</executable>
         <run_address>0x6d84</run_address>
         <size>0x4a</size>
         <alignment>0x2</alignment>
         <input_file_ref idref="fl-2"/>
      </object_component>
      <object_component id="oc-2ed">
         <name>.text.__fixdfsi</name>
         <load_address>0x6dd0</load_address>
         <readonly>true</readonly>
         <executable>true</executable>
         <run_address>0x6dd0</run_address>
         <size>0x4a</size>
         <alignment>0x4</alignment>
         <input_file_ref idref="fl-11a"/>
      </object_component>
      <object_component id="oc-211">
         <name>.text.DL_UART_init</name>
         <load_address>0x6e1c</load_address>
         <readonly>true</readonly>
         <executable>true</executable>
         <run_address>0x6e1c</run_address>
         <size>0x48</size>
         <alignment>0x4</alignment>
         <input_file_ref idref="fl-21"/>
      </object_component>
      <object_component id="oc-118">
         <name>.text.SYSCFG_DL_UART_BT_init</name>
         <load_address>0x6e64</load_address>
         <readonly>true</readonly>
         <executable>true</executable>
         <run_address>0x6e64</run_address>
         <size>0x48</size>
         <alignment>0x4</alignment>
         <input_file_ref idref="fl-2"/>
      </object_component>
      <object_component id="oc-48">
         <name>.text.ADC0_IRQHandler</name>
         <load_address>0x6eac</load_address>
         <readonly>true</readonly>
         <executable>true</executable>
         <run_address>0x6eac</run_address>
         <size>0x44</size>
         <alignment>0x4</alignment>
         <input_file_ref idref="fl-7"/>
      </object_component>
      <object_component id="oc-d0">
         <name>.text.APP_Measure_DoCalibration</name>
         <load_address>0x6ef0</load_address>
         <readonly>true</readonly>
         <executable>true</executable>
         <run_address>0x6ef0</run_address>
         <size>0x44</size>
         <alignment>0x4</alignment>
         <input_file_ref idref="fl-6"/>
      </object_component>
      <object_component id="oc-218">
         <name>.text.DL_ADC12_setClockConfig</name>
         <load_address>0x6f34</load_address>
         <readonly>true</readonly>
         <executable>true</executable>
         <run_address>0x6f34</run_address>
         <size>0x40</size>
         <alignment>0x4</alignment>
         <input_file_ref idref="fl-1c"/>
      </object_component>
      <object_component id="oc-19a">
         <name>.text.__aeabi_uidivmod</name>
         <load_address>0x6f74</load_address>
         <readonly>true</readonly>
         <executable>true</executable>
         <run_address>0x6f74</run_address>
         <size>0x40</size>
         <alignment>0x4</alignment>
         <input_file_ref idref="fl-129"/>
      </object_component>
      <object_component id="oc-131">
         <name>.text.__extendsfdf2</name>
         <load_address>0x6fb4</load_address>
         <readonly>true</readonly>
         <executable>true</executable>
         <run_address>0x6fb4</run_address>
         <size>0x40</size>
         <alignment>0x4</alignment>
         <input_file_ref idref="fl-119"/>
      </object_component>
      <object_component id="oc-311">
         <name>.text.atoi</name>
         <load_address>0x6ff4</load_address>
         <readonly>true</readonly>
         <executable>true</executable>
         <run_address>0x6ff4</run_address>
         <size>0x40</size>
         <alignment>0x4</alignment>
         <input_file_ref idref="fl-5c"/>
      </object_component>
      <object_component id="oc-1f9">
         <name>.text.DL_Timer_setCounterControl</name>
         <load_address>0x7034</load_address>
         <readonly>true</readonly>
         <executable>true</executable>
         <run_address>0x7034</run_address>
         <size>0x3c</size>
         <alignment>0x4</alignment>
         <input_file_ref idref="fl-2"/>
      </object_component>
      <object_component id="oc-1a6">
         <name>.text.__floatsisf</name>
         <load_address>0x7070</load_address>
         <readonly>true</readonly>
         <executable>true</executable>
         <run_address>0x7070</run_address>
         <size>0x3c</size>
         <alignment>0x4</alignment>
         <input_file_ref idref="fl-11f"/>
      </object_component>
      <object_component id="oc-275">
         <name>.text.__gtsf2</name>
         <load_address>0x70ac</load_address>
         <readonly>true</readonly>
         <executable>true</executable>
         <run_address>0x70ac</run_address>
         <size>0x3c</size>
         <alignment>0x4</alignment>
         <input_file_ref idref="fl-12b"/>
      </object_component>
      <object_component id="oc-f8">
         <name>.text:__TI_auto_init_nobinit_nopinit</name>
         <load_address>0x70e8</load_address>
         <readonly>true</readonly>
         <executable>true</executable>
         <run_address>0x70e8</run_address>
         <size>0x3c</size>
         <alignment>0x4</alignment>
         <input_file_ref idref="fl-4b"/>
      </object_component>
      <object_component id="oc-270">
         <name>.text.__eqsf2</name>
         <load_address>0x7124</load_address>
         <readonly>true</readonly>
         <executable>true</executable>
         <run_address>0x7124</run_address>
         <size>0x3a</size>
         <alignment>0x4</alignment>
         <input_file_ref idref="fl-12b"/>
      </object_component>
      <object_component id="oc-277">
         <name>.text.__muldsi3</name>
         <load_address>0x7160</load_address>
         <readonly>true</readonly>
         <executable>true</executable>
         <run_address>0x7160</run_address>
         <size>0x3a</size>
         <alignment>0x4</alignment>
         <input_file_ref idref="fl-115"/>
      </object_component>
      <object_component id="oc-208">
         <name>.text.DL_Timer_setPublisherChanID</name>
         <load_address>0x719c</load_address>
         <readonly>true</readonly>
         <executable>true</executable>
         <run_address>0x719c</run_address>
         <size>0x38</size>
         <alignment>0x4</alignment>
         <input_file_ref idref="fl-2"/>
      </object_component>
      <object_component id="oc-18f">
         <name>.text.__fixsfsi</name>
         <load_address>0x71d4</load_address>
         <readonly>true</readonly>
         <executable>true</executable>
         <run_address>0x71d4</run_address>
         <size>0x38</size>
         <alignment>0x4</alignment>
         <input_file_ref idref="fl-11b"/>
      </object_component>
      <object_component id="oc-135">
         <name>.text.sprintf</name>
         <load_address>0x720c</load_address>
         <readonly>true</readonly>
         <executable>true</executable>
         <run_address>0x720c</run_address>
         <size>0x38</size>
         <alignment>0x4</alignment>
         <input_file_ref idref="fl-3e"/>
      </object_component>
      <object_component id="oc-113">
         <name>.text.SYSCFG_DL_SYSCTL_init</name>
         <load_address>0x7244</load_address>
         <readonly>true</readonly>
         <executable>true</executable>
         <run_address>0x7244</run_address>
         <size>0x34</size>
         <alignment>0x2</alignment>
         <input_file_ref idref="fl-2"/>
      </object_component>
      <object_component id="oc-116">
         <name>.text.SYSCFG_DL_TIMER_0_init</name>
         <load_address>0x7278</load_address>
         <readonly>true</readonly>
         <executable>true</executable>
         <run_address>0x7278</run_address>
         <size>0x34</size>
         <alignment>0x4</alignment>
         <input_file_ref idref="fl-2"/>
      </object_component>
      <object_component id="oc-23f">
         <name>.text.__fixunssfsi</name>
         <load_address>0x72ac</load_address>
         <readonly>true</readonly>
         <executable>true</executable>
         <run_address>0x72ac</run_address>
         <size>0x32</size>
         <alignment>0x4</alignment>
         <input_file_ref idref="fl-11d"/>
      </object_component>
      <object_component id="oc-15b">
         <name>.text.strstr</name>
         <load_address>0x72de</load_address>
         <readonly>true</readonly>
         <executable>true</executable>
         <run_address>0x72de</run_address>
         <size>0x32</size>
         <alignment>0x2</alignment>
         <input_file_ref idref="fl-47"/>
      </object_component>
      <object_component id="oc-151">
         <name>.text.DL_ADC12_getMemResult</name>
         <load_address>0x7310</load_address>
         <readonly>true</readonly>
         <executable>true</executable>
         <run_address>0x7310</run_address>
         <size>0x30</size>
         <alignment>0x4</alignment>
         <input_file_ref idref="fl-7"/>
      </object_component>
      <object_component id="oc-14b">
         <name>.text.DL_DMA_setTransferSize</name>
         <load_address>0x7340</load_address>
         <readonly>true</readonly>
         <executable>true</executable>
         <run_address>0x7340</run_address>
         <size>0x30</size>
         <alignment>0x4</alignment>
         <input_file_ref idref="fl-7"/>
      </object_component>
      <object_component id="oc-2b5">
         <name>.text.DL_DMA_setTransferSize</name>
         <load_address>0x7370</load_address>
         <readonly>true</readonly>
         <executable>true</executable>
         <run_address>0x7370</run_address>
         <size>0x30</size>
         <alignment>0x4</alignment>
         <input_file_ref idref="fl-2"/>
      </object_component>
      <object_component id="oc-366">
         <name>.text._fcpy</name>
         <load_address>0x73a0</load_address>
         <readonly>true</readonly>
         <executable>true</executable>
         <run_address>0x73a0</run_address>
         <size>0x30</size>
         <alignment>0x2</alignment>
         <input_file_ref idref="fl-52"/>
      </object_component>
      <object_component id="oc-c1">
         <name>.text.BSP_VoltGear_Init</name>
         <load_address>0x73d0</load_address>
         <readonly>true</readonly>
         <executable>true</executable>
         <run_address>0x73d0</run_address>
         <size>0x2c</size>
         <alignment>0x4</alignment>
         <input_file_ref idref="fl-a"/>
      </object_component>
      <object_component id="oc-223">
         <name>.text.DL_ADC12_setDMASamplesCnt</name>
         <load_address>0x73fc</load_address>
         <readonly>true</readonly>
         <executable>true</executable>
         <run_address>0x73fc</run_address>
         <size>0x2c</size>
         <alignment>0x4</alignment>
         <input_file_ref idref="fl-2"/>
      </object_component>
      <object_component id="oc-23e">
         <name>.text.ILI9341_draw_point</name>
         <load_address>0x7428</load_address>
         <readonly>true</readonly>
         <executable>true</executable>
         <run_address>0x7428</run_address>
         <size>0x2c</size>
         <alignment>0x2</alignment>
         <input_file_ref idref="fl-c"/>
      </object_component>
      <object_component id="oc-14c">
         <name>.text.__NVIC_EnableIRQ</name>
         <load_address>0x7454</load_address>
         <readonly>true</readonly>
         <executable>true</executable>
         <run_address>0x7454</run_address>
         <size>0x2c</size>
         <alignment>0x4</alignment>
         <input_file_ref idref="fl-7"/>
      </object_component>
      <object_component id="oc-14d">
         <name>.text.__NVIC_EnableIRQ</name>
         <load_address>0x7480</load_address>
         <readonly>true</readonly>
         <executable>true</executable>
         <run_address>0x7480</run_address>
         <size>0x2c</size>
         <alignment>0x4</alignment>
         <input_file_ref idref="fl-8"/>
      </object_component>
      <object_component id="oc-33a">
         <name>.text.__floatsidf</name>
         <load_address>0x74ac</load_address>
         <readonly>true</readonly>
         <executable>true</executable>
         <run_address>0x74ac</run_address>
         <size>0x2c</size>
         <alignment>0x4</alignment>
         <input_file_ref idref="fl-11e"/>
      </object_component>
      <object_component id="oc-2ae">
         <name>.text.DL_Common_updateReg</name>
         <load_address>0x74d8</load_address>
         <readonly>true</readonly>
         <executable>true</executable>
         <run_address>0x74d8</run_address>
         <size>0x28</size>
         <alignment>0x2</alignment>
         <input_file_ref idref="fl-2"/>
      </object_component>
      <object_component id="oc-14a">
         <name>.text.DL_DMA_setDestAddr</name>
         <load_address>0x7500</load_address>
         <readonly>true</readonly>
         <executable>true</executable>
         <run_address>0x7500</run_address>
         <size>0x28</size>
         <alignment>0x4</alignment>
         <input_file_ref idref="fl-7"/>
      </object_component>
      <object_component id="oc-149">
         <name>.text.DL_DMA_setSrcAddr</name>
         <load_address>0x7528</load_address>
         <readonly>true</readonly>
         <executable>true</executable>
         <run_address>0x7528</run_address>
         <size>0x28</size>
         <alignment>0x4</alignment>
         <input_file_ref idref="fl-7"/>
      </object_component>
      <object_component id="oc-207">
         <name>.text.DL_Timer_enableEvent</name>
         <load_address>0x7550</load_address>
         <readonly>true</readonly>
         <executable>true</executable>
         <run_address>0x7550</run_address>
         <size>0x28</size>
         <alignment>0x4</alignment>
         <input_file_ref idref="fl-2"/>
      </object_component>
      <object_component id="oc-22b">
         <name>.text.SYSCFG_DL_DMA_CH0_init</name>
         <load_address>0x7578</load_address>
         <readonly>true</readonly>
         <executable>true</executable>
         <run_address>0x7578</run_address>
         <size>0x28</size>
         <alignment>0x4</alignment>
         <input_file_ref idref="fl-2"/>
      </object_component>
      <object_component id="oc-22c">
         <name>.text.SYSCFG_DL_DMA_CH1_init</name>
         <load_address>0x75a0</load_address>
         <readonly>true</readonly>
         <executable>true</executable>
         <run_address>0x75a0</run_address>
         <size>0x28</size>
         <alignment>0x4</alignment>
         <input_file_ref idref="fl-2"/>
      </object_component>
      <object_component id="oc-1a2">
         <name>.text.__floatunsisf</name>
         <load_address>0x75c8</load_address>
         <readonly>true</readonly>
         <executable>true</executable>
         <run_address>0x75c8</run_address>
         <size>0x28</size>
         <alignment>0x4</alignment>
         <input_file_ref idref="fl-121"/>
      </object_component>
      <object_component id="oc-69">
         <name>.text:_c_int00_noargs</name>
         <load_address>0x75f0</load_address>
         <readonly>true</readonly>
         <executable>true</executable>
         <run_address>0x75f0</run_address>
         <size>0x28</size>
         <alignment>0x4</alignment>
         <input_file_ref idref="fl-49"/>
      </object_component>
      <object_component id="oc-150">
         <name>.text.DL_DMA_disableChannel</name>
         <load_address>0x7618</load_address>
         <readonly>true</readonly>
         <executable>true</executable>
         <run_address>0x7618</run_address>
         <size>0x26</size>
         <alignment>0x2</alignment>
         <input_file_ref idref="fl-7"/>
      </object_component>
      <object_component id="oc-154">
         <name>.text.DL_DMA_enableChannel</name>
         <load_address>0x763e</load_address>
         <readonly>true</readonly>
         <executable>true</executable>
         <run_address>0x763e</run_address>
         <size>0x26</size>
         <alignment>0x2</alignment>
         <input_file_ref idref="fl-7"/>
      </object_component>
      <object_component id="oc-319">
         <name>.text.__muldi3</name>
         <load_address>0x7664</load_address>
         <readonly>true</readonly>
         <executable>true</executable>
         <run_address>0x7664</run_address>
         <size>0x24</size>
         <alignment>0x4</alignment>
         <input_file_ref idref="fl-122"/>
      </object_component>
      <object_component id="oc-30a">
         <name>.text.memccpy</name>
         <load_address>0x7688</load_address>
         <readonly>true</readonly>
         <executable>true</executable>
         <run_address>0x7688</run_address>
         <size>0x22</size>
         <alignment>0x2</alignment>
[...]
      </symbol>
      <symbol id="sm-3b6">
         <name>DL_Timer_initTimerMode</name>
         <value>0x5165</value>
         <object_component_ref idref="oc-203"/>
      </symbol>
      <symbol id="sm-3b7">
         <name>DL_Timer_setCaptureCompareValue</name>
         <value>0x7ef5</value>
         <object_component_ref idref="oc-1fc"/>
      </symbol>
      <symbol id="sm-3b8">
         <name>DL_Timer_setCaptCompUpdateMethod</name>
         <value>0x797d</value>
         <object_component_ref idref="oc-1fb"/>
      </symbol>
      <symbol id="sm-3b9">
         <name>DL_Timer_setCaptureCompareOutCtl</name>
         <value>0x7b9d</value>
         <object_component_ref idref="oc-1fa"/>
      </symbol>
      <symbol id="sm-3ba">
         <name>DL_Timer_initFourCCPWMMode</name>
         <value>0x5061</value>
         <object_component_ref idref="oc-1f8"/>
      </symbol>
      <symbol id="sm-3c7">
         <name>DL_UART_init</name>
         <value>0x6e1d</value>
         <object_component_ref idref="oc-211"/>
      </symbol>
      <symbol id="sm-3c8">
         <name>DL_UART_setClockConfig</name>
         <value>0x7e9d</value>
         <object_component_ref idref="oc-20b"/>
      </symbol>
      <symbol id="sm-3d4">
         <name>scalbn</name>
         <value>0x5529</value>
         <object_component_ref idref="oc-2d9"/>
      </symbol>
      <symbol id="sm-3d5">
         <name>ldexp</name>
         <value>0x5529</value>
         <object_component_ref idref="oc-2d9"/>
      </symbol>
      <symbol id="sm-3d6">
         <name>scalbnl</name>
         <value>0x5529</value>
         <object_component_ref idref="oc-2d9"/>
      </symbol>
      <symbol id="sm-3d7">
         <name>ldexpl</name>
         <value>0x5529</value>
         <object_component_ref idref="oc-2d9"/>
      </symbol>
      <symbol id="sm-3e1">
         <name>sqrtf</name>
         <value>0x5d29</value>
         <object_component_ref idref="oc-1b6"/>
      </symbol>
      <symbol id="sm-400">
         <name>cosf</name>
         <value>0x3b59</value>
         <object_component_ref idref="oc-28c"/>
      </symbol>
      <symbol id="sm-41f">
         <name>sinf</name>
         <value>0x3d2d</value>
         <object_component_ref idref="oc-292"/>
      </symbol>
      <symbol id="sm-430">
         <name>sprintf</name>
         <value>0x720d</value>
         <object_component_ref idref="oc-135"/>
      </symbol>
      <symbol id="sm-438">
         <name>strcmp</name>
         <value>0x6261</value>
         <object_component_ref idref="oc-157"/>
      </symbol>
      <symbol id="sm-443">
         <name>__aeabi_errno_addr</name>
         <value>0x8019</value>
         <object_component_ref idref="oc-298"/>
      </symbol>
      <symbol id="sm-444">
         <name>__aeabi_errno</name>
         <value>0x2020168c</value>
         <object_component_ref idref="oc-301"/>
      </symbol>
      <symbol id="sm-460">
         <name>__kernel_rem_pio2</name>
         <value>0xa91</value>
         <object_component_ref idref="oc-2f2"/>
      </symbol>
      <symbol id="sm-46a">
         <name>atof</name>
         <value>0x7fef</value>
         <object_component_ref idref="oc-15f"/>
      </symbol>
      <symbol id="sm-475">
         <name>qsort</name>
         <value>0x4bd9</value>
         <object_component_ref idref="oc-19e"/>
      </symbol>
      <symbol id="sm-47e">
         <name>strstr</name>
         <value>0x72df</value>
         <object_component_ref idref="oc-15b"/>
      </symbol>
      <symbol id="sm-493">
         <name>strtod</name>
         <value>0x1ce9</value>
         <object_component_ref idref="oc-265"/>
      </symbol>
      <symbol id="sm-494">
         <name>strtold</name>
         <value>0x1ce9</value>
         <object_component_ref idref="oc-265"/>
      </symbol>
      <symbol id="sm-49f">
         <name>_c_int00_noargs</name>
         <value>0x75f1</value>
         <object_component_ref idref="oc-69"/>
      </symbol>
      <symbol id="sm-4a0">
         <name>__stack</name>
         <value>0x20207e00</value>
         <object_component_ref idref="oc-1a"/>
      </symbol>
      <symbol id="sm-4af">
         <name>__TI_auto_init_nobinit_nopinit</name>
         <value>0x70e9</value>
         <object_component_ref idref="oc-f8"/>
      </symbol>
      <symbol id="sm-4b7">
         <name>_system_pre_init</name>
         <value>0x80b1</value>
         <object_component_ref idref="oc-95"/>
      </symbol>
      <symbol id="sm-4c2">
         <name>__TI_zero_init</name>
         <value>0x7f25</value>
         <object_component_ref idref="oc-66"/>
      </symbol>
      <symbol id="sm-4cb">
         <name>__TI_decompress_none</name>
         <value>0x7ec1</value>
         <object_component_ref idref="oc-20"/>
      </symbol>
      <symbol id="sm-4d6">
         <name>__TI_decompress_lzss</name>
         <value>0x6469</value>
         <object_component_ref idref="oc-1c"/>
      </symbol>
      <symbol id="sm-4e0">
         <name>floor</name>
         <value>0x4825</value>
         <object_component_ref idref="oc-33f"/>
      </symbol>
      <symbol id="sm-4e1">
         <name>floorl</name>
         <value>0x4825</value>
         <object_component_ref idref="oc-33f"/>
      </symbol>
      <symbol id="sm-52a">
         <name>__TI_printfi</name>
         <value>0xc1</value>
         <object_component_ref idref="oc-2c7"/>
      </symbol>
      <symbol id="sm-52f">
         <name>__aeabi_ctype_table_</name>
         <value>0x87c0</value>
         <object_component_ref idref="oc-2e1"/>
      </symbol>
      <symbol id="sm-530">
         <name>__aeabi_ctype_table_C</name>
         <value>0x87c0</value>
         <object_component_ref idref="oc-2e1"/>
      </symbol>
      <symbol id="sm-53a">
         <name>abort</name>
         <value>0x8053</value>
         <object_component_ref idref="oc-f1"/>
      </symbol>
      <symbol id="sm-544">
         <name>__TI_ltoa</name>
         <value>0x6ab1</value>
         <object_component_ref idref="oc-35f"/>
      </symbol>
      <symbol id="sm-54f">
         <name>atoi</name>
         <value>0x6ff5</value>
         <object_component_ref idref="oc-311"/>
      </symbol>
      <symbol id="sm-558">
         <name>memccpy</name>
         <value>0x7689</value>
         <object_component_ref idref="oc-30a"/>
      </symbol>
      <symbol id="sm-562">
         <name>frexp</name>
         <value>0x6a55</value>
         <object_component_ref idref="oc-35b"/>
      </symbol>
      <symbol id="sm-563">
         <name>frexpl</name>
         <value>0x6a55</value>
         <object_component_ref idref="oc-35b"/>
      </symbol>
      <symbol id="sm-56c">
         <name>wcslen</name>
         <value>0x7f15</value>
         <object_component_ref idref="oc-315"/>
      </symbol>
      <symbol id="sm-577">
         <name>HOSTexit</name>
         <value>0x8061</value>
         <object_component_ref idref="oc-1c5"/>
      </symbol>
      <symbol id="sm-578">
         <name>C$$EXIT</name>
         <value>0x8060</value>
         <object_component_ref idref="oc-1c5"/>
      </symbol>
      <symbol id="sm-58d">
         <name>__aeabi_fadd</name>
         <value>0x560b</value>
         <object_component_ref idref="oc-1aa"/>
      </symbol>
      <symbol id="sm-58e">
         <name>__addsf3</name>
         <value>0x560b</value>
         <object_component_ref idref="oc-1aa"/>
      </symbol>
      <symbol id="sm-58f">
         <name>__aeabi_fsub</name>
         <value>0x5601</value>
         <object_component_ref idref="oc-1aa"/>
      </symbol>
      <symbol id="sm-590">
         <name>__subsf3</name>
         <value>0x5601</value>
         <object_component_ref idref="oc-1aa"/>
      </symbol>
      <symbol id="sm-596">
         <name>__aeabi_dadd</name>
         <value>0x4233</value>
         <object_component_ref idref="oc-2d1"/>
      </symbol>
      <symbol id="sm-597">
         <name>__adddf3</name>
         <value>0x4233</value>
         <object_component_ref idref="oc-2d1"/>
      </symbol>
      <symbol id="sm-598">
         <name>__aeabi_dsub</name>
         <value>0x4229</value>
         <object_component_ref idref="oc-2d1"/>
      </symbol>
      <symbol id="sm-599">
         <name>__subdf3</name>
         <value>0x4229</value>
         <object_component_ref idref="oc-2d1"/>
      </symbol>
      <symbol id="sm-5a5">
         <name>__aeabi_dmul</name>
         <value>0x5445</value>
         <object_component_ref idref="oc-2cd"/>
      </symbol>
      <symbol id="sm-5a6">
         <name>__muldf3</name>
         <value>0x5445</value>
         <object_component_ref idref="oc-2cd"/>
      </symbol>
      <symbol id="sm-5af">
         <name>__muldsi3</name>
         <value>0x7161</value>
         <object_component_ref idref="oc-277"/>
      </symbol>
      <symbol id="sm-5b5">
         <name>__aeabi_fmul</name>
         <value>0x614d</value>
         <object_component_ref idref="oc-18b"/>
      </symbol>
      <symbol id="sm-5b6">
         <name>__mulsf3</name>
         <value>0x614d</value>
         <object_component_ref idref="oc-18b"/>
      </symbol>
      <symbol id="sm-5bc">
         <name>__aeabi_fdiv</name>
         <value>0x62e9</value>
         <object_component_ref idref="oc-13c"/>
      </symbol>
      <symbol id="sm-5bd">
         <name>__divsf3</name>
         <value>0x62e9</value>
         <object_component_ref idref="oc-13c"/>
      </symbol>
      <symbol id="sm-5c3">
         <name>__aeabi_ddiv</name>
         <value>0x4f55</value>
         <object_component_ref idref="oc-2dd"/>
      </symbol>
      <symbol id="sm-5c4">
         <name>__divdf3</name>
         <value>0x4f55</value>
         <object_component_ref idref="oc-2dd"/>
      </symbol>
      <symbol id="sm-5ca">
         <name>__aeabi_f2d</name>
         <value>0x6fb5</value>
         <object_component_ref idref="oc-131"/>
      </symbol>
      <symbol id="sm-5cb">
         <name>__extendsfdf2</name>
         <value>0x6fb5</value>
         <object_component_ref idref="oc-131"/>
      </symbol>
      <symbol id="sm-5d4">
         <name>__aeabi_d2iz</name>
         <value>0x6dd1</value>
         <object_component_ref idref="oc-2ed"/>
      </symbol>
      <symbol id="sm-5d5">
         <name>__fixdfsi</name>
         <value>0x6dd1</value>
         <object_component_ref idref="oc-2ed"/>
      </symbol>
      <symbol id="sm-5db">
         <name>__aeabi_f2iz</name>
         <value>0x71d5</value>
         <object_component_ref idref="oc-18f"/>
      </symbol>
      <symbol id="sm-5dc">
         <name>__fixsfsi</name>
         <value>0x71d5</value>
         <object_component_ref idref="oc-18f"/>
      </symbol>
      <symbol id="sm-5e2">
         <name>__aeabi_f2uiz</name>
         <value>0x72ad</value>
         <object_component_ref idref="oc-23f"/>
      </symbol>
      <symbol id="sm-5e3">
         <name>__fixunssfsi</name>
         <value>0x72ad</value>
         <object_component_ref idref="oc-23f"/>
      </symbol>
      <symbol id="sm-5e9">
         <name>__aeabi_i2d</name>
         <value>0x74ad</value>
         <object_component_ref idref="oc-33a"/>
      </symbol>
      <symbol id="sm-5ea">
         <name>__floatsidf</name>
         <value>0x74ad</value>
         <object_component_ref idref="oc-33a"/>
      </symbol>
      <symbol id="sm-5f0">
         <name>__aeabi_i2f</name>
         <value>0x7071</value>
         <object_component_ref idref="oc-1a6"/>
      </symbol>
      <symbol id="sm-5f1">
         <name>__floatsisf</name>
         <value>0x7071</value>
         <object_component_ref idref="oc-1a6"/>
      </symbol>
      <symbol id="sm-5f7">
         <name>__aeabi_ui2f</name>
         <value>0x75c9</value>
         <object_component_ref idref="oc-1a2"/>
      </symbol>
      <symbol id="sm-5f8">
         <name>__floatunsisf</name>
         <value>0x75c9</value>
         <object_component_ref idref="oc-1a2"/>
      </symbol>
      <symbol id="sm-5fe">
         <name>__aeabi_lmul</name>
         <value>0x7665</value>
         <object_component_ref idref="oc-319"/>
      </symbol>
      <symbol id="sm-5ff">
         <name>__muldi3</name>
         <value>0x7665</value>
         <object_component_ref idref="oc-319"/>
      </symbol>
      <symbol id="sm-606">
         <name>__aeabi_d2f</name>
         <value>0x6651</value>
         <object_component_ref idref="oc-163"/>
      </symbol>
      <symbol id="sm-607">
         <name>__truncdfsf2</name>
         <value>0x6651</value>
         <object_component_ref idref="oc-163"/>
      </symbol>
      <symbol id="sm-60d">
         <name>__aeabi_dcmpeq</name>
         <value>0x68d1</value>
         <object_component_ref idref="oc-2d5"/>
      </symbol>
      <symbol id="sm-60e">
         <name>__aeabi_dcmplt</name>
         <value>0x68e5</value>
         <object_component_ref idref="oc-2d5"/>
      </symbol>
      <symbol id="sm-60f">
         <name>__aeabi_dcmple</name>
         <value>0x68f9</value>
         <object_component_ref idref="oc-2d5"/>
      </symbol>
      <symbol id="sm-610">
         <name>__aeabi_dcmpge</name>
         <value>0x690d</value>
         <object_component_ref idref="oc-2d5"/>
      </symbol>
      <symbol id="sm-611">
         <name>__aeabi_dcmpgt</name>
         <value>0x6921</value>
         <object_component_ref idref="oc-2d5"/>
      </symbol>
      <symbol id="sm-61a">
         <name>__aeabi_fcmpeq</name>
         <value>0x6935</value>
         <object_component_ref idref="oc-180"/>
      </symbol>
      <symbol id="sm-61b">
         <name>__aeabi_fcmplt</name>
         <value>0x6949</value>
         <object_component_ref idref="oc-180"/>
      </symbol>
      <symbol id="sm-61c">
         <name>__aeabi_fcmple</name>
         <value>0x695d</value>
         <object_component_ref idref="oc-180"/>
      </symbol>
      <symbol id="sm-61d">
         <name>__aeabi_fcmpge</name>
         <value>0x6971</value>
         <object_component_ref idref="oc-180"/>
      </symbol>
      <symbol id="sm-61e">
         <name>__aeabi_fcmpgt</name>
         <value>0x6985</value>
         <object_component_ref idref="oc-180"/>
      </symbol>
      <symbol id="sm-624">
         <name>__aeabi_idiv</name>
         <value>0x6b61</value>
         <object_component_ref idref="oc-1b0"/>
      </symbol>
      <symbol id="sm-625">
         <name>__aeabi_idivmod</name>
         <value>0x6b61</value>
         <object_component_ref idref="oc-1b0"/>
      </symbol>
      <symbol id="sm-62b">
         <name>__aeabi_memcpy</name>
         <value>0x8021</value>
         <object_component_ref idref="oc-59"/>
      </symbol>
      <symbol id="sm-62c">
         <name>__aeabi_memcpy4</name>
         <value>0x8021</value>
         <object_component_ref idref="oc-59"/>
      </symbol>
      <symbol id="sm-62d">
         <name>__aeabi_memcpy8</name>
         <value>0x8021</value>
         <object_component_ref idref="oc-59"/>
      </symbol>
      <symbol id="sm-636">
         <name>__aeabi_memset</name>
         <value>0x7f35</value>
         <object_component_ref idref="oc-309"/>
      </symbol>
      <symbol id="sm-637">
         <name>__aeabi_memset4</name>
         <value>0x7f35</value>
         <object_component_ref idref="oc-309"/>
      </symbol>
      <symbol id="sm-638">
         <name>__aeabi_memset8</name>
         <value>0x7f35</value>
         <object_component_ref idref="oc-309"/>
      </symbol>
      <symbol id="sm-639">
         <name>__aeabi_memclr</name>
         <value>0x7f6d</value>
         <object_component_ref idref="oc-90"/>
      </symbol>
      <symbol id="sm-63a">
         <name>__aeabi_memclr4</name>
         <value>0x7f6d</value>
         <object_component_ref idref="oc-90"/>
      </symbol>
      <symbol id="sm-63b">
         <name>__aeabi_memclr8</name>
         <value>0x7f6d</value>
         <object_component_ref idref="oc-90"/>
      </symbol>
      <symbol id="sm-641">
         <name>__aeabi_uidiv</name>
         <value>0x6f75</value>
         <object_component_ref idref="oc-19a"/>
      </symbol>
      <symbol id="sm-642">
         <name>__aeabi_uidivmod</name>
         <value>0x6f75</value>
         <object_component_ref idref="oc-19a"/>
      </symbol>
      <symbol id="sm-648">
         <name>__aeabi_uldivmod</name>
         <value>0x7e3d</value>
         <object_component_ref idref="oc-31e"/>
      </symbol>
      <symbol id="sm-651">
         <name>__eqsf2</name>
         <value>0x7125</value>
         <object_component_ref idref="oc-270"/>
      </symbol>
      <symbol id="sm-652">
         <name>__lesf2</name>
         <value>0x7125</value>
         <object_component_ref idref="oc-270"/>
      </symbol>
      <symbol id="sm-653">
         <name>__ltsf2</name>
         <value>0x7125</value>
         <object_component_ref idref="oc-270"/>
      </symbol>
      <symbol id="sm-654">
         <name>__nesf2</name>
         <value>0x7125</value>
         <object_component_ref idref="oc-270"/>
      </symbol>
      <symbol id="sm-655">
         <name>__cmpsf2</name>
         <value>0x7125</value>
         <object_component_ref idref="oc-270"/>
      </symbol>
      <symbol id="sm-656">
         <name>__gtsf2</name>
         <value>0x70ad</value>
         <object_component_ref idref="oc-275"/>
      </symbol>
      <symbol id="sm-657">
         <name>__gesf2</name>
         <value>0x70ad</value>
         <object_component_ref idref="oc-275"/>
      </symbol>
      <symbol id="sm-65d">
         <name>__udivmoddi4</name>
         <value>0x5be5</value>
         <object_component_ref idref="oc-356"/>
      </symbol>
      <symbol id="sm-663">
         <name>__aeabi_llsl</name>
         <value>0x7749</value>
         <object_component_ref idref="oc-371"/>
      </symbol>
      <symbol id="sm-664">
         <name>__ashldi3</name>
         <value>0x7749</value>
         <object_component_ref idref="oc-371"/>
      </symbol>
      <symbol id="sm-672">
         <name>__ledf2</name>
         <value>0x6801</value>
         <object_component_ref idref="oc-32b"/>
      </symbol>
      <symbol id="sm-673">
         <name>__gedf2</name>
         <value>0x65d9</value>
         <object_component_ref idref="oc-331"/>
      </symbol>
      <symbol id="sm-674">
         <name>__cmpdf2</name>
         <value>0x6801</value>
         <object_component_ref idref="oc-32b"/>
      </symbol>
      <symbol id="sm-675">
         <name>__eqdf2</name>
         <value>0x6801</value>
         <object_component_ref idref="oc-32b"/>
      </symbol>
      <symbol id="sm-676">
         <name>__ltdf2</name>
         <value>0x6801</value>
         <object_component_ref idref="oc-32b"/>
      </symbol>
      <symbol id="sm-677">
         <name>__nedf2</name>
         <value>0x6801</value>
         <object_component_ref idref="oc-32b"/>
      </symbol>
      <symbol id="sm-678">
         <name>__gtdf2</name>
         <value>0x65d9</value>
         <object_component_ref idref="oc-331"/>
      </symbol>
      <symbol id="sm-684">
         <name>__aeabi_idiv0</name>
         <value>0x5c87</value>
         <object_component_ref idref="oc-27f"/>
      </symbol>
      <symbol id="sm-685">
         <name>__aeabi_ldiv0</name>
         <value>0x655f</value>
         <object_component_ref idref="oc-370"/>
      </symbol>
      <symbol id="sm-68f">
         <name>TI_memcpy_small</name>
         <value>0x7eaf</value>
         <object_component_ref idref="oc-a7"/>
      </symbol>
      <symbol id="sm-698">
         <name>TI_memset_small</name>
         <value>0x7f51</value>
         <object_component_ref idref="oc-10b"/>
      </symbol>
      <symbol id="sm-699">
         <name>__TI_static_base__</name>
         <value>0x0</value>
      </symbol>
      <symbol id="sm-69d">
         <name>__mpu_init</name>
         <value>0x0</value>
      </symbol>
      <symbol id="sm-69e">
         <name>_system_post_cinit</name>
         <value>0x0</value>
      </symbol>
   </symbol_table>
   <title>Link successful</title>
</link_info>
