<?xml version="1.0" encoding="ISO-8859-1" ?>
<link_info>
   <banner>TI ARM Clang Linker PC v4.0.4.LTS</banner>
   <copyright>Copyright (c) 1996-2018 Texas Instruments Incorporated</copyright>
   <command_line>D:\ccs\tools\compiler\ti-cgt-armllvm_4.0.4.LTS\bin\tiarmlnk -ID:\ccs\tools\compiler\ti-cgt-armllvm_4.0.4.LTS\lib -o empty_LP_MSPM0G3507_nortos_ticlang.out -mempty_LP_MSPM0G3507_nortos_ticlang.map -iD:/mspm0_sdk_2_09_00_01/source -iC:/Users/ASUS/workspace_ccstheia/empty_LP_MSPM0G3507_nortos_ticlang -iC:/Users/ASUS/workspace_ccstheia/empty_LP_MSPM0G3507_nortos_ticlang/Debug/syscfg -iD:/ccs/tools/compiler/ti-cgt-armllvm_4.0.4.LTS/lib --diag_wrap=off --display_error_number --warn_sections --xml_link_info=empty_LP_MSPM0G3507_nortos_ticlang_linkInfo.xml --rom_model ./empty.o ./ti_msp_dl_config.o ./startup_mspm0g350x_ticlang.o ./Screen/font.o ./Screen/ili9341_driver.o -l./device_linker.cmd -ldevice.cmd.genlibs -llibc.a --start-group -llibc++.a -llibc++abi.a -llibc.a -llibsys.a -llibsysbm.a -llibclang_rt.builtins.a -llibclang_rt.profile.a --end-group --cg_opt_level=2</command_line>
   <link_time>0x69ba7cfe</link_time>
   <link_errors>0x0</link_errors>
   <output_file>C:\Users\ASUS\workspace_ccstheia\empty_LP_MSPM0G3507_nortos_ticlang\Debug\empty_LP_MSPM0G3507_nortos_ticlang.out</output_file>
   <entry_point>
      <name>_c_int00_noargs</name>
      <address>0x46c1</address>
   </entry_point>
   <input_file_list>
      <input_file id="fl-1">
         <path>C:\Users\ASUS\workspace_ccstheia\empty_LP_MSPM0G3507_nortos_ticlang\Debug\.\</path>
         <kind>object</kind>
         <file>empty.o</file>
         <name>empty.o</name>
      </input_file>
      <input_file id="fl-2">
         <path>C:\Users\ASUS\workspace_ccstheia\empty_LP_MSPM0G3507_nortos_ticlang\Debug\.\</path>
         <kind>object</kind>
         <file>ti_msp_dl_config.o</file>
         <name>ti_msp_dl_config.o</name>
      </input_file>
      <input_file id="fl-3">
         <path>C:\Users\ASUS\workspace_ccstheia\empty_LP_MSPM0G3507_nortos_ticlang\Debug\.\</path>
         <kind>object</kind>
         <file>startup_mspm0g350x_ticlang.o</file>
         <name>startup_mspm0g350x_ticlang.o</name>
      </input_file>
      <input_file id="fl-4">
         <path>C:\Users\ASUS\workspace_ccstheia\empty_LP_MSPM0G3507_nortos_ticlang\Debug\.\Screen\</path>
         <kind>object</kind>
         <file>font.o</file>
         <name>font.o</name>
      </input_file>
      <input_file id="fl-5">
         <path>C:\Users\ASUS\workspace_ccstheia\empty_LP_MSPM0G3507_nortos_ticlang\Debug\.\Screen\</path>
         <kind>object</kind>
         <file>ili9341_driver.o</file>
         <name>ili9341_driver.o</name>
      </input_file>
      <input_file id="fl-12">
         <path>C:\Users\ASUS\workspace_ccstheia\empty_LP_MSPM0G3507_nortos_ticlang\Debug\</path>
         <kind>object</kind>
         <file>&lt;internal&gt;</file>
         <name>&lt;internal&gt;</name>
      </input_file>
      <input_file id="fl-13">
         <path>D:\mspm0_sdk_2_09_00_01\source\ti\driverlib\lib\ticlang\m0p\mspm0g1x0x_g3x0x\</path>
         <kind>archive</kind>
         <file>driverlib.a</file>
         <name>dl_adc12.o</name>
      </input_file>
      <input_file id="fl-14">
         <path>D:\mspm0_sdk_2_09_00_01\source\ti\driverlib\lib\ticlang\m0p\mspm0g1x0x_g3x0x\</path>
         <kind>archive</kind>
         <file>driverlib.a</file>
         <name>dl_common.o</name>
      </input_file>
      <input_file id="fl-15">
         <path>D:\mspm0_sdk_2_09_00_01\source\ti\driverlib\lib\ticlang\m0p\mspm0g1x0x_g3x0x\</path>
         <kind>archive</kind>
         <file>driverlib.a</file>
         <name>dl_dac12.o</name>
      </input_file>
      <input_file id="fl-16">
         <path>D:\mspm0_sdk_2_09_00_01\source\ti\driverlib\lib\ticlang\m0p\mspm0g1x0x_g3x0x\</path>
         <kind>archive</kind>
         <file>driverlib.a</file>
         <name>dl_timer.o</name>
      </input_file>
      <input_file id="fl-17">
         <path>D:\mspm0_sdk_2_09_00_01\source\ti\driverlib\lib\ticlang\m0p\mspm0g1x0x_g3x0x\</path>
         <kind>archive</kind>
         <file>driverlib.a</file>
         <name>dl_uart.o</name>
      </input_file>
      <input_file id="fl-2e">
         <path>D:\ccs\tools\compiler\ti-cgt-armllvm_4.0.4.LTS\lib\armv6m-ti-none-eabi\c\</path>
         <kind>archive</kind>
         <file>libc.a</file>
         <name>e_pow.c.obj</name>
      </input_file>
      <input_file id="fl-2f">
         <path>D:\ccs\tools\compiler\ti-cgt-armllvm_4.0.4.LTS\lib\armv6m-ti-none-eabi\c\</path>
         <kind>archive</kind>
         <file>libc.a</file>
         <name>e_sqrt.c.obj</name>
      </input_file>
      <input_file id="fl-30">
         <path>D:\ccs\tools\compiler\ti-cgt-armllvm_4.0.4.LTS\lib\armv6m-ti-none-eabi\c\</path>
         <kind>archive</kind>
         <file>libc.a</file>
         <name>s_scalbn.c.obj</name>
      </input_file>
      <input_file id="fl-31">
         <path>D:\ccs\tools\compiler\ti-cgt-armllvm_4.0.4.LTS\lib\armv6m-ti-none-eabi\c\</path>
         <kind>archive</kind>
         <file>libc.a</file>
         <name>sprintf.c.obj</name>
      </input_file>
      <input_file id="fl-32">
         <path>D:\ccs\tools\compiler\ti-cgt-armllvm_4.0.4.LTS\lib\armv6m-ti-none-eabi\c\</path>
         <kind>archive</kind>
         <file>libc.a</file>
         <name>aeabi_portable.c.obj</name>
      </input_file>
      <input_file id="fl-33">
         <path>D:\ccs\tools\compiler\ti-cgt-armllvm_4.0.4.LTS\lib\armv6m-ti-none-eabi\c\</path>
         <kind>archive</kind>
         <file>libc.a</file>
         <name>assert.c.obj</name>
      </input_file>
      <input_file id="fl-34">
         <path>D:\ccs\tools\compiler\ti-cgt-armllvm_4.0.4.LTS\lib\armv6m-ti-none-eabi\c\</path>
         <kind>archive</kind>
         <file>libc.a</file>
         <name>defs.c.obj</name>
      </input_file>
      <input_file id="fl-35">
         <path>D:\ccs\tools\compiler\ti-cgt-armllvm_4.0.4.LTS\lib\armv6m-ti-none-eabi\c\</path>
         <kind>archive</kind>
         <file>libc.a</file>
         <name>memory.c.obj</name>
      </input_file>
      <input_file id="fl-36">
         <path>D:\ccs\tools\compiler\ti-cgt-armllvm_4.0.4.LTS\lib\armv6m-ti-none-eabi\c\</path>
         <kind>archive</kind>
         <file>libc.a</file>
         <name>strtod.c.obj</name>
      </input_file>
      <input_file id="fl-37">
         <path>D:\ccs\tools\compiler\ti-cgt-armllvm_4.0.4.LTS\lib\armv6m-ti-none-eabi\c\</path>
         <kind>archive</kind>
         <file>libc.a</file>
         <name>boot_cortex_m.c.obj</name>
      </input_file>
      <input_file id="fl-38">
         <path>D:\ccs\tools\compiler\ti-cgt-armllvm_4.0.4.LTS\lib\armv6m-ti-none-eabi\c\</path>
         <kind>archive</kind>
         <file>libc.a</file>
         <name>mathacl_init.c.obj</name>
      </input_file>
      <input_file id="fl-39">
         <path>D:\ccs\tools\compiler\ti-cgt-armllvm_4.0.4.LTS\lib\armv6m-ti-none-eabi\c\</path>
         <kind>archive</kind>
         <file>libc.a</file>
         <name>autoinit.c.obj</name>
      </input_file>
      <input_file id="fl-3a">
         <path>D:\ccs\tools\compiler\ti-cgt-armllvm_4.0.4.LTS\lib\armv6m-ti-none-eabi\c\</path>
         <kind>archive</kind>
         <file>libc.a</file>
         <name>pre_init.c.obj</name>
      </input_file>
      <input_file id="fl-3b">
         <path>D:\ccs\tools\compiler\ti-cgt-armllvm_4.0.4.LTS\lib\armv6m-ti-none-eabi\c\</path>
         <kind>archive</kind>
         <file>libc.a</file>
         <name>cpy_tbl.c.obj</name>
      </input_file>
      <input_file id="fl-3c">
         <path>D:\ccs\tools\compiler\ti-cgt-armllvm_4.0.4.LTS\lib\armv6m-ti-none-eabi\c\</path>
         <kind>archive</kind>
         <file>libc.a</file>
         <name>copy_zero_init.c.obj</name>
      </input_file>
      <input_file id="fl-3d">
         <path>D:\ccs\tools\compiler\ti-cgt-armllvm_4.0.4.LTS\lib\armv6m-ti-none-eabi\c\</path>
         <kind>archive</kind>
         <file>libc.a</file>
         <name>copy_decompress_none.c.obj</name>
      </input_file>
      <input_file id="fl-3e">
         <path>D:\ccs\tools\compiler\ti-cgt-armllvm_4.0.4.LTS\lib\armv6m-ti-none-eabi\c\</path>
         <kind>archive</kind>
         <file>libc.a</file>
         <name>copy_decompress_lzss.c.obj</name>
      </input_file>
      <input_file id="fl-3f">
         <path>D:\ccs\tools\compiler\ti-cgt-armllvm_4.0.4.LTS\lib\armv6m-ti-none-eabi\c\</path>
         <kind>archive</kind>
         <file>libc.a</file>
         <name>_printfi.c.obj</name>
      </input_file>
      <input_file id="fl-40">
         <path>D:\ccs\tools\compiler\ti-cgt-armllvm_4.0.4.LTS\lib\armv6m-ti-none-eabi\c\</path>
         <kind>archive</kind>
         <file>libc.a</file>
         <name>fflush.c.obj</name>
      </input_file>
      <input_file id="fl-41">
         <path>D:\ccs\tools\compiler\ti-cgt-armllvm_4.0.4.LTS\lib\armv6m-ti-none-eabi\c\</path>
         <kind>archive</kind>
         <file>libc.a</file>
         <name>fputs.c.obj</name>
      </input_file>
      <input_file id="fl-42">
         <path>D:\ccs\tools\compiler\ti-cgt-armllvm_4.0.4.LTS\lib\armv6m-ti-none-eabi\c\</path>
         <kind>archive</kind>
         <file>libc.a</file>
         <name>_io_perm.c.obj</name>
      </input_file>
      <input_file id="fl-43">
         <path>D:\ccs\tools\compiler\ti-cgt-armllvm_4.0.4.LTS\lib\armv6m-ti-none-eabi\c\</path>
         <kind>archive</kind>
         <file>libc.a</file>
         <name>setvbuf.c.obj</name>
      </input_file>
      <input_file id="fl-44">
         <path>D:\ccs\tools\compiler\ti-cgt-armllvm_4.0.4.LTS\lib\armv6m-ti-none-eabi\c\</path>
         <kind>archive</kind>
         <file>libc.a</file>
         <name>aeabi_ctype.S.obj</name>
      </input_file>
      <input_file id="fl-45">
         <path>D:\ccs\tools\compiler\ti-cgt-armllvm_4.0.4.LTS\lib\armv6m-ti-none-eabi\c\</path>
         <kind>archive</kind>
         <file>libc.a</file>
         <name>exit.c.obj</name>
      </input_file>
      <input_file id="fl-46">
         <path>D:\ccs\tools\compiler\ti-cgt-armllvm_4.0.4.LTS\lib\armv6m-ti-none-eabi\c\</path>
         <kind>archive</kind>
         <file>libc.a</file>
         <name>_lock.c.obj</name>
      </input_file>
      <input_file id="fl-47">
         <path>D:\ccs\tools\compiler\ti-cgt-armllvm_4.0.4.LTS\lib\armv6m-ti-none-eabi\c\</path>
         <kind>archive</kind>
         <file>libc.a</file>
         <name>_ltoa.c.obj</name>
      </input_file>
      <input_file id="fl-48">
         <path>D:\ccs\tools\compiler\ti-cgt-armllvm_4.0.4.LTS\lib\armv6m-ti-none-eabi\c\</path>
         <kind>archive</kind>
         <file>libc.a</file>
         <name>args_main.c.obj</name>
      </input_file>
      <input_file id="fl-49">
         <path>D:\ccs\tools\compiler\ti-cgt-armllvm_4.0.4.LTS\lib\armv6m-ti-none-eabi\c\</path>
         <kind>archive</kind>
         <file>libc.a</file>
         <name>atoi.c.obj</name>
      </input_file>
      <input_file id="fl-4a">
         <path>D:\ccs\tools\compiler\ti-cgt-armllvm_4.0.4.LTS\lib\armv6m-ti-none-eabi\c\</path>
         <kind>archive</kind>
         <file>libc.a</file>
         <name>memccpy.c.obj</name>
      </input_file>
      <input_file id="fl-4b">
         <path>D:\ccs\tools\compiler\ti-cgt-armllvm_4.0.4.LTS\lib\armv6m-ti-none-eabi\c\</path>
         <kind>archive</kind>
         <file>libc.a</file>
         <name>s_frexp.c.obj</name>
      </input_file>
      <input_file id="fl-4c">
         <path>D:\ccs\tools\compiler\ti-cgt-armllvm_4.0.4.LTS\lib\armv6m-ti-none-eabi\c\</path>
         <kind>archive</kind>
         <file>libc.a</file>
         <name>wcslen.c.obj</name>
      </input_file>
      <input_file id="fl-4d">
         <path>D:\ccs\tools\compiler\ti-cgt-armllvm_4.0.4.LTS\lib\armv6m-ti-none-eabi\c\</path>
         <kind>archive</kind>
         <file>libc.a</file>
         <name>fopen.c.obj</name>
      </input_file>
      <input_file id="fl-4e">
         <path>D:\ccs\tools\compiler\ti-cgt-armllvm_4.0.4.LTS\lib\armv6m-ti-none-eabi\c\</path>
         <kind>archive</kind>
         <file>libc.a</file>
         <name>fseek.c.obj</name>
      </input_file>
      <input_file id="fl-4f">
         <path>D:\ccs\tools\compiler\ti-cgt-armllvm_4.0.4.LTS\lib\armv6m-ti-none-eabi\c\</path>
         <kind>archive</kind>
         <file>libc.a</file>
         <name>fclose.c.obj</name>
      </input_file>
      <input_file id="fl-ef">
         <path>D:\ccs\tools\compiler\ti-cgt-armllvm_4.0.4.LTS\lib\armv6m-ti-none-eabi\c\</path>
         <kind>archive</kind>
         <file>libsysbm.a</file>
         <name>hostexit.c.obj</name>
      </input_file>
      <input_file id="fl-f0">
         <path>D:\ccs\tools\compiler\ti-cgt-armllvm_4.0.4.LTS\lib\armv6m-ti-none-eabi\c\</path>
         <kind>archive</kind>
         <file>libsysbm.a</file>
         <name>write.c.obj</name>
      </input_file>
      <input_file id="fl-f1">
         <path>D:\ccs\tools\compiler\ti-cgt-armllvm_4.0.4.LTS\lib\armv6m-ti-none-eabi\c\</path>
         <kind>archive</kind>
         <file>libsysbm.a</file>
         <name>host_device.c.obj</name>
      </input_file>
      <input_file id="fl-f2">
         <path>D:\ccs\tools\compiler\ti-cgt-armllvm_4.0.4.LTS\lib\armv6m-ti-none-eabi\c\</path>
         <kind>archive</kind>
         <file>libsysbm.a</file>
         <name>remove.c.obj</name>
      </input_file>
      <input_file id="fl-f3">
         <path>D:\ccs\tools\compiler\ti-cgt-armllvm_4.0.4.LTS\lib\armv6m-ti-none-eabi\c\</path>
         <kind>archive</kind>
         <file>libsysbm.a</file>
         <name>open.c.obj</name>
      </input_file>
      <input_file id="fl-f4">
         <path>D:\ccs\tools\compiler\ti-cgt-armllvm_4.0.4.LTS\lib\armv6m-ti-none-eabi\c\</path>
         <kind>archive</kind>
         <file>libsysbm.a</file>
         <name>lseek.c.obj</name>
      </input_file>
      <input_file id="fl-f5">
         <path>D:\ccs\tools\compiler\ti-cgt-armllvm_4.0.4.LTS\lib\armv6m-ti-none-eabi\c\</path>
         <kind>archive</kind>
         <file>libsysbm.a</file>
         <name>close.c.obj</name>
      </input_file>
      <input_file id="fl-f6">
         <path>D:\ccs\tools\compiler\ti-cgt-armllvm_4.0.4.LTS\lib\armv6m-ti-none-eabi\c\</path>
         <kind>archive</kind>
         <file>libsysbm.a</file>
         <name>unlink.c.obj</name>
      </input_file>
      <input_file id="fl-f7">
         <path>D:\ccs\tools\compiler\ti-cgt-armllvm_4.0.4.LTS\lib\armv6m-ti-none-eabi\c\</path>
         <kind>archive</kind>
         <file>libsysbm.a</file>
         <name>hostclose.c.obj</name>
      </input_file>
      <input_file id="fl-f8">
         <path>D:\ccs\tools\compiler\ti-cgt-armllvm_4.0.4.LTS\lib\armv6m-ti-none-eabi\c\</path>
         <kind>archive</kind>
         <file>libsysbm.a</file>
         <name>hostlseek.c.obj</name>
      </input_file>
      <input_file id="fl-f9">
         <path>D:\ccs\tools\compiler\ti-cgt-armllvm_4.0.4.LTS\lib\armv6m-ti-none-eabi\c\</path>
         <kind>archive</kind>
         <file>libsysbm.a</file>
         <name>hostopen.c.obj</name>
      </input_file>
      <input_file id="fl-fa">
         <path>D:\ccs\tools\compiler\ti-cgt-armllvm_4.0.4.LTS\lib\armv6m-ti-none-eabi\c\</path>
         <kind>archive</kind>
         <file>libsysbm.a</file>
         <name>hostread.c.obj</name>
      </input_file>
      <input_file id="fl-fb">
         <path>D:\ccs\tools\compiler\ti-cgt-armllvm_4.0.4.LTS\lib\armv6m-ti-none-eabi\c\</path>
         <kind>archive</kind>
         <file>libsysbm.a</file>
         <name>hostrename.c.obj</name>
      </input_file>
      <input_file id="fl-fc">
         <path>D:\ccs\tools\compiler\ti-cgt-armllvm_4.0.4.LTS\lib\armv6m-ti-none-eabi\c\</path>
         <kind>archive</kind>
         <file>libsysbm.a</file>
         <name>hostunlink.c.obj</name>
      </input_file>
      <input_file id="fl-fd">
         <path>D:\ccs\tools\compiler\ti-cgt-armllvm_4.0.4.LTS\lib\armv6m-ti-none-eabi\c\</path>
         <kind>archive</kind>
         <file>libsysbm.a</file>
         <name>hostwrite.c.obj</name>
      </input_file>
      <input_file id="fl-fe">
         <path>D:\ccs\tools\compiler\ti-cgt-armllvm_4.0.4.LTS\lib\armv6m-ti-none-eabi\c\</path>
         <kind>archive</kind>
         <file>libsysbm.a</file>
         <name>trgmsg.c.obj</name>
      </input_file>
      <input_file id="fl-ff">
         <path>D:\ccs\tools\compiler\ti-cgt-armllvm_4.0.4.LTS\lib\armv6m-ti-none-eabi\</path>
         <kind>archive</kind>
         <file>libclang_rt.builtins.a</file>
         <name>addsf3.S.obj</name>
      </input_file>
      <input_file id="fl-100">
         <path>D:\ccs\tools\compiler\ti-cgt-armllvm_4.0.4.LTS\lib\armv6m-ti-none-eabi\</path>
         <kind>archive</kind>
         <file>libclang_rt.builtins.a</file>
         <name>adddf3.S.obj</name>
      </input_file>
      <input_file id="fl-101">
         <path>D:\ccs\tools\compiler\ti-cgt-armllvm_4.0.4.LTS\lib\armv6m-ti-none-eabi\</path>
         <kind>archive</kind>
         <file>libclang_rt.builtins.a</file>
         <name>muldf3.S.obj</name>
      </input_file>
      <input_file id="fl-102">
         <path>D:\ccs\tools\compiler\ti-cgt-armllvm_4.0.4.LTS\lib\armv6m-ti-none-eabi\</path>
         <kind>archive</kind>
         <file>libclang_rt.builtins.a</file>
         <name>muldsi3.S.obj</name>
      </input_file>
      <input_file id="fl-103">
         <path>D:\ccs\tools\compiler\ti-cgt-armllvm_4.0.4.LTS\lib\armv6m-ti-none-eabi\</path>
         <kind>archive</kind>
         <file>libclang_rt.builtins.a</file>
         <name>mulsf3.S.obj</name>
      </input_file>
      <input_file id="fl-104">
         <path>D:\ccs\tools\compiler\ti-cgt-armllvm_4.0.4.LTS\lib\armv6m-ti-none-eabi\</path>
         <kind>archive</kind>
         <file>libclang_rt.builtins.a</file>
         <name>divsf3.S.obj</name>
      </input_file>
      <input_file id="fl-105">
         <path>D:\ccs\tools\compiler\ti-cgt-armllvm_4.0.4.LTS\lib\armv6m-ti-none-eabi\</path>
         <kind>archive</kind>
         <file>libclang_rt.builtins.a</file>
         <name>divdf3.S.obj</name>
      </input_file>
      <input_file id="fl-106">
         <path>D:\ccs\tools\compiler\ti-cgt-armllvm_4.0.4.LTS\lib\armv6m-ti-none-eabi\</path>
         <kind>archive</kind>
         <file>libclang_rt.builtins.a</file>
         <name>extendsfdf2.S.obj</name>
      </input_file>
      <input_file id="fl-107">
         <path>D:\ccs\tools\compiler\ti-cgt-armllvm_4.0.4.LTS\lib\armv6m-ti-none-eabi\</path>
         <kind>archive</kind>
         <file>libclang_rt.builtins.a</file>
         <name>fixdfsi.S.obj</name>
      </input_file>
      <input_file id="fl-108">
         <path>D:\ccs\tools\compiler\ti-cgt-armllvm_4.0.4.LTS\lib\armv6m-ti-none-eabi\</path>
         <kind>archive</kind>
         <file>libclang_rt.builtins.a</file>
         <name>fixunsdfsi.S.obj</name>
      </input_file>
      <input_file id="fl-109">
         <path>D:\ccs\tools\compiler\ti-cgt-armllvm_4.0.4.LTS\lib\armv6m-ti-none-eabi\</path>
         <kind>archive</kind>
         <file>libclang_rt.builtins.a</file>
         <name>fixunssfsi.S.obj</name>
      </input_file>
      <input_file id="fl-10a">
         <path>D:\ccs\tools\compiler\ti-cgt-armllvm_4.0.4.LTS\lib\armv6m-ti-none-eabi\</path>
         <kind>archive</kind>
         <file>libclang_rt.builtins.a</file>
         <name>floatsidf.S.obj</name>
      </input_file>
      <input_file id="fl-10b">
         <path>D:\ccs\tools\compiler\ti-cgt-armllvm_4.0.4.LTS\lib\armv6m-ti-none-eabi\</path>
         <kind>archive</kind>
         <file>libclang_rt.builtins.a</file>
         <name>floatsisf.S.obj</name>
      </input_file>
      <input_file id="fl-10c">
         <path>D:\ccs\tools\compiler\ti-cgt-armllvm_4.0.4.LTS\lib\armv6m-ti-none-eabi\</path>
         <kind>archive</kind>
         <file>libclang_rt.builtins.a</file>
         <name>floatunsidf.S.obj</name>
      </input_file>
      <input_file id="fl-10d">
         <path>D:\ccs\tools\compiler\ti-cgt-armllvm_4.0.4.LTS\lib\armv6m-ti-none-eabi\</path>
         <kind>archive</kind>
         <file>libclang_rt.builtins.a</file>
         <name>floatunsisf.S.obj</name>
      </input_file>
      <input_file id="fl-10e">
         <path>D:\ccs\tools\compiler\ti-cgt-armllvm_4.0.4.LTS\lib\armv6m-ti-none-eabi\</path>
         <kind>archive</kind>
         <file>libclang_rt.builtins.a</file>
         <name>muldi3.S.obj</name>
      </input_file>
      <input_file id="fl-10f">
         <path>D:\ccs\tools\compiler\ti-cgt-armllvm_4.0.4.LTS\lib\armv6m-ti-none-eabi\</path>
         <kind>archive</kind>
         <file>libclang_rt.builtins.a</file>
         <name>truncdfsf2.S.obj</name>
      </input_file>
      <input_file id="fl-110">
         <path>D:\ccs\tools\compiler\ti-cgt-armllvm_4.0.4.LTS\lib\armv6m-ti-none-eabi\</path>
         <kind>archive</kind>
         <file>libclang_rt.builtins.a</file>
         <name>aeabi_dcmp.S.obj</name>
      </input_file>
      <input_file id="fl-111">
         <path>D:\ccs\tools\compiler\ti-cgt-armllvm_4.0.4.LTS\lib\armv6m-ti-none-eabi\</path>
         <kind>archive</kind>
         <file>libclang_rt.builtins.a</file>
         <name>aeabi_fcmp.S.obj</name>
      </input_file>
      <input_file id="fl-112">
         <path>D:\ccs\tools\compiler\ti-cgt-armllvm_4.0.4.LTS\lib\armv6m-ti-none-eabi\</path>
         <kind>archive</kind>
         <file>libclang_rt.builtins.a</file>
         <name>aeabi_idivmod.S.obj</name>
      </input_file>
      <input_file id="fl-113">
         <path>D:\ccs\tools\compiler\ti-cgt-armllvm_4.0.4.LTS\lib\armv6m-ti-none-eabi\</path>
         <kind>archive</kind>
         <file>libclang_rt.builtins.a</file>
         <name>aeabi_memcpy.S.obj</name>
      </input_file>
      <input_file id="fl-114">
         <path>D:\ccs\tools\compiler\ti-cgt-armllvm_4.0.4.LTS\lib\armv6m-ti-none-eabi\</path>
         <kind>archive</kind>
         <file>libclang_rt.builtins.a</file>
         <name>aeabi_memset.S.obj</name>
      </input_file>
      <input_file id="fl-115">
         <path>D:\ccs\tools\compiler\ti-cgt-armllvm_4.0.4.LTS\lib\armv6m-ti-none-eabi\</path>
         <kind>archive</kind>
         <file>libclang_rt.builtins.a</file>
         <name>aeabi_uidivmod.S.obj</name>
      </input_file>
      <input_file id="fl-116">
         <path>D:\ccs\tools\compiler\ti-cgt-armllvm_4.0.4.LTS\lib\armv6m-ti-none-eabi\</path>
         <kind>archive</kind>
         <file>libclang_rt.builtins.a</file>
         <name>aeabi_uldivmod.S.obj</name>
      </input_file>
      <input_file id="fl-117">
         <path>D:\ccs\tools\compiler\ti-cgt-armllvm_4.0.4.LTS\lib\armv6m-ti-none-eabi\</path>
         <kind>archive</kind>
         <file>libclang_rt.builtins.a</file>
         <name>comparesf2.S.obj</name>
      </input_file>
      <input_file id="fl-118">
         <path>D:\ccs\tools\compiler\ti-cgt-armllvm_4.0.4.LTS\lib\armv6m-ti-none-eabi\</path>
         <kind>archive</kind>
         <file>libclang_rt.builtins.a</file>
         <name>udivmoddi4.S.obj</name>
      </input_file>
      <input_file id="fl-119">
         <path>D:\ccs\tools\compiler\ti-cgt-armllvm_4.0.4.LTS\lib\armv6m-ti-none-eabi\</path>
         <kind>archive</kind>
         <file>libclang_rt.builtins.a</file>
         <name>ashldi3.S.obj</name>
      </input_file>
      <input_file id="fl-11a">
         <path>D:\ccs\tools\compiler\ti-cgt-armllvm_4.0.4.LTS\lib\armv6m-ti-none-eabi\</path>
         <kind>archive</kind>
         <file>libclang_rt.builtins.a</file>
         <name>fixsfsi.S.obj</name>
      </input_file>
      <input_file id="fl-11b">
         <path>D:\ccs\tools\compiler\ti-cgt-armllvm_4.0.4.LTS\lib\armv6m-ti-none-eabi\</path>
         <kind>archive</kind>
         <file>libclang_rt.builtins.a</file>
         <name>comparedf2.c.obj</name>
      </input_file>
      <input_file id="fl-11c">
         <path>D:\ccs\tools\compiler\ti-cgt-armllvm_4.0.4.LTS\lib\armv6m-ti-none-eabi\</path>
         <kind>archive</kind>
         <file>libclang_rt.builtins.a</file>
         <name>aeabi_div0.c.obj</name>
      </input_file>
      <input_file id="fl-11d">
         <path>D:\ccs\tools\compiler\ti-cgt-armllvm_4.0.4.LTS\lib\armv6m-ti-none-eabi\c\</path>
         <kind>archive</kind>
         <file>libc.a</file>
         <name>getdevice.c.obj</name>
      </input_file>
      <input_file id="fl-11e">
         <path>D:\ccs\tools\compiler\ti-cgt-armllvm_4.0.4.LTS\lib\armv6m-ti-none-eabi\c\</path>
         <kind>archive</kind>
         <file>libc.a</file>
         <name>memcpy16.S.obj</name>
      </input_file>
      <input_file id="fl-11f">
         <path>D:\ccs\tools\compiler\ti-cgt-armllvm_4.0.4.LTS\lib\armv6m-ti-none-eabi\c\</path>
         <kind>archive</kind>
         <file>libc.a</file>
         <name>memset16.S.obj</name>
      </input_file>
      <input_file id="fl-120">
         <path>D:\ccs\tools\compiler\ti-cgt-armllvm_4.0.4.LTS\lib\armv6m-ti-none-eabi\c\</path>
         <kind>archive</kind>
         <file>libc.a</file>
         <name>strcmp-armv6m.S.obj</name>
      </input_file>
   </input_file_list>
   <object_component_list>
      <object_component id="oc-18">
         <name>.intvecs</name>
         <load_address>0x0</load_address>
         <readonly>true</readonly>
         <run_address>0x0</run_address>
         <size>0xc0</size>
         <alignment>0x4</alignment>
         <input_file_ref idref="fl-3"/>
      </object_component>
      <object_component id="oc-ec">
         <name>.text.ILI9341_init</name>
         <load_address>0xc0</load_address>
         <readonly>true</readonly>
         <executable>true</executable>
         <run_address>0xc0</run_address>
         <size>0x17e4</size>
         <alignment>0x4</alignment>
         <input_file_ref idref="fl-5"/>
      </object_component>
      <object_component id="oc-1ab">
         <name>.text:__TI_printfi_nofloat</name>
         <load_address>0x18a4</load_address>
         <readonly>true</readonly>
         <executable>true</executable>
         <run_address>0x18a4</run_address>
         <size>0x868</size>
         <alignment>0x4</alignment>
         <input_file_ref idref="fl-3f"/>
      </object_component>
      <object_component id="oc-17e">
         <name>.text.ILI9341_address_set</name>
         <load_address>0x210c</load_address>
         <readonly>true</readonly>
         <executable>true</executable>
         <run_address>0x210c</run_address>
         <size>0x584</size>
         <alignment>0x4</alignment>
         <input_file_ref idref="fl-5"/>
      </object_component>
      <object_component id="oc-70">
         <name>.text.strtod</name>
         <load_address>0x2690</load_address>
         <readonly>true</readonly>
         <executable>true</executable>
         <run_address>0x2690</run_address>
         <size>0x3b8</size>
         <alignment>0x4</alignment>
         <input_file_ref idref="fl-36"/>
      </object_component>
      <object_component id="oc-13d">
         <name>.text.ILI9341_clear</name>
         <load_address>0x2a48</load_address>
         <readonly>true</readonly>
         <executable>true</executable>
         <run_address>0x2a48</run_address>
         <size>0x30c</size>
         <alignment>0x4</alignment>
         <input_file_ref idref="fl-5"/>
      </object_component>
      <object_component id="oc-142">
         <name>.text.ILI9341_float_3_display</name>
         <load_address>0x2d54</load_address>
         <readonly>true</readonly>
         <executable>true</executable>
         <run_address>0x2d54</run_address>
         <size>0x22c</size>
         <alignment>0x4</alignment>
         <input_file_ref idref="fl-5"/>
      </object_component>
      <object_component id="oc-141">
         <name>.text.ILI9341_draw_string</name>
         <load_address>0x2f80</load_address>
         <readonly>true</readonly>
         <executable>true</executable>
         <run_address>0x2f80</run_address>
         <size>0x1dc</size>
         <alignment>0x4</alignment>
         <input_file_ref idref="fl-5"/>
      </object_component>
      <object_component id="oc-a7">
         <name>.text.adddf3_subdf3</name>
         <load_address>0x315c</load_address>
         <readonly>true</readonly>
         <executable>true</executable>
         <run_address>0x315c</run_address>
         <size>0x192</size>
         <alignment>0x4</alignment>
         <input_file_ref idref="fl-100"/>
      </object_component>
      <object_component id="oc-33">
         <name>.text.Default_Handler</name>
         <load_address>0x32ee</load_address>
         <readonly>true</readonly>
         <executable>true</executable>
         <run_address>0x32ee</run_address>
         <size>0x2</size>
         <alignment>0x2</alignment>
         <input_file_ref idref="fl-3"/>
      </object_component>
      <object_component id="oc-81">
         <name>.text.PID_control</name>
         <load_address>0x32f0</load_address>
         <readonly>true</readonly>
         <executable>true</executable>
         <run_address>0x32f0</run_address>
         <size>0x12c</size>
         <alignment>0x4</alignment>
         <input_file_ref idref="fl-1"/>
      </object_component>
      <object_component id="oc-17f">
         <name>.text.ILI9341_wr_data</name>
         <load_address>0x341c</load_address>
         <readonly>true</readonly>
         <executable>true</executable>
         <run_address>0x341c</run_address>
         <size>0x11c</size>
         <alignment>0x4</alignment>
         <input_file_ref idref="fl-5"/>
      </object_component>
      <object_component id="oc-b8">
         <name>.text.__divdf3</name>
         <load_address>0x3538</load_address>
         <readonly>true</readonly>
         <executable>true</executable>
         <run_address>0x3538</run_address>
         <size>0x10c</size>
         <alignment>0x4</alignment>
         <input_file_ref idref="fl-105"/>
      </object_component>
      <object_component id="oc-161">
         <name>.text.DL_Timer_initTimerMode</name>
         <load_address>0x3644</load_address>
         <readonly>true</readonly>
         <executable>true</executable>
         <run_address>0x3644</run_address>
         <size>0xfc</size>
         <alignment>0x4</alignment>
         <input_file_ref idref="fl-16"/>
      </object_component>
      <object_component id="oc-a3">
         <name>.text.__muldf3</name>
         <load_address>0x3740</load_address>
         <readonly>true</readonly>
         <executable>true</executable>
         <run_address>0x3740</run_address>
         <size>0xe4</size>
         <alignment>0x4</alignment>
         <input_file_ref idref="fl-101"/>
      </object_component>
      <object_component id="oc-b4">
         <name>.text.scalbn</name>
         <load_address>0x3824</load_address>
         <readonly>true</readonly>
         <executable>true</executable>
         <run_address>0x3824</run_address>
         <size>0xd8</size>
         <alignment>0x4</alignment>
         <input_file_ref idref="fl-30"/>
      </object_component>
      <object_component id="oc-c9">
         <name>.text</name>
         <load_address>0x38fc</load_address>
         <readonly>true</readonly>
         <executable>true</executable>
         <run_address>0x38fc</run_address>
         <size>0xd8</size>
         <alignment>0x4</alignment>
         <input_file_ref idref="fl-ff"/>
      </object_component>
      <object_component id="oc-1df">
         <name>.text</name>
         <load_address>0x39d4</load_address>
         <readonly>true</readonly>
         <executable>true</executable>
         <run_address>0x39d4</run_address>
         <size>0xa2</size>
         <alignment>0x4</alignment>
         <input_file_ref idref="fl-118"/>
      </object_component>
      <object_component id="oc-e2">
         <name>.text:memcpy</name>
         <load_address>0x3a76</load_address>
         <readonly>true</readonly>
         <executable>true</executable>
         <run_address>0x3a76</run_address>
         <size>0x9a</size>
         <alignment>0x1</alignment>
         <input_file_ref idref="fl-11e"/>
      </object_component>
      <object_component id="oc-f2">
         <name>.text.Screen_display</name>
         <load_address>0x3b10</load_address>
         <readonly>true</readonly>
         <executable>true</executable>
         <run_address>0x3b10</run_address>
         <size>0x8c</size>
         <alignment>0x4</alignment>
         <input_file_ref idref="fl-1"/>
      </object_component>
      <object_component id="oc-66">
         <name>.text.__mulsf3</name>
         <load_address>0x3b9c</load_address>
         <readonly>true</readonly>
         <executable>true</executable>
         <run_address>0x3b9c</run_address>
         <size>0x8c</size>
         <alignment>0x4</alignment>
         <input_file_ref idref="fl-103"/>
      </object_component>
      <object_component id="oc-174">
         <name>.text.DL_DAC12_init</name>
         <load_address>0x3c28</load_address>
         <readonly>true</readonly>
         <executable>true</executable>
         <run_address>0x3c28</run_address>
         <size>0x88</size>
         <alignment>0x4</alignment>
         <input_file_ref idref="fl-15"/>
      </object_component>
      <object_component id="oc-62">
         <name>.text.__divsf3</name>
         <load_address>0x3cb0</load_address>
         <readonly>true</readonly>
         <executable>true</executable>
         <run_address>0x3cb0</run_address>
         <size>0x82</size>
         <alignment>0x4</alignment>
         <input_file_ref idref="fl-104"/>
      </object_component>
      <object_component id="oc-1d2">
         <name>.text.__aeabi_idiv0</name>
         <load_address>0x3d32</load_address>
         <readonly>true</readonly>
         <executable>true</executable>
         <run_address>0x3d32</run_address>
         <size>0x2</size>
         <alignment>0x2</alignment>
         <input_file_ref idref="fl-11c"/>
      </object_component>
      <object_component id="oc-34">
         <name>.text.ADC0_IRQHandler</name>
         <load_address>0x3d34</load_address>
         <readonly>true</readonly>
         <executable>true</executable>
         <run_address>0x3d34</run_address>
         <size>0x80</size>
         <alignment>0x4</alignment>
         <input_file_ref idref="fl-1"/>
      </object_component>
      <object_component id="oc-39">
         <name>.text.UART0_IRQHandler</name>
         <load_address>0x3db4</load_address>
         <readonly>true</readonly>
         <executable>true</executable>
         <run_address>0x3db4</run_address>
         <size>0x7c</size>
         <alignment>0x4</alignment>
         <input_file_ref idref="fl-1"/>
      </object_component>
      <object_component id="oc-1c">
         <name>.text:decompress:lzss</name>
         <load_address>0x3e30</load_address>
         <readonly>true</readonly>
         <executable>true</executable>
         <run_address>0x3e30</run_address>
         <size>0x7c</size>
         <alignment>0x4</alignment>
         <input_file_ref idref="fl-3e"/>
      </object_component>
      <object_component id="oc-115">
         <name>.text.__gedf2</name>
         <load_address>0x3eac</load_address>
         <readonly>true</readonly>
         <executable>true</executable>
         <run_address>0x3eac</run_address>
         <size>0x74</size>
         <alignment>0x4</alignment>
         <input_file_ref idref="fl-11b"/>
      </object_component>
      <object_component id="oc-76">
         <name>.text.__truncdfsf2</name>
         <load_address>0x3f20</load_address>
         <readonly>true</readonly>
         <executable>true</executable>
         <run_address>0x3f20</run_address>
         <size>0x74</size>
         <alignment>0x10</alignment>
         <input_file_ref idref="fl-10f"/>
      </object_component>
      <object_component id="oc-133">
         <name>.text.SYSCFG_DL_UART_0_init</name>
         <load_address>0x3f94</load_address>
         <readonly>true</readonly>
         <executable>true</executable>
         <run_address>0x3f94</run_address>
         <size>0x70</size>
         <alignment>0x4</alignment>
         <input_file_ref idref="fl-2"/>
      </object_component>
      <object_component id="oc-8f">
         <name>.text.main</name>
         <load_address>0x4004</load_address>
         <readonly>true</readonly>
         <executable>true</executable>
         <run_address>0x4004</run_address>
         <size>0x70</size>
         <alignment>0x4</alignment>
         <input_file_ref idref="fl-1"/>
      </object_component>
      <object_component id="oc-134">
         <name>.text.SYSCFG_DL_ADC12_0_init</name>
         <load_address>0x4074</load_address>
         <readonly>true</readonly>
         <executable>true</executable>
         <run_address>0x4074</run_address>
         <size>0x68</size>
         <alignment>0x4</alignment>
         <input_file_ref idref="fl-2"/>
      </object_component>
      <object_component id="oc-10f">
         <name>.text.__ledf2</name>
         <load_address>0x40dc</load_address>
         <readonly>true</readonly>
         <executable>true</executable>
         <run_address>0x40dc</run_address>
         <size>0x68</size>
         <alignment>0x4</alignment>
         <input_file_ref idref="fl-11b"/>
      </object_component>
      <object_component id="oc-ab">
         <name>.text.__aeabi_dcmp</name>
         <load_address>0x4144</load_address>
         <readonly>true</readonly>
         <executable>true</executable>
         <run_address>0x4144</run_address>
         <size>0x62</size>
         <alignment>0x4</alignment>
         <input_file_ref idref="fl-110"/>
      </object_component>
      <object_component id="oc-1fe">
         <name>.text.__aeabi_ldiv0</name>
         <load_address>0x41a6</load_address>
         <readonly>true</readonly>
         <executable>true</executable>
         <run_address>0x41a6</run_address>
         <size>0x2</size>
         <alignment>0x2</alignment>
         <input_file_ref idref="fl-11c"/>
      </object_component>
      <object_component id="oc-7a">
         <name>.text.__aeabi_fcmp</name>
         <load_address>0x41a8</load_address>
         <readonly>true</readonly>
         <executable>true</executable>
         <run_address>0x41a8</run_address>
         <size>0x62</size>
         <alignment>0x4</alignment>
         <input_file_ref idref="fl-111"/>
      </object_component>
      <object_component id="oc-12d">
         <name>.text:memset</name>
         <load_address>0x420a</load_address>
         <readonly>true</readonly>
         <executable>true</executable>
         <run_address>0x420a</run_address>
         <size>0x62</size>
         <alignment>0x1</alignment>
         <input_file_ref idref="fl-11f"/>
      </object_component>
      <object_component id="oc-12e">
         <name>.text.SYSCFG_DL_initPower</name>
         <load_address>0x426c</load_address>
         <readonly>true</readonly>
         <executable>true</executable>
         <run_address>0x426c</run_address>
         <size>0x54</size>
         <alignment>0x4</alignment>
         <input_file_ref idref="fl-2"/>
      </object_component>
      <object_component id="oc-130">
         <name>.text.SYSCFG_DL_SYSCTL_init</name>
         <load_address>0x42c0</load_address>
         <readonly>true</readonly>
         <executable>true</executable>
         <run_address>0x42c0</run_address>
         <size>0x50</size>
         <alignment>0x4</alignment>
         <input_file_ref idref="fl-2"/>
      </object_component>
      <object_component id="oc-16a">
         <name>.text.DL_UART_init</name>
         <load_address>0x4310</load_address>
         <readonly>true</readonly>
         <executable>true</executable>
         <run_address>0x4310</run_address>
         <size>0x48</size>
         <alignment>0x4</alignment>
         <input_file_ref idref="fl-17"/>
      </object_component>
      <object_component id="oc-12f">
         <name>.text.SYSCFG_DL_GPIO_init</name>
         <load_address>0x4358</load_address>
         <readonly>true</readonly>
         <executable>true</executable>
         <run_address>0x4358</run_address>
         <size>0x48</size>
         <alignment>0x4</alignment>
         <input_file_ref idref="fl-2"/>
      </object_component>
      <object_component id="oc-16d">
         <name>.text.DL_ADC12_setClockConfig</name>
         <load_address>0x43a0</load_address>
         <readonly>true</readonly>
         <executable>true</executable>
         <run_address>0x43a0</run_address>
         <size>0x40</size>
         <alignment>0x4</alignment>
         <input_file_ref idref="fl-13"/>
      </object_component>
      <object_component id="oc-1b4">
         <name>.text.__aeabi_uidivmod</name>
         <load_address>0x43e0</load_address>
         <readonly>true</readonly>
         <executable>true</executable>
         <run_address>0x43e0</run_address>
         <size>0x40</size>
         <alignment>0x4</alignment>
         <input_file_ref idref="fl-115"/>
      </object_component>
      <object_component id="oc-cd">
         <name>.text.__extendsfdf2</name>
         <load_address>0x4420</load_address>
         <readonly>true</readonly>
         <executable>true</executable>
         <run_address>0x4420</run_address>
         <size>0x40</size>
         <alignment>0x4</alignment>
         <input_file_ref idref="fl-106"/>
      </object_component>
      <object_component id="oc-1ba">
         <name>.text.atoi</name>
         <load_address>0x4460</load_address>
         <readonly>true</readonly>
         <executable>true</executable>
         <run_address>0x4460</run_address>
         <size>0x40</size>
         <alignment>0x4</alignment>
         <input_file_ref idref="fl-49"/>
      </object_component>
      <object_component id="oc-c7">
         <name>.text.__gtsf2</name>
         <load_address>0x44a0</load_address>
         <readonly>true</readonly>
         <executable>true</executable>
         <run_address>0x44a0</run_address>
         <size>0x3c</size>
         <alignment>0x4</alignment>
         <input_file_ref idref="fl-117"/>
      </object_component>
      <object_component id="oc-fa">
         <name>.text:__TI_auto_init_nobinit_nopinit</name>
         <load_address>0x44dc</load_address>
         <readonly>true</readonly>
         <executable>true</executable>
         <run_address>0x44dc</run_address>
         <size>0x3c</size>
         <alignment>0x4</alignment>
         <input_file_ref idref="fl-39"/>
      </object_component>
      <object_component id="oc-c2">
         <name>.text.__eqsf2</name>
         <load_address>0x4518</load_address>
         <readonly>true</readonly>
         <executable>true</executable>
         <run_address>0x4518</run_address>
         <size>0x3a</size>
         <alignment>0x4</alignment>
         <input_file_ref idref="fl-117"/>
      </object_component>
      <object_component id="oc-9c">
         <name>.text.__muldsi3</name>
         <load_address>0x4554</load_address>
         <readonly>true</readonly>
         <executable>true</executable>
         <run_address>0x4554</run_address>
         <size>0x3a</size>
         <alignment>0x4</alignment>
         <input_file_ref idref="fl-102"/>
      </object_component>
      <object_component id="oc-132">
         <name>.text.SYSCFG_DL_TIMER_0_init</name>
         <load_address>0x4590</load_address>
         <readonly>true</readonly>
         <executable>true</executable>
         <run_address>0x4590</run_address>
         <size>0x38</size>
         <alignment>0x4</alignment>
         <input_file_ref idref="fl-2"/>
      </object_component>
      <object_component id="oc-122">
         <name>.text.__fixsfsi</name>
         <load_address>0x45c8</load_address>
         <readonly>true</readonly>
         <executable>true</executable>
         <run_address>0x45c8</run_address>
         <size>0x38</size>
         <alignment>0x4</alignment>
         <input_file_ref idref="fl-11a"/>
      </object_component>
      <object_component id="oc-183">
         <name>.text.sprintf</name>
         <load_address>0x4600</load_address>
         <readonly>true</readonly>
         <executable>true</executable>
         <run_address>0x4600</run_address>
         <size>0x38</size>
         <alignment>0x4</alignment>
         <input_file_ref idref="fl-31"/>
      </object_component>
      <object_component id="oc-d1">
         <name>.text.__fixunssfsi</name>
         <load_address>0x4638</load_address>
         <readonly>true</readonly>
         <executable>true</executable>
         <run_address>0x4638</run_address>
         <size>0x32</size>
         <alignment>0x4</alignment>
         <input_file_ref idref="fl-109"/>
      </object_component>
      <object_component id="oc-e7">
         <name>.text.SYSCFG_DL_init</name>
         <load_address>0x466c</load_address>
         <readonly>true</readonly>
         <executable>true</executable>
         <run_address>0x466c</run_address>
         <size>0x2c</size>
         <alignment>0x4</alignment>
         <input_file_ref idref="fl-2"/>
      </object_component>
      <object_component id="oc-5e">
         <name>.text.__floatunsisf</name>
         <load_address>0x4698</load_address>
         <readonly>true</readonly>
         <executable>true</executable>
         <run_address>0x4698</run_address>
         <size>0x28</size>
         <alignment>0x4</alignment>
         <input_file_ref idref="fl-10d"/>
      </object_component>
      <object_component id="oc-57">
         <name>.text:_c_int00_noargs</name>
         <load_address>0x46c0</load_address>
         <readonly>true</readonly>
         <executable>true</executable>
         <run_address>0x46c0</run_address>
         <size>0x28</size>
         <alignment>0x4</alignment>
         <input_file_ref idref="fl-37"/>
      </object_component>
      <object_component id="oc-135">
         <name>.text.SYSCFG_DL_DAC12_init</name>
         <load_address>0x46e8</load_address>
         <readonly>true</readonly>
         <executable>true</executable>
         <run_address>0x46e8</run_address>
         <size>0x24</size>
         <alignment>0x4</alignment>
         <input_file_ref idref="fl-2"/>
      </object_component>
      <object_component id="oc-1c2">
         <name>.text.__muldi3</name>
         <load_address>0x470c</load_address>
         <readonly>true</readonly>
         <executable>true</executable>
         <run_address>0x470c</run_address>
         <size>0x24</size>
         <alignment>0x4</alignment>
         <input_file_ref idref="fl-10e"/>
      </object_component>
      <object_component id="oc-1af">
         <name>.text.memccpy</name>
         <load_address>0x4730</load_address>
         <readonly>true</readonly>
         <executable>true</executable>
         <run_address>0x4730</run_address>
         <size>0x22</size>
         <alignment>0x2</alignment>
         <input_file_ref idref="fl-4a"/>
      </object_component>
      <object_component id="oc-1ff">
         <name>.text.__ashldi3</name>
         <load_address>0x4754</load_address>
         <readonly>true</readonly>
         <executable>true</executable>
         <run_address>0x4754</run_address>
         <size>0x1e</size>
         <alignment>0x4</alignment>
         <input_file_ref idref="fl-119"/>
      </object_component>
      <object_component id="oc-15b">
         <name>.text.DL_Timer_setClockConfig</name>
         <load_address>0x4774</load_address>
         <readonly>true</readonly>
         <executable>true</executable>
         <run_address>0x4774</run_address>
         <size>0x1c</size>
         <alignment>0x4</alignment>
         <input_file_ref idref="fl-16"/>
      </object_component>
      <object_component id="oc-3b">
         <name>.text.TIMA0_IRQHandler</name>
         <load_address>0x4790</load_address>
         <readonly>true</readonly>
         <executable>true</executable>
         <run_address>0x4790</run_address>
         <size>0x18</size>
         <alignment>0x4</alignment>
         <input_file_ref idref="fl-1"/>
      </object_component>
      <object_component id="oc-1a1">
         <name>.text._outs</name>
         <load_address>0x47a8</load_address>
         <readonly>true</readonly>
         <executable>true</executable>
         <run_address>0x47a8</run_address>
         <size>0x18</size>
         <alignment>0x2</alignment>
         <input_file_ref idref="fl-31"/>
      </object_component>
      <object_component id="oc-4e">
         <name>.text:decompress:ZI:__TI_zero_init_nomemset</name>
         <load_address>0x47c0</load_address>
         <readonly>true</readonly>
         <executable>true</executable>
         <run_address>0x47c0</run_address>
         <size>0x16</size>
         <alignment>0x2</alignment>
         <input_file_ref idref="fl-3c"/>
      </object_component>
      <object_component id="oc-1c7">
         <name>.text.__aeabi_uldivmod</name>
         <load_address>0x47d8</load_address>
         <readonly>true</readonly>
         <executable>true</executable>
         <run_address>0x47d8</run_address>
         <size>0x14</size>
         <alignment>0x4</alignment>
         <input_file_ref idref="fl-116"/>
      </object_component>
      <object_component id="oc-164">
         <name>.text.DL_UART_setClockConfig</name>
         <load_address>0x47ec</load_address>
         <readonly>true</readonly>
         <executable>true</executable>
         <run_address>0x47ec</run_address>
         <size>0x12</size>
         <alignment>0x2</alignment>
         <input_file_ref idref="fl-17"/>
      </object_component>
      <object_component id="oc-20">
         <name>.text:decompress:none</name>
         <load_address>0x47fe</load_address>
         <readonly>true</readonly>
         <executable>true</executable>
         <run_address>0x47fe</run_address>
         <size>0x12</size>
         <alignment>0x2</alignment>
         <input_file_ref idref="fl-3d"/>
      </object_component>
      <object_component id="oc-1be">
         <name>.text.wcslen</name>
         <load_address>0x4810</load_address>
         <readonly>true</readonly>
         <executable>true</executable>
         <run_address>0x4810</run_address>
         <size>0x10</size>
         <alignment>0x2</alignment>
         <input_file_ref idref="fl-4c"/>
      </object_component>
      <object_component id="oc-1ae">
         <name>.text.__aeabi_memset</name>
         <load_address>0x4820</load_address>
         <readonly>true</readonly>
         <executable>true</executable>
         <run_address>0x4820</run_address>
         <size>0xe</size>
         <alignment>0x4</alignment>
         <input_file_ref idref="fl-114"/>
      </object_component>
      <object_component id="oc-1ad">
         <name>.text.strlen</name>
         <load_address>0x482e</load_address>
         <readonly>true</readonly>
         <executable>true</executable>
         <run_address>0x482e</run_address>
         <size>0xe</size>
         <alignment>0x2</alignment>
         <input_file_ref idref="fl-3f"/>
      </object_component>
      <object_component id="oc-139">
         <name>.text.DL_Common_delayCycles</name>
         <load_address>0x483c</load_address>
         <readonly>true</readonly>
         <executable>true</executable>
         <run_address>0x483c</run_address>
         <size>0xa</size>
         <alignment>0x2</alignment>
         <input_file_ref idref="fl-14"/>
      </object_component>
      <object_component id="oc-1a2">
         <name>.text._outc</name>
         <load_address>0x4846</load_address>
         <readonly>true</readonly>
         <executable>true</executable>
         <run_address>0x4846</run_address>
         <size>0xa</size>
         <alignment>0x2</alignment>
         <input_file_ref idref="fl-31"/>
      </object_component>
      <object_component id="oc-a1">
         <name>.text.OUTLINED_FUNCTION_0</name>
         <load_address>0x4850</load_address>
         <readonly>true</readonly>
         <executable>true</executable>
         <run_address>0x4850</run_address>
         <size>0x8</size>
         <alignment>0x2</alignment>
         <input_file_ref idref="fl-36"/>
      </object_component>
      <object_component id="oc-a2">
         <name>.text.OUTLINED_FUNCTION_1</name>
         <load_address>0x4858</load_address>
         <readonly>true</readonly>
         <executable>true</executable>
         <run_address>0x4858</run_address>
         <size>0x8</size>
         <alignment>0x2</alignment>
         <input_file_ref idref="fl-36"/>
      </object_component>
      <object_component id="oc-af">
         <name>.text.__aeabi_errno_addr</name>
         <load_address>0x4860</load_address>
         <readonly>true</readonly>
         <executable>true</executable>
         <run_address>0x4860</run_address>
         <size>0x8</size>
         <alignment>0x4</alignment>
         <input_file_ref idref="fl-32"/>
      </object_component>
      <object_component id="oc-47">
         <name>.text.__aeabi_memcpy</name>
         <load_address>0x4868</load_address>
         <readonly>true</readonly>
         <executable>true</executable>
         <run_address>0x4868</run_address>
         <size>0x8</size>
         <alignment>0x4</alignment>
         <input_file_ref idref="fl-113"/>
      </object_component>
      <object_component id="oc-f3">
         <name>.text:abort</name>
         <load_address>0x4870</load_address>
         <readonly>true</readonly>
         <executable>true</executable>
         <run_address>0x4870</run_address>
         <size>0x6</size>
         <alignment>0x2</alignment>
         <input_file_ref idref="fl-45"/>
      </object_component>
      <object_component id="oc-147">
         <name>.text.HOSTexit</name>
         <load_address>0x4876</load_address>
         <readonly>true</readonly>
         <executable>true</executable>
         <run_address>0x4876</run_address>
         <size>0x4</size>
         <alignment>0x2</alignment>
         <input_file_ref idref="fl-ef"/>
      </object_component>
      <object_component id="oc-2f">
         <name>.text.Reset_Handler</name>
         <load_address>0x487a</load_address>
         <readonly>true</readonly>
         <executable>true</executable>
         <run_address>0x487a</run_address>
         <size>0x4</size>
         <alignment>0x2</alignment>
         <input_file_ref idref="fl-3"/>
      </object_component>
      <object_component id="oc-8b">
         <name>.text._system_pre_init</name>
         <load_address>0x487e</load_address>
         <readonly>true</readonly>
         <executable>true</executable>
         <run_address>0x487e</run_address>
         <size>0x4</size>
         <alignment>0x2</alignment>
         <input_file_ref idref="fl-3a"/>
      </object_component>
      <object_component id="oc-255">
         <name>.cinit..data.load</name>
         <load_address>0x5110</load_address>
         <readonly>true</readonly>
         <run_address>0x5110</run_address>
         <size>0x17</size>
         <alignment>0x1</alignment>
      </object_component>
      <object_component id="oc-253">
         <name>__TI_handler_table</name>
         <load_address>0x5128</load_address>
         <readonly>true</readonly>
         <run_address>0x5128</run_address>
         <size>0xc</size>
         <alignment>0x4</alignment>
      </object_component>
      <object_component id="oc-256">
         <name>.cinit..bss.load</name>
         <load_address>0x5134</load_address>
         <readonly>true</readonly>
         <run_address>0x5134</run_address>
         <size>0x8</size>
         <alignment>0x4</alignment>
      </object_component>
      <object_component id="oc-254">
         <name>__TI_cinit_table</name>
         <load_address>0x513c</load_address>
         <readonly>true</readonly>
         <run_address>0x513c</run_address>
         <size>0x10</size>
         <alignment>0x4</alignment>
      </object_component>
      <object_component id="oc-180">
         <name>.rodata.asc2_1608</name>
         <load_address>0x4890</load_address>
         <readonly>true</readonly>
         <run_address>0x4890</run_address>
         <size>0x5f0</size>
         <alignment>0x1</alignment>
         <input_file_ref idref="fl-4"/>
      </object_component>
      <object_component id="oc-bc">
         <name>.rodata:__aeabi_ctype_table_</name>
         <load_address>0x4e80</load_address>
         <readonly>true</readonly>
         <run_address>0x4e80</run_address>
         <size>0x101</size>
         <alignment>0x10</alignment>
         <input_file_ref idref="fl-44"/>
      </object_component>
      <object_component id="oc-162">
         <name>.rodata.gTIMER_0ClockConfig</name>
         <load_address>0x4f81</load_address>
         <readonly>true</readonly>
         <run_address>0x4f81</run_address>
         <size>0x3</size>
         <alignment>0x1</alignment>
         <input_file_ref idref="fl-2"/>
      </object_component>
      <object_component id="oc-16b">
         <name>.rodata.gUART_0ClockConfig</name>
         <load_address>0x4f84</load_address>
         <readonly>true</readonly>
         <run_address>0x4f84</run_address>
         <size>0x2</size>
         <alignment>0x1</alignment>
         <input_file_ref idref="fl-2"/>
      </object_component>
      <object_component id="oc-bd">
         <name>.rodata.digits</name>
         <load_address>0x4f88</load_address>
         <readonly>true</readonly>
         <run_address>0x4f88</run_address>
         <size>0x80</size>
         <alignment>0x8</alignment>
         <input_file_ref idref="fl-36"/>
      </object_component>
      <object_component id="oc-be">
         <name>.rodata.powerof10</name>
         <load_address>0x5008</load_address>
         <readonly>true</readonly>
         <run_address>0x5008</run_address>
         <size>0x48</size>
         <alignment>0x8</alignment>
         <input_file_ref idref="fl-36"/>
      </object_component>
      <object_component id="oc-17a">
         <name>.rodata.gDAC12Config</name>
         <load_address>0x5050</load_address>
         <readonly>true</readonly>
         <run_address>0x5050</run_address>
         <size>0x20</size>
         <alignment>0x4</alignment>
         <input_file_ref idref="fl-2"/>
      </object_component>
      <object_component id="oc-146">
         <name>.rodata.str1.14685083708502177989.1</name>
         <load_address>0x5070</load_address>
         <readonly>true</readonly>
         <run_address>0x5070</run_address>
         <size>0x16</size>
         <alignment>0x1</alignment>
         <input_file_ref idref="fl-1"/>
      </object_component>
      <object_component id="oc-145">
         <name>.rodata.str1.254342170260855183.1</name>
         <load_address>0x5086</load_address>
         <readonly>true</readonly>
         <run_address>0x5086</run_address>
         <size>0x16</size>
         <alignment>0x1</alignment>
         <input_file_ref idref="fl-1"/>
      </object_component>
      <object_component id="oc-144">
         <name>.rodata.str1.9517790425240694019.1</name>
         <load_address>0x509c</load_address>
         <readonly>true</readonly>
         <run_address>0x509c</run_address>
         <size>0x16</size>
         <alignment>0x1</alignment>
         <input_file_ref idref="fl-1"/>
      </object_component>
      <object_component id="oc-163">
         <name>.rodata.gTIMER_0TimerConfig</name>
         <load_address>0x50b4</load_address>
         <readonly>true</readonly>
         <run_address>0x50b4</run_address>
         <size>0x14</size>
         <alignment>0x4</alignment>
         <input_file_ref idref="fl-2"/>
      </object_component>
      <object_component id="oc-1c6">
         <name>.rodata.str1.10348868589481759720.1</name>
         <load_address>0x50c8</load_address>
         <readonly>true</readonly>
         <run_address>0x50c8</run_address>
         <size>0x11</size>
         <alignment>0x1</alignment>
         <input_file_ref idref="fl-3f"/>
      </object_component>
      <object_component id="oc-1b3">
         <name>.rodata.str1.15363888844622738466.1</name>
         <load_address>0x50d9</load_address>
         <readonly>true</readonly>
         <run_address>0x50d9</run_address>
         <size>0x11</size>
         <alignment>0x1</alignment>
         <input_file_ref idref="fl-3f"/>
      </object_component>
      <object_component id="oc-16c">
         <name>.rodata.gUART_0Config</name>
         <load_address>0x50ea</load_address>
         <readonly>true</readonly>
         <run_address>0x50ea</run_address>
         <size>0xa</size>
         <alignment>0x2</alignment>
         <input_file_ref idref="fl-2"/>
      </object_component>
      <object_component id="oc-173">
         <name>.rodata.gADC12_0ClockConfig</name>
         <load_address>0x50f4</load_address>
         <readonly>true</readonly>
         <run_address>0x50f4</run_address>
         <size>0x8</size>
         <alignment>0x4</alignment>
         <input_file_ref idref="fl-2"/>
      </object_component>
      <object_component id="oc-189">
         <name>.rodata.str1.924439977015995577.1</name>
         <load_address>0x50fc</load_address>
         <readonly>true</readonly>
         <run_address>0x50fc</run_address>
         <size>0x8</size>
         <alignment>0x1</alignment>
         <input_file_ref idref="fl-5"/>
      </object_component>
      <object_component id="oc-21b">
         <name>.binit</name>
         <load_address>0x0</load_address>
         <readonly>true</readonly>
         <run_address>0x0</run_address>
         <size>0x0</size>
         <alignment>0x4</alignment>
      </object_component>
      <object_component id="oc-80">
         <name>.data.target_duty</name>
         <load_address>0x20200108</load_address>
         <readwrite>true</readwrite>
         <run_address>0x20200108</run_address>
         <size>0x4</size>
         <alignment>0x4</alignment>
         <input_file_ref idref="fl-1"/>
      </object_component>
      <object_component id="oc-6c">
         <name>.data.current_duty</name>
         <load_address>0x202000ec</load_address>
         <readwrite>true</readwrite>
         <run_address>0x202000ec</run_address>
         <size>0x4</size>
         <alignment>0x4</alignment>
         <input_file_ref idref="fl-1"/>
      </object_component>
      <object_component id="oc-6d">
         <name>.data.current_voltage</name>
         <load_address>0x202000f0</load_address>
         <readwrite>true</readwrite>
         <run_address>0x202000f0</run_address>
         <size>0x4</size>
         <alignment>0x4</alignment>
         <input_file_ref idref="fl-1"/>
      </object_component>
      <object_component id="oc-6a">
         <name>.data.ADC_sum</name>
         <load_address>0x202000d8</load_address>
         <readwrite>true</readwrite>
         <run_address>0x202000d8</run_address>
         <size>0x4</size>
         <alignment>0x4</alignment>
         <input_file_ref idref="fl-1"/>
      </object_component>
      <object_component id="oc-6b">
         <name>.data.ADC_count</name>
         <load_address>0x202000d4</load_address>
         <readwrite>true</readwrite>
         <run_address>0x202000d4</run_address>
         <size>0x4</size>
         <alignment>0x4</alignment>
         <input_file_ref idref="fl-1"/>
      </object_component>
      <object_component id="oc-7e">
         <name>.data.rx_index</name>
         <load_address>0x2020010d</load_address>
         <readwrite>true</readwrite>
         <run_address>0x2020010d</run_address>
         <size>0x1</size>
         <alignment>0x1</alignment>
         <input_file_ref idref="fl-1"/>
      </object_component>
      <object_component id="oc-d8">
         <name>.data.Kp</name>
         <load_address>0x202000e4</load_address>
         <readwrite>true</readwrite>
         <run_address>0x202000e4</run_address>
         <size>0x4</size>
         <alignment>0x4</alignment>
         <input_file_ref idref="fl-1"/>
      </object_component>
      <object_component id="oc-d9">
         <name>.data.Ki</name>
         <load_address>0x202000e0</load_address>
         <readwrite>true</readwrite>
         <run_address>0x202000e0</run_address>
         <size>0x4</size>
         <alignment>0x4</alignment>
         <input_file_ref idref="fl-1"/>
      </object_component>
      <object_component id="oc-da">
         <name>.data.Kd</name>
         <load_address>0x202000dc</load_address>
         <readwrite>true</readwrite>
         <run_address>0x202000dc</run_address>
         <size>0x4</size>
         <alignment>0x4</alignment>
         <input_file_ref idref="fl-1"/>
      </object_component>
      <object_component id="oc-d5">
         <name>.data.error</name>
         <load_address>0x202000f4</load_address>
         <readwrite>true</readwrite>
         <run_address>0x202000f4</run_address>
         <size>0x4</size>
         <alignment>0x4</alignment>
         <input_file_ref idref="fl-1"/>
      </object_component>
      <object_component id="oc-db">
         <name>.data.output</name>
         <load_address>0x20200100</load_address>
         <readwrite>true</readwrite>
         <run_address>0x20200100</run_address>
         <size>0x4</size>
         <alignment>0x4</alignment>
         <input_file_ref idref="fl-1"/>
      </object_component>
      <object_component id="oc-d6">
         <name>.data.integral</name>
         <load_address>0x202000f8</load_address>
         <readwrite>true</readwrite>
         <run_address>0x202000f8</run_address>
         <size>0x4</size>
         <alignment>0x4</alignment>
         <input_file_ref idref="fl-1"/>
      </object_component>
      <object_component id="oc-d7">
         <name>.data.last_error</name>
         <load_address>0x202000fc</load_address>
         <readwrite>true</readwrite>
         <run_address>0x202000fc</run_address>
         <size>0x4</size>
         <alignment>0x4</alignment>
         <input_file_ref idref="fl-1"/>
      </object_component>
      <object_component id="oc-dc">
         <name>.data.real_val</name>
         <load_address>0x20200104</load_address>
         <readwrite>true</readwrite>
         <run_address>0x20200104</run_address>
         <size>0x4</size>
         <alignment>0x4</alignment>
         <input_file_ref idref="fl-1"/>
      </object_component>
      <object_component id="oc-143">
         <name>.data.Screen_display.labels_drawn</name>
         <load_address>0x2020010c</load_address>
         <readwrite>true</readwrite>
         <run_address>0x2020010c</run_address>
         <size>0x1</size>
         <alignment>0x1</alignment>
         <input_file_ref idref="fl-1"/>
      </object_component>
      <object_component id="oc-117">
         <name>.data.__aeabi_errno</name>
         <load_address>0x202000e8</load_address>
         <readwrite>true</readwrite>
         <run_address>0x202000e8</run_address>
         <size>0x4</size>
         <alignment>0x4</alignment>
         <input_file_ref idref="fl-32"/>
      </object_component>
      <object_component id="oc-7f">
         <name>.common:rx_buffer</name>
         <uninitialized>true</uninitialized>
         <readwrite>true</readwrite>
         <run_address>0x202000bc</run_address>
         <size>0x14</size>
         <alignment>0x1</alignment>
      </object_component>
      <object_component id="oc-136">
         <name>.common:gTIMER_0Backup</name>
         <uninitialized>true</uninitialized>
         <readwrite>true</readwrite>
         <run_address>0x20200000</run_address>
         <size>0xbc</size>
         <alignment>0x4</alignment>
      </object_component>
      <object_component id="oc-13e">
         <name>.common:BACK_COLOR</name>
         <uninitialized>true</uninitialized>
         <readwrite>true</readwrite>
         <run_address>0x202000d0</run_address>
         <size>0x2</size>
         <alignment>0x2</alignment>
      </object_component>
      <object_component id="oc-182">
         <name>.common:POINT_COLOR</name>
         <uninitialized>true</uninitialized>
         <readwrite>true</readwrite>
         <run_address>0x202000d2</run_address>
         <size>0x2</size>
         <alignment>0x2</alignment>
      </object_component>
      <object_component id="oc-1a">
         <name>.stack</name>
         <uninitialized>true</uninitialized>
         <readwrite>true</readwrite>
         <run_address>0x20207e00</run_address>
         <size>0x4</size>
         <alignment>0x4</alignment>
         <input_file_ref idref="fl-37"/>
      </object_component>
      <object_component id="oc-258">
         <name>.stack</name>
         <uninitialized>true</uninitialized>
         <readwrite>true</readwrite>
         <run_address>0x20207e00</run_address>
         <size>0x0</size>
         <alignment>0x8</alignment>
      </object_component>
      <object_component id="oc-3a">
         <name>.debug_loc</name>
         <load_address>0x0</load_address>
         <run_address>0x0</run_address>
         <size>0x5c</size>
         <alignment>0x1</alignment>
         <input_file_ref idref="fl-1"/>
      </object_component>
      <object_component id="oc-131">
         <name>.debug_loc</name>
         <load_address>0x5c</load_address>
         <run_address>0x5c</run_address>
         <size>0x18b</size>
         <alignment>0x1</alignment>
         <input_file_ref idref="fl-2"/>
      </object_component>
      <object_component id="oc-ef">
         <name>.debug_loc</name>
         <load_address>0x1e7</load_address>
         <run_address>0x1e7</run_address>
         <size>0x7fa6</size>
         <alignment>0x1</alignment>
         <input_file_ref idref="fl-5"/>
      </object_component>
      <object_component id="oc-16e">
         <name>.debug_loc</name>
         <load_address>0x818d</load_address>
         <run_address>0x818d</run_address>
         <size>0xc7</size>
         <alignment>0x1</alignment>
         <input_file_ref idref="fl-13"/>
      </object_component>
      <object_component id="oc-17d">
         <name>.debug_loc</name>
         <load_address>0x8254</load_address>
         <run_address>0x8254</run_address>
         <size>0x13</size>
         <alignment>0x1</alignment>
         <input_file_ref idref="fl-14"/>
      </object_component>
      <object_component id="oc-178">
         <name>.debug_loc</name>
         <load_address>0x8267</load_address>
         <run_address>0x8267</run_address>
         <size>0x3a0</size>
         <alignment>0x1</alignment>
         <input_file_ref idref="fl-15"/>
      </object_component>
      <object_component id="oc-15d">
         <name>.debug_loc</name>
         <load_address>0x8607</load_address>
         <run_address>0x8607</run_address>
         <size>0x1a68</size>
         <alignment>0x1</alignment>
         <input_file_ref idref="fl-16"/>
      </object_component>
      <object_component id="oc-169">
         <name>.debug_loc</name>
         <load_address>0xa06f</load_address>
         <run_address>0xa06f</run_address>
         <size>0x7e4</size>
         <alignment>0x1</alignment>
         <input_file_ref idref="fl-17"/>
      </object_component>
      <object_component id="oc-11d">
         <name>.debug_loc</name>
         <load_address>0xa853</load_address>
         <run_address>0xa853</run_address>
         <size>0x127</size>
         <alignment>0x1</alignment>
         <input_file_ref idref="fl-30"/>
      </object_component>
      <object_component id="oc-187">
         <name>.debug_loc</name>
         <load_address>0xa97a</load_address>
         <run_address>0xa97a</run_address>
         <size>0x136</size>
         <alignment>0x1</alignment>
         <input_file_ref idref="fl-31"/>
      </object_component>
      <object_component id="oc-11a">
         <name>.debug_loc</name>
         <load_address>0xaab0</load_address>
         <run_address>0xaab0</run_address>
         <size>0x101</size>
         <alignment>0x1</alignment>
         <input_file_ref idref="fl-32"/>
      </object_component>
      <object_component id="oc-74">
         <name>.debug_loc</name>
         <load_address>0xabb1</load_address>
         <run_address>0xabb1</run_address>
         <size>0x574</size>
         <alignment>0x1</alignment>
         <input_file_ref idref="fl-36"/>
      </object_component>
      <object_component id="oc-42">
         <name>.debug_loc</name>
         <load_address>0xb125</load_address>
         <run_address>0xb125</run_address>
         <size>0xd8</size>
         <alignment>0x1</alignment>
         <input_file_ref idref="fl-37"/>
      </object_component>
      <object_component id="oc-fc">
         <name>.debug_loc</name>
         <load_address>0xb1fd</load_address>
         <run_address>0xb1fd</run_address>
         <size>0x424</size>
         <alignment>0x1</alignment>
         <input_file_ref idref="fl-39"/>
      </object_component>
      <object_component id="oc-51">
         <name>.debug_loc</name>
         <load_address>0xb621</load_address>
         <run_address>0xb621</run_address>
         <size>0x16c</size>
         <alignment>0x1</alignment>
         <input_file_ref idref="fl-3c"/>
      </object_component>
      <object_component id="oc-4d">
         <name>.debug_loc</name>
         <load_address>0xb78d</load_address>
         <run_address>0xb78d</run_address>
         <size>0x6f</size>
         <alignment>0x1</alignment>
         <input_file_ref idref="fl-3d"/>
      </object_component>
      <object_component id="oc-45">
         <name>.debug_loc</name>
         <load_address>0xb7fc</load_address>
         <run_address>0xb7fc</run_address>
         <size>0x167</size>
         <alignment>0x1</alignment>
         <input_file_ref idref="fl-3e"/>
      </object_component>
      <object_component id="oc-1aa">
         <name>.debug_loc</name>
         <load_address>0xb963</load_address>
         <run_address>0xb963</run_address>
         <size>0x32d8</size>
         <alignment>0x1</alignment>
         <input_file_ref idref="fl-3f"/>
      </object_component>
      <object_component id="oc-f9">
         <name>.debug_loc</name>
         <load_address>0xec3b</load_address>
         <run_address>0xec3b</run_address>
         <size>0x26</size>
         <alignment>0x1</alignment>
         <input_file_ref idref="fl-45"/>
      </object_component>
      <object_component id="oc-1da">
         <name>.debug_loc</name>
         <load_address>0xec61</load_address>
         <run_address>0xec61</run_address>
         <size>0x66</size>
         <alignment>0x1</alignment>
         <input_file_ref idref="fl-49"/>
      </object_component>
      <object_component id="oc-1d1">
         <name>.debug_loc</name>
         <load_address>0xecc7</load_address>
         <run_address>0xecc7</run_address>
         <size>0xbf</size>
         <alignment>0x1</alignment>
         <input_file_ref idref="fl-4a"/>
      </object_component>
      <object_component id="oc-1dd">
         <name>.debug_loc</name>
         <load_address>0xed86</load_address>
         <run_address>0xed86</run_address>
         <size>0x33</size>
         <alignment>0x1</alignment>
         <input_file_ref idref="fl-4c"/>
      </object_component>
      <object_component id="oc-111">
         <name>.debug_loc</name>
         <load_address>0xedb9</load_address>
         <run_address>0xedb9</run_address>
         <size>0x363</size>
         <alignment>0x1</alignment>
         <input_file_ref idref="fl-11b"/>
      </object_component>
      <object_component id="oc-1fd">
         <name>.debug_loc</name>
         <load_address>0xf11c</load_address>
         <run_address>0xf11c</run_address>
         <size>0x20</size>
         <alignment>0x1</alignment>
         <input_file_ref idref="fl-11c"/>
      </object_component>
      <object_component id="oc-6e">
         <name>.debug_abbrev</name>
         <load_address>0x0</load_address>
         <run_address>0x0</run_address>
         <size>0x22c</size>
         <alignment>0x1</alignment>
         <input_file_ref idref="fl-1"/>
      </object_component>
      <object_component id="oc-137">
         <name>.debug_abbrev</name>
         <load_address>0x22c</load_address>
         <run_address>0x22c</run_address>
         <size>0x22f</size>
         <alignment>0x1</alignment>
         <input_file_ref idref="fl-2"/>
      </object_component>
      <object_component id="oc-3c">
         <name>.debug_abbrev</name>
         <load_address>0x45b</load_address>
         <run_address>0x45b</run_address>
         <size>0x6d</size>
         <alignment>0x1</alignment>
         <input_file_ref idref="fl-3"/>
      </object_component>
      <object_component id="oc-19d">
         <name>.debug_abbrev</name>
         <load_address>0x4c8</load_address>
         <run_address>0x4c8</run_address>
         <size>0x4e</size>
         <alignment>0x1</alignment>
         <input_file_ref idref="fl-4"/>
      </object_component>
      <object_component id="oc-13f">
         <name>.debug_abbrev</name>
         <load_address>0x516</load_address>
         <run_address>0x516</run_address>
         <size>0x2e9</size>
         <alignment>0x1</alignment>
         <input_file_ref idref="fl-5"/>
      </object_component>
      <object_component id="oc-199">
         <name>.debug_abbrev</name>
         <load_address>0x7ff</load_address>
         <run_address>0x7ff</run_address>
         <size>0x171</size>
         <alignment>0x1</alignment>
         <input_file_ref idref="fl-13"/>
      </object_component>
      <object_component id="oc-17b">
         <name>.debug_abbrev</name>
         <load_address>0x970</load_address>
         <run_address>0x970</run_address>
         <size>0x62</size>
         <alignment>0x1</alignment>
         <input_file_ref idref="fl-14"/>
      </object_component>
      <object_component id="oc-19b">
         <name>.debug_abbrev</name>
         <load_address>0x9d2</load_address>
         <run_address>0x9d2</run_address>
         <size>0x214</size>
         <alignment>0x1</alignment>
         <input_file_ref idref="fl-15"/>
      </object_component>
      <object_component id="oc-195">
         <name>.debug_abbrev</name>
         <load_address>0xbe6</load_address>
         <run_address>0xbe6</run_address>
         <size>0x286</size>
         <alignment>0x1</alignment>
         <input_file_ref idref="fl-16"/>
      </object_component>
      <object_component id="oc-197">
         <name>.debug_abbrev</name>
         <load_address>0xe6c</load_address>
         <run_address>0xe6c</run_address>
         <size>0x29b</size>
         <alignment>0x1</alignment>
         <input_file_ref idref="fl-17"/>
      </object_component>
      <object_component id="oc-11b">
         <name>.debug_abbrev</name>
         <load_address>0x1107</load_address>
         <run_address>0x1107</run_address>
         <size>0x88</size>
         <alignment>0x1</alignment>
         <input_file_ref idref="fl-30"/>
      </object_component>
      <object_component id="oc-1a3">
         <name>.debug_abbrev</name>
         <load_address>0x118f</load_address>
         <run_address>0x118f</run_address>
         <size>0xe1</size>
         <alignment>0x1</alignment>
         <input_file_ref idref="fl-31"/>
      </object_component>
      <object_component id="oc-118">
         <name>.debug_abbrev</name>
         <load_address>0x1270</load_address>
         <run_address>0x1270</run_address>
         <size>0x148</size>
         <alignment>0x1</alignment>
         <input_file_ref idref="fl-32"/>
      </object_component>
      <object_component id="oc-bf">
         <name>.debug_abbrev</name>
         <load_address>0x13b8</load_address>
         <run_address>0x13b8</run_address>
         <size>0x10f</size>
         <alignment>0x1</alignment>
         <input_file_ref idref="fl-36"/>
      </object_component>
      <object_component id="oc-3e">
         <name>.debug_abbrev</name>
         <load_address>0x14c7</load_address>
         <run_address>0x14c7</run_address>
         <size>0xaf</size>
         <alignment>0x1</alignment>
         <input_file_ref idref="fl-37"/>
      </object_component>
[...]
      </symbol>
      <symbol id="sm-b8">
         <name>TIMG6_IRQHandler</name>
         <value>0x32ef</value>
         <object_component_ref idref="oc-33"/>
      </symbol>
      <symbol id="sm-b9">
         <name>TIMA1_IRQHandler</name>
         <value>0x32ef</value>
         <object_component_ref idref="oc-33"/>
      </symbol>
      <symbol id="sm-ba">
         <name>TIMG7_IRQHandler</name>
         <value>0x32ef</value>
         <object_component_ref idref="oc-33"/>
      </symbol>
      <symbol id="sm-bb">
         <name>TIMG12_IRQHandler</name>
         <value>0x32ef</value>
         <object_component_ref idref="oc-33"/>
      </symbol>
      <symbol id="sm-bc">
         <name>I2C0_IRQHandler</name>
         <value>0x32ef</value>
         <object_component_ref idref="oc-33"/>
      </symbol>
      <symbol id="sm-bd">
         <name>I2C1_IRQHandler</name>
         <value>0x32ef</value>
         <object_component_ref idref="oc-33"/>
      </symbol>
      <symbol id="sm-be">
         <name>AES_IRQHandler</name>
         <value>0x32ef</value>
         <object_component_ref idref="oc-33"/>
      </symbol>
      <symbol id="sm-bf">
         <name>RTC_IRQHandler</name>
         <value>0x32ef</value>
         <object_component_ref idref="oc-33"/>
      </symbol>
      <symbol id="sm-c0">
         <name>DMA_IRQHandler</name>
         <value>0x32ef</value>
         <object_component_ref idref="oc-33"/>
      </symbol>
      <symbol id="sm-c5">
         <name>asc2_1608</name>
         <value>0x4890</value>
         <object_component_ref idref="oc-180"/>
      </symbol>
      <symbol id="sm-ee">
         <name>ILI9341_wr_data</name>
         <value>0x341d</value>
         <object_component_ref idref="oc-17f"/>
      </symbol>
      <symbol id="sm-ef">
         <name>ILI9341_address_set</name>
         <value>0x210d</value>
         <object_component_ref idref="oc-17e"/>
      </symbol>
      <symbol id="sm-f0">
         <name>ILI9341_init</name>
         <value>0xc1</value>
         <object_component_ref idref="oc-ec"/>
      </symbol>
      <symbol id="sm-f1">
         <name>ILI9341_clear</name>
         <value>0x2a49</value>
         <object_component_ref idref="oc-13d"/>
      </symbol>
      <symbol id="sm-f2">
         <name>BACK_COLOR</name>
         <value>0x202000d0</value>
      </symbol>
      <symbol id="sm-f3">
         <name>POINT_COLOR</name>
         <value>0x202000d2</value>
      </symbol>
      <symbol id="sm-f4">
         <name>ILI9341_draw_string</name>
         <value>0x2f81</value>
         <object_component_ref idref="oc-141"/>
      </symbol>
      <symbol id="sm-f5">
         <name>ILI9341_float_3_display</name>
         <value>0x2d55</value>
         <object_component_ref idref="oc-142"/>
      </symbol>
      <symbol id="sm-f6">
         <name>__TI_ATRegion0_src_addr</name>
         <value>0x0</value>
      </symbol>
      <symbol id="sm-f7">
         <name>__TI_ATRegion0_trg_addr</name>
         <value>0x0</value>
      </symbol>
      <symbol id="sm-f8">
         <name>__TI_ATRegion0_region_sz</name>
         <value>0x0</value>
      </symbol>
      <symbol id="sm-f9">
         <name>__TI_ATRegion1_src_addr</name>
         <value>0x0</value>
      </symbol>
      <symbol id="sm-fa">
         <name>__TI_ATRegion1_trg_addr</name>
         <value>0x0</value>
      </symbol>
      <symbol id="sm-fb">
         <name>__TI_ATRegion1_region_sz</name>
         <value>0x0</value>
      </symbol>
      <symbol id="sm-fc">
         <name>__TI_ATRegion2_src_addr</name>
         <value>0x0</value>
      </symbol>
      <symbol id="sm-fd">
         <name>__TI_ATRegion2_trg_addr</name>
         <value>0x0</value>
      </symbol>
      <symbol id="sm-fe">
         <name>__TI_ATRegion2_region_sz</name>
         <value>0x0</value>
      </symbol>
      <symbol id="sm-109">
         <name>DL_ADC12_setClockConfig</name>
         <value>0x43a1</value>
         <object_component_ref idref="oc-16d"/>
      </symbol>
      <symbol id="sm-112">
         <name>DL_Common_delayCycles</name>
         <value>0x483d</value>
         <object_component_ref idref="oc-139"/>
      </symbol>
      <symbol id="sm-11d">
         <name>DL_DAC12_init</name>
         <value>0x3c29</value>
         <object_component_ref idref="oc-174"/>
      </symbol>
      <symbol id="sm-12d">
         <name>DL_Timer_setClockConfig</name>
         <value>0x4775</value>
         <object_component_ref idref="oc-15b"/>
      </symbol>
      <symbol id="sm-12e">
         <name>DL_Timer_initTimerMode</name>
         <value>0x3645</value>
         <object_component_ref idref="oc-161"/>
      </symbol>
      <symbol id="sm-13b">
         <name>DL_UART_init</name>
         <value>0x4311</value>
         <object_component_ref idref="oc-16a"/>
      </symbol>
      <symbol id="sm-13c">
         <name>DL_UART_setClockConfig</name>
         <value>0x47ed</value>
         <object_component_ref idref="oc-164"/>
      </symbol>
      <symbol id="sm-148">
         <name>scalbn</name>
         <value>0x3825</value>
         <object_component_ref idref="oc-b4"/>
      </symbol>
      <symbol id="sm-149">
         <name>ldexp</name>
         <value>0x3825</value>
         <object_component_ref idref="oc-b4"/>
      </symbol>
      <symbol id="sm-14a">
         <name>scalbnl</name>
         <value>0x3825</value>
         <object_component_ref idref="oc-b4"/>
      </symbol>
      <symbol id="sm-14b">
         <name>ldexpl</name>
         <value>0x3825</value>
         <object_component_ref idref="oc-b4"/>
      </symbol>
      <symbol id="sm-15c">
         <name>sprintf</name>
         <value>0x4601</value>
         <object_component_ref idref="oc-183"/>
      </symbol>
      <symbol id="sm-167">
         <name>__aeabi_errno_addr</name>
         <value>0x4861</value>
         <object_component_ref idref="oc-af"/>
      </symbol>
      <symbol id="sm-168">
         <name>__aeabi_errno</name>
         <value>0x202000e8</value>
         <object_component_ref idref="oc-117"/>
      </symbol>
      <symbol id="sm-180">
         <name>strtod</name>
         <value>0x2691</value>
         <object_component_ref idref="oc-70"/>
      </symbol>
      <symbol id="sm-181">
         <name>strtold</name>
         <value>0x2691</value>
         <object_component_ref idref="oc-70"/>
      </symbol>
      <symbol id="sm-18c">
         <name>_c_int00_noargs</name>
         <value>0x46c1</value>
         <object_component_ref idref="oc-57"/>
      </symbol>
      <symbol id="sm-18d">
         <name>__stack</name>
         <value>0x20207e00</value>
         <object_component_ref idref="oc-1a"/>
      </symbol>
      <symbol id="sm-199">
         <name>__TI_auto_init_nobinit_nopinit</name>
         <value>0x44dd</value>
         <object_component_ref idref="oc-fa"/>
      </symbol>
      <symbol id="sm-1a1">
         <name>_system_pre_init</name>
         <value>0x487f</value>
         <object_component_ref idref="oc-8b"/>
      </symbol>
      <symbol id="sm-1ac">
         <name>__TI_zero_init_nomemset</name>
         <value>0x47c1</value>
         <object_component_ref idref="oc-4e"/>
      </symbol>
      <symbol id="sm-1b5">
         <name>__TI_decompress_none</name>
         <value>0x47ff</value>
         <object_component_ref idref="oc-20"/>
      </symbol>
      <symbol id="sm-1c0">
         <name>__TI_decompress_lzss</name>
         <value>0x3e31</value>
         <object_component_ref idref="oc-1c"/>
      </symbol>
      <symbol id="sm-1e2">
         <name>__TI_printfi_nofloat</name>
         <value>0x18a5</value>
         <object_component_ref idref="oc-1ab"/>
      </symbol>
      <symbol id="sm-1e7">
         <name>__aeabi_ctype_table_</name>
         <value>0x4e80</value>
         <object_component_ref idref="oc-bc"/>
      </symbol>
      <symbol id="sm-1e8">
         <name>__aeabi_ctype_table_C</name>
         <value>0x4e80</value>
         <object_component_ref idref="oc-bc"/>
      </symbol>
      <symbol id="sm-1f2">
         <name>abort</name>
         <value>0x4871</value>
         <object_component_ref idref="oc-f3"/>
      </symbol>
      <symbol id="sm-1ff">
         <name>atoi</name>
         <value>0x4461</value>
         <object_component_ref idref="oc-1ba"/>
      </symbol>
      <symbol id="sm-208">
         <name>memccpy</name>
         <value>0x4731</value>
         <object_component_ref idref="oc-1af"/>
      </symbol>
      <symbol id="sm-212">
         <name>wcslen</name>
         <value>0x4811</value>
         <object_component_ref idref="oc-1be"/>
      </symbol>
      <symbol id="sm-21d">
         <name>HOSTexit</name>
         <value>0x4877</value>
         <object_component_ref idref="oc-147"/>
      </symbol>
      <symbol id="sm-21e">
         <name>C$$EXIT</name>
         <value>0x4876</value>
         <object_component_ref idref="oc-147"/>
      </symbol>
      <symbol id="sm-233">
         <name>__aeabi_fadd</name>
         <value>0x3907</value>
         <object_component_ref idref="oc-c9"/>
      </symbol>
      <symbol id="sm-234">
         <name>__addsf3</name>
         <value>0x3907</value>
         <object_component_ref idref="oc-c9"/>
      </symbol>
      <symbol id="sm-235">
         <name>__aeabi_fsub</name>
         <value>0x38fd</value>
         <object_component_ref idref="oc-c9"/>
      </symbol>
      <symbol id="sm-236">
         <name>__subsf3</name>
         <value>0x38fd</value>
         <object_component_ref idref="oc-c9"/>
      </symbol>
      <symbol id="sm-23c">
         <name>__aeabi_dadd</name>
         <value>0x3167</value>
         <object_component_ref idref="oc-a7"/>
      </symbol>
      <symbol id="sm-23d">
         <name>__adddf3</name>
         <value>0x3167</value>
         <object_component_ref idref="oc-a7"/>
      </symbol>
      <symbol id="sm-23e">
         <name>__aeabi_dsub</name>
         <value>0x315d</value>
         <object_component_ref idref="oc-a7"/>
      </symbol>
      <symbol id="sm-23f">
         <name>__subdf3</name>
         <value>0x315d</value>
         <object_component_ref idref="oc-a7"/>
      </symbol>
      <symbol id="sm-245">
         <name>__aeabi_dmul</name>
         <value>0x3741</value>
         <object_component_ref idref="oc-a3"/>
      </symbol>
      <symbol id="sm-246">
         <name>__muldf3</name>
         <value>0x3741</value>
         <object_component_ref idref="oc-a3"/>
      </symbol>
      <symbol id="sm-24c">
         <name>__muldsi3</name>
         <value>0x4555</value>
         <object_component_ref idref="oc-9c"/>
      </symbol>
      <symbol id="sm-252">
         <name>__aeabi_fmul</name>
         <value>0x3b9d</value>
         <object_component_ref idref="oc-66"/>
      </symbol>
      <symbol id="sm-253">
         <name>__mulsf3</name>
         <value>0x3b9d</value>
         <object_component_ref idref="oc-66"/>
      </symbol>
      <symbol id="sm-259">
         <name>__aeabi_fdiv</name>
         <value>0x3cb1</value>
         <object_component_ref idref="oc-62"/>
      </symbol>
      <symbol id="sm-25a">
         <name>__divsf3</name>
         <value>0x3cb1</value>
         <object_component_ref idref="oc-62"/>
      </symbol>
      <symbol id="sm-260">
         <name>__aeabi_ddiv</name>
         <value>0x3539</value>
         <object_component_ref idref="oc-b8"/>
      </symbol>
      <symbol id="sm-261">
         <name>__divdf3</name>
         <value>0x3539</value>
         <object_component_ref idref="oc-b8"/>
      </symbol>
      <symbol id="sm-267">
         <name>__aeabi_f2d</name>
         <value>0x4421</value>
         <object_component_ref idref="oc-cd"/>
      </symbol>
      <symbol id="sm-268">
         <name>__extendsfdf2</name>
         <value>0x4421</value>
         <object_component_ref idref="oc-cd"/>
      </symbol>
      <symbol id="sm-26e">
         <name>__aeabi_f2uiz</name>
         <value>0x4639</value>
         <object_component_ref idref="oc-d1"/>
      </symbol>
      <symbol id="sm-26f">
         <name>__fixunssfsi</name>
         <value>0x4639</value>
         <object_component_ref idref="oc-d1"/>
      </symbol>
      <symbol id="sm-275">
         <name>__aeabi_ui2f</name>
         <value>0x4699</value>
         <object_component_ref idref="oc-5e"/>
      </symbol>
      <symbol id="sm-276">
         <name>__floatunsisf</name>
         <value>0x4699</value>
         <object_component_ref idref="oc-5e"/>
      </symbol>
      <symbol id="sm-27c">
         <name>__aeabi_lmul</name>
         <value>0x470d</value>
         <object_component_ref idref="oc-1c2"/>
      </symbol>
      <symbol id="sm-27d">
         <name>__muldi3</name>
         <value>0x470d</value>
         <object_component_ref idref="oc-1c2"/>
      </symbol>
      <symbol id="sm-284">
         <name>__aeabi_d2f</name>
         <value>0x3f21</value>
         <object_component_ref idref="oc-76"/>
      </symbol>
      <symbol id="sm-285">
         <name>__truncdfsf2</name>
         <value>0x3f21</value>
         <object_component_ref idref="oc-76"/>
      </symbol>
      <symbol id="sm-28b">
         <name>__aeabi_dcmpeq</name>
         <value>0x4145</value>
         <object_component_ref idref="oc-ab"/>
      </symbol>
      <symbol id="sm-28c">
         <name>__aeabi_dcmplt</name>
         <value>0x4159</value>
         <object_component_ref idref="oc-ab"/>
      </symbol>
      <symbol id="sm-28d">
         <name>__aeabi_dcmple</name>
         <value>0x416d</value>
         <object_component_ref idref="oc-ab"/>
      </symbol>
      <symbol id="sm-28e">
         <name>__aeabi_dcmpge</name>
         <value>0x4181</value>
         <object_component_ref idref="oc-ab"/>
      </symbol>
      <symbol id="sm-28f">
         <name>__aeabi_dcmpgt</name>
         <value>0x4195</value>
         <object_component_ref idref="oc-ab"/>
      </symbol>
      <symbol id="sm-295">
         <name>__aeabi_fcmpeq</name>
         <value>0x41a9</value>
         <object_component_ref idref="oc-7a"/>
      </symbol>
      <symbol id="sm-296">
         <name>__aeabi_fcmplt</name>
         <value>0x41bd</value>
         <object_component_ref idref="oc-7a"/>
      </symbol>
      <symbol id="sm-297">
         <name>__aeabi_fcmple</name>
         <value>0x41d1</value>
         <object_component_ref idref="oc-7a"/>
      </symbol>
      <symbol id="sm-298">
         <name>__aeabi_fcmpge</name>
         <value>0x41e5</value>
         <object_component_ref idref="oc-7a"/>
      </symbol>
      <symbol id="sm-299">
         <name>__aeabi_fcmpgt</name>
         <value>0x41f9</value>
         <object_component_ref idref="oc-7a"/>
      </symbol>
      <symbol id="sm-29f">
         <name>__aeabi_memcpy</name>
         <value>0x4869</value>
         <object_component_ref idref="oc-47"/>
      </symbol>
      <symbol id="sm-2a0">
         <name>__aeabi_memcpy4</name>
         <value>0x4869</value>
         <object_component_ref idref="oc-47"/>
      </symbol>
      <symbol id="sm-2a1">
         <name>__aeabi_memcpy8</name>
         <value>0x4869</value>
         <object_component_ref idref="oc-47"/>
      </symbol>
      <symbol id="sm-2a8">
         <name>__aeabi_memset</name>
         <value>0x4821</value>
         <object_component_ref idref="oc-1ae"/>
      </symbol>
      <symbol id="sm-2a9">
         <name>__aeabi_memset4</name>
         <value>0x4821</value>
         <object_component_ref idref="oc-1ae"/>
      </symbol>
      <symbol id="sm-2aa">
         <name>__aeabi_memset8</name>
         <value>0x4821</value>
         <object_component_ref idref="oc-1ae"/>
      </symbol>
      <symbol id="sm-2b0">
         <name>__aeabi_uidiv</name>
         <value>0x43e1</value>
         <object_component_ref idref="oc-1b4"/>
      </symbol>
      <symbol id="sm-2b1">
         <name>__aeabi_uidivmod</name>
         <value>0x43e1</value>
         <object_component_ref idref="oc-1b4"/>
      </symbol>
      <symbol id="sm-2b7">
         <name>__aeabi_uldivmod</name>
         <value>0x47d9</value>
         <object_component_ref idref="oc-1c7"/>
      </symbol>
      <symbol id="sm-2c0">
         <name>__eqsf2</name>
         <value>0x4519</value>
         <object_component_ref idref="oc-c2"/>
      </symbol>
      <symbol id="sm-2c1">
         <name>__lesf2</name>
         <value>0x4519</value>
         <object_component_ref idref="oc-c2"/>
      </symbol>
      <symbol id="sm-2c2">
         <name>__ltsf2</name>
         <value>0x4519</value>
         <object_component_ref idref="oc-c2"/>
      </symbol>
      <symbol id="sm-2c3">
         <name>__nesf2</name>
         <value>0x4519</value>
         <object_component_ref idref="oc-c2"/>
      </symbol>
      <symbol id="sm-2c4">
         <name>__cmpsf2</name>
         <value>0x4519</value>
         <object_component_ref idref="oc-c2"/>
      </symbol>
      <symbol id="sm-2c5">
         <name>__gtsf2</name>
         <value>0x44a1</value>
         <object_component_ref idref="oc-c7"/>
      </symbol>
      <symbol id="sm-2c6">
         <name>__gesf2</name>
         <value>0x44a1</value>
         <object_component_ref idref="oc-c7"/>
      </symbol>
      <symbol id="sm-2cc">
         <name>__udivmoddi4</name>
         <value>0x39d5</value>
         <object_component_ref idref="oc-1df"/>
      </symbol>
      <symbol id="sm-2d2">
         <name>__aeabi_llsl</name>
         <value>0x4755</value>
         <object_component_ref idref="oc-1ff"/>
      </symbol>
      <symbol id="sm-2d3">
         <name>__ashldi3</name>
         <value>0x4755</value>
         <object_component_ref idref="oc-1ff"/>
      </symbol>
      <symbol id="sm-2d9">
         <name>__aeabi_f2iz</name>
         <value>0x45c9</value>
         <object_component_ref idref="oc-122"/>
      </symbol>
      <symbol id="sm-2da">
         <name>__fixsfsi</name>
         <value>0x45c9</value>
         <object_component_ref idref="oc-122"/>
      </symbol>
      <symbol id="sm-2e8">
         <name>__ledf2</name>
         <value>0x40dd</value>
         <object_component_ref idref="oc-10f"/>
      </symbol>
      <symbol id="sm-2e9">
         <name>__gedf2</name>
         <value>0x3ead</value>
         <object_component_ref idref="oc-115"/>
      </symbol>
      <symbol id="sm-2ea">
         <name>__cmpdf2</name>
         <value>0x40dd</value>
         <object_component_ref idref="oc-10f"/>
      </symbol>
      <symbol id="sm-2eb">
         <name>__eqdf2</name>
         <value>0x40dd</value>
         <object_component_ref idref="oc-10f"/>
      </symbol>
      <symbol id="sm-2ec">
         <name>__ltdf2</name>
         <value>0x40dd</value>
         <object_component_ref idref="oc-10f"/>
      </symbol>
      <symbol id="sm-2ed">
         <name>__nedf2</name>
         <value>0x40dd</value>
         <object_component_ref idref="oc-10f"/>
      </symbol>
      <symbol id="sm-2ee">
         <name>__gtdf2</name>
         <value>0x3ead</value>
         <object_component_ref idref="oc-115"/>
      </symbol>
      <symbol id="sm-2fa">
         <name>__aeabi_idiv0</name>
         <value>0x3d33</value>
         <object_component_ref idref="oc-1d2"/>
      </symbol>
      <symbol id="sm-2fb">
         <name>__aeabi_ldiv0</name>
         <value>0x41a7</value>
         <object_component_ref idref="oc-1fe"/>
      </symbol>
      <symbol id="sm-315">
         <name>memcpy</name>
         <value>0x3a77</value>
         <object_component_ref idref="oc-e2"/>
      </symbol>
      <symbol id="sm-324">
         <name>memset</name>
         <value>0x420b</value>
         <object_component_ref idref="oc-12d"/>
      </symbol>
      <symbol id="sm-325">
         <name>__TI_static_base__</name>
         <value>0x0</value>
      </symbol>
      <symbol id="sm-328">
         <name>__mpu_init</name>
         <value>0x0</value>
      </symbol>
      <symbol id="sm-329">
         <name>_system_post_cinit</name>
         <value>0x0</value>
      </symbol>
   </symbol_table>
   <title>Link successful</title>
</link_info>
