******************************************************************************
            TI ARM Clang Linker PC v4.0.4                      
******************************************************************************
>> Linked Wed Mar 18 18:22:54 2026

OUTPUT FILE NAME:   <empty_LP_MSPM0G3507_nortos_ticlang.out>
ENTRY POINT SYMBOL: "_c_int00_noargs"  address: 000046c1


MEMORY CONFIGURATION

         name            origin    length      used     unused   attr    fill
----------------------  --------  ---------  --------  --------  ----  --------
  FLASH                 00000000   00020000  00005150  0001aeb0  R  X
  SRAM                  20200000   00008000  0000030e  00007cf2  RW X
  BCR_CONFIG            41c00000   000000ff  00000000  000000ff  R   
  BSL_CONFIG            41c00100   00000080  00000000  00000080  R   


SEGMENT ALLOCATION MAP

run origin  load origin   length   init length attrs members
----------  ----------- ---------- ----------- ----- -------
00000000    00000000    00005150   00005150    r-x
  00000000    00000000    000000c0   000000c0    r-- .intvecs
  000000c0    000000c0    000047d0   000047d0    r-x .text
  00004890    00004890    00000880   00000880    r-- .rodata
  00005110    00005110    00000040   00000040    r-- .cinit
20200000    20200000    0000010e   00000000    rw-
  20200000    20200000    000000d4   00000000    rw- .bss
  202000d4    202000d4    0000003a   00000000    rw- .data
20207e00    20207e00    00000200   00000000    rw-
  20207e00    20207e00    00000200   00000000    rw- .stack


SECTION ALLOCATION MAP

 output                                  attributes/
section   page    origin      length       input sections
--------  ----  ----------  ----------   ----------------
.intvecs   0    00000000    000000c0     
                  00000000    000000c0     startup_mspm0g350x_ticlang.o (.intvecs)

.text      0    000000c0    000047d0     
                  000000c0    000017e4     ili9341_driver.o (.text.ILI9341_init)
                  000018a4    00000868     libc.a : _printfi.c.obj (.text:__TI_printfi_nofloat)
                  0000210c    00000584     ili9341_driver.o (.text.ILI9341_address_set)
                  00002690    000003b8     libc.a : strtod.c.obj (.text.strtod)
                  00002a48    0000030c     ili9341_driver.o (.text.ILI9341_clear)
                  00002d54    0000022c     ili9341_driver.o (.text.ILI9341_float_3_display)
                  00002f80    000001dc     ili9341_driver.o (.text.ILI9341_draw_string)
                  0000315c    00000192     libclang_rt.builtins.a : adddf3.S.obj (.text.adddf3_subdf3)
                  000032ee    00000002     startup_mspm0g350x_ticlang.o (.text.Default_Handler)
                  000032f0    0000012c     empty.o (.text.PID_control)
                  0000341c    0000011c     ili9341_driver.o (.text.ILI9341_wr_data)
                  00003538    0000010c     libclang_rt.builtins.a : divdf3.S.obj (.text.__divdf3)
                  00003644    000000fc     driverlib.a : dl_timer.o (.text.DL_Timer_initTimerMode)
                  00003740    000000e4     libclang_rt.builtins.a : muldf3.S.obj (.text.__muldf3)
                  00003824    000000d8     libc.a : s_scalbn.c.obj (.text.scalbn)
                  000038fc    000000d8     libclang_rt.builtins.a : addsf3.S.obj (.text)
                  000039d4    000000a2                            : udivmoddi4.S.obj (.text)
                  00003a76    0000009a     libc.a : memcpy16.S.obj (.text:memcpy)
                  00003b10    0000008c     empty.o (.text.Screen_display)
                  00003b9c    0000008c     libclang_rt.builtins.a : mulsf3.S.obj (.text.__mulsf3)
                  00003c28    00000088     driverlib.a : dl_dac12.o (.text.DL_DAC12_init)
                  00003cb0    00000082     libclang_rt.builtins.a : divsf3.S.obj (.text.__divsf3)
                  00003d32    00000002                            : aeabi_div0.c.obj (.text.__aeabi_idiv0)
                  00003d34    00000080     empty.o (.text.ADC0_IRQHandler)
                  00003db4    0000007c     empty.o (.text.UART0_IRQHandler)
                  00003e30    0000007c     libc.a : copy_decompress_lzss.c.obj (.text:decompress:lzss)
                  00003eac    00000074     libclang_rt.builtins.a : comparedf2.c.obj (.text.__gedf2)
                  00003f20    00000074                            : truncdfsf2.S.obj (.text.__truncdfsf2)
                  00003f94    00000070     ti_msp_dl_config.o (.text.SYSCFG_DL_UART_0_init)
                  00004004    00000070     empty.o (.text.main)
                  00004074    00000068     ti_msp_dl_config.o (.text.SYSCFG_DL_ADC12_0_init)
                  000040dc    00000068     libclang_rt.builtins.a : comparedf2.c.obj (.text.__ledf2)
                  00004144    00000062                            : aeabi_dcmp.S.obj (.text.__aeabi_dcmp)
                  000041a6    00000002                            : aeabi_div0.c.obj (.text.__aeabi_ldiv0)
                  000041a8    00000062                            : aeabi_fcmp.S.obj (.text.__aeabi_fcmp)
                  0000420a    00000062     libc.a : memset16.S.obj (.text:memset)
                  0000426c    00000054     ti_msp_dl_config.o (.text.SYSCFG_DL_initPower)
                  000042c0    00000050     ti_msp_dl_config.o (.text.SYSCFG_DL_SYSCTL_init)
                  00004310    00000048     driverlib.a : dl_uart.o (.text.DL_UART_init)
                  00004358    00000048     ti_msp_dl_config.o (.text.SYSCFG_DL_GPIO_init)
                  000043a0    00000040     driverlib.a : dl_adc12.o (.text.DL_ADC12_setClockConfig)
                  000043e0    00000040     libclang_rt.builtins.a : aeabi_uidivmod.S.obj (.text.__aeabi_uidivmod)
                  00004420    00000040                            : extendsfdf2.S.obj (.text.__extendsfdf2)
                  00004460    00000040     libc.a : atoi.c.obj (.text.atoi)
                  000044a0    0000003c     libclang_rt.builtins.a : comparesf2.S.obj (.text.__gtsf2)
                  000044dc    0000003c     libc.a : autoinit.c.obj (.text:__TI_auto_init_nobinit_nopinit)
                  00004518    0000003a     libclang_rt.builtins.a : comparesf2.S.obj (.text.__eqsf2)
                  00004552    00000002     --HOLE-- [fill = 0]
                  00004554    0000003a                            : muldsi3.S.obj (.text.__muldsi3)
                  0000458e    00000002     --HOLE-- [fill = 0]
                  00004590    00000038     ti_msp_dl_config.o (.text.SYSCFG_DL_TIMER_0_init)
                  000045c8    00000038     libclang_rt.builtins.a : fixsfsi.S.obj (.text.__fixsfsi)
                  00004600    00000038     libc.a : sprintf.c.obj (.text.sprintf)
                  00004638    00000032     libclang_rt.builtins.a : fixunssfsi.S.obj (.text.__fixunssfsi)
                  0000466a    00000002     --HOLE-- [fill = 0]
                  0000466c    0000002c     ti_msp_dl_config.o (.text.SYSCFG_DL_init)
                  00004698    00000028     libclang_rt.builtins.a : floatunsisf.S.obj (.text.__floatunsisf)
                  000046c0    00000028     libc.a : boot_cortex_m.c.obj (.text:_c_int00_noargs)
                  000046e8    00000024     ti_msp_dl_config.o (.text.SYSCFG_DL_DAC12_init)
                  0000470c    00000024     libclang_rt.builtins.a : muldi3.S.obj (.text.__muldi3)
                  00004730    00000022     libc.a : memccpy.c.obj (.text.memccpy)
                  00004752    00000002     --HOLE-- [fill = 0]
                  00004754    0000001e     libclang_rt.builtins.a : ashldi3.S.obj (.text.__ashldi3)
                  00004772    00000002     --HOLE-- [fill = 0]
                  00004774    0000001c     driverlib.a : dl_timer.o (.text.DL_Timer_setClockConfig)
                  00004790    00000018     empty.o (.text.TIMA0_IRQHandler)
                  000047a8    00000018     libc.a : sprintf.c.obj (.text._outs)
                  000047c0    00000016            : copy_zero_init.c.obj (.text:decompress:ZI:__TI_zero_init_nomemset)
                  000047d6    00000002     --HOLE-- [fill = 0]
                  000047d8    00000014     libclang_rt.builtins.a : aeabi_uldivmod.S.obj (.text.__aeabi_uldivmod)
                  000047ec    00000012     driverlib.a : dl_uart.o (.text.DL_UART_setClockConfig)
                  000047fe    00000012     libc.a : copy_decompress_none.c.obj (.text:decompress:none)
                  00004810    00000010            : wcslen.c.obj (.text.wcslen)
                  00004820    0000000e     libclang_rt.builtins.a : aeabi_memset.S.obj (.text.__aeabi_memset)
                  0000482e    0000000e     libc.a : _printfi.c.obj (.text.strlen)
                  0000483c    0000000a     driverlib.a : dl_common.o (.text.DL_Common_delayCycles)
                  00004846    0000000a     libc.a : sprintf.c.obj (.text._outc)
                  00004850    00000008            : strtod.c.obj (.text.OUTLINED_FUNCTION_0)
                  00004858    00000008            : strtod.c.obj (.text.OUTLINED_FUNCTION_1)
                  00004860    00000008            : aeabi_portable.c.obj (.text.__aeabi_errno_addr)
                  00004868    00000008     libclang_rt.builtins.a : aeabi_memcpy.S.obj (.text.__aeabi_memcpy)
                  00004870    00000006     libc.a : exit.c.obj (.text:abort)
                  00004876    00000004     libsysbm.a : hostexit.c.obj (.text.HOSTexit)
                  0000487a    00000004     startup_mspm0g350x_ticlang.o (.text.Reset_Handler)
                  0000487e    00000004     libc.a : pre_init.c.obj (.text._system_pre_init)
                  00004882    0000000e     --HOLE-- [fill = 0]

.cinit     0    00005110    00000040     
                  00005110    00000017     (.cinit..data.load) [load image, compression = lzss]
                  00005127    00000001     --HOLE-- [fill = 0]
                  00005128    0000000c     (__TI_handler_table)
                  00005134    00000008     (.cinit..bss.load) [load image, compression = zero_init]
                  0000513c    00000010     (__TI_cinit_table)
                  0000514c    00000004     --HOLE-- [fill = 0]

.rodata    0    00004890    00000880     
                  00004890    000005f0     font.o (.rodata.asc2_1608)
                  00004e80    00000101     libc.a : aeabi_ctype.S.obj (.rodata:__aeabi_ctype_table_)
                  00004f81    00000003     ti_msp_dl_config.o (.rodata.gTIMER_0ClockConfig)
                  00004f84    00000002     ti_msp_dl_config.o (.rodata.gUART_0ClockConfig)
                  00004f86    00000002     --HOLE-- [fill = 0]
                  00004f88    00000080     libc.a : strtod.c.obj (.rodata.digits)
                  00005008    00000048            : strtod.c.obj (.rodata.powerof10)
                  00005050    00000020     ti_msp_dl_config.o (.rodata.gDAC12Config)
                  00005070    00000016     empty.o (.rodata.str1.14685083708502177989.1)
                  00005086    00000016     empty.o (.rodata.str1.254342170260855183.1)
                  0000509c    00000016     empty.o (.rodata.str1.9517790425240694019.1)
                  000050b2    00000002     --HOLE-- [fill = 0]
                  000050b4    00000014     ti_msp_dl_config.o (.rodata.gTIMER_0TimerConfig)
                  000050c8    00000011     libc.a : _printfi.c.obj (.rodata.str1.10348868589481759720.1)
                  000050d9    00000011            : _printfi.c.obj (.rodata.str1.15363888844622738466.1)
                  000050ea    0000000a     ti_msp_dl_config.o (.rodata.gUART_0Config)
                  000050f4    00000008     ti_msp_dl_config.o (.rodata.gADC12_0ClockConfig)
                  000050fc    00000008     ili9341_driver.o (.rodata.str1.924439977015995577.1)
                  00005104    0000000c     --HOLE-- [fill = 0]

.init_array 
*          0    00000000    00000000     UNINITIALIZED

.binit     0    00000000    00000000     

.bss       0    20200000    000000d4     UNINITIALIZED
                  20200000    000000bc     (.common:gTIMER_0Backup)
                  202000bc    00000014     (.common:rx_buffer)
                  202000d0    00000002     (.common:BACK_COLOR)
                  202000d2    00000002     (.common:POINT_COLOR)

.data      0    202000d4    0000003a     UNINITIALIZED
                  202000d4    00000004     empty.o (.data.ADC_count)
                  202000d8    00000004     empty.o (.data.ADC_sum)
                  202000dc    00000004     empty.o (.data.Kd)
                  202000e0    00000004     empty.o (.data.Ki)
                  202000e4    00000004     empty.o (.data.Kp)
                  202000e8    00000004     libc.a : aeabi_portable.c.obj (.data.__aeabi_errno)
                  202000ec    00000004     empty.o (.data.current_duty)
                  202000f0    00000004     empty.o (.data.current_voltage)
                  202000f4    00000004     empty.o (.data.error)
                  202000f8    00000004     empty.o (.data.integral)
                  202000fc    00000004     empty.o (.data.last_error)
                  20200100    00000004     empty.o (.data.output)
                  20200104    00000004     empty.o (.data.real_val)
                  20200108    00000004     empty.o (.data.target_duty)
                  2020010c    00000001     empty.o (.data.Screen_display.labels_drawn)
                  2020010d    00000001     empty.o (.data.rx_index)

.stack     0    20207e00    00000200     UNINITIALIZED
                  20207e00    00000004     libc.a : boot_cortex_m.c.obj (.stack)
                  20207e04    000001fc     --HOLE--

__llvm_prf_cnts 
*          0    20200000    00000000     UNINITIALIZED

__llvm_prf_bits 
*          0    20200000    00000000     UNINITIALIZED

MODULE SUMMARY

       Module                         code    ro data   rw data
       ------                         ----    -------   -------
    .\
       empty.o                        828     66        74     
       ti_msp_dl_config.o             588     75        188    
       startup_mspm0g350x_ticlang.o   6       192       0      
    +--+------------------------------+-------+---------+---------+
       Total:                         1422    333       262    
                                                               
    .\Screen\
       ili9341_driver.o               9624    8         4      
       font.o                         0       1520      0      
    +--+------------------------------+-------+---------+---------+
       Total:                         9624    1528      4      
                                                               
    D:/mspm0_sdk_2_09_00_01/source/ti/driverlib/lib/ticlang/m0p/mspm0g1x0x_g3x0x/driverlib.a
       dl_timer.o                     280     0         0      
       dl_dac12.o                     136     0         0      
       dl_uart.o                      90      0         0      
       dl_adc12.o                     64      0         0      
       dl_common.o                    10      0         0      
    +--+------------------------------+-------+---------+---------+
       Total:                         580     0         0      
                                                               
    D:\ccs\tools\compiler\ti-cgt-armllvm_4.0.4.LTS\lib\armv6m-ti-none-eabi/c/libc.a
       _printfi.c.obj                 2166    34        0      
       strtod.c.obj                   968     200       0      
       aeabi_ctype.S.obj              0       257       0      
       s_scalbn.c.obj                 216     0         0      
       memcpy16.S.obj                 154     0         0      
       copy_decompress_lzss.c.obj     124     0         0      
       memset16.S.obj                 98      0         0      
       sprintf.c.obj                  90      0         0      
       atoi.c.obj                     64      0         0      
       autoinit.c.obj                 60      0         0      
       boot_cortex_m.c.obj            40      0         0      
       memccpy.c.obj                  34      0         0      
       copy_zero_init.c.obj           22      0         0      
       copy_decompress_none.c.obj     18      0         0      
       wcslen.c.obj                   16      0         0      
       aeabi_portable.c.obj           8       0         4      
       exit.c.obj                     6       0         0      
       pre_init.c.obj                 4       0         0      
    +--+------------------------------+-------+---------+---------+
       Total:                         4088    491       4      
                                                               
    D:\ccs\tools\compiler\ti-cgt-armllvm_4.0.4.LTS\lib\armv6m-ti-none-eabi/c/libsysbm.a
       hostexit.c.obj                 4       0         0      
    +--+------------------------------+-------+---------+---------+
       Total:                         4       0         0      
                                                               
    D:\ccs\tools\compiler\ti-cgt-armllvm_4.0.4.LTS\lib\armv6m-ti-none-eabi/libclang_rt.builtins.a
       adddf3.S.obj                   402     0         0      
       divdf3.S.obj                   268     0         0      
       muldf3.S.obj                   228     0         0      
       comparedf2.c.obj               220     0         0      
       addsf3.S.obj                   216     0         0      
       udivmoddi4.S.obj               162     0         0      
       mulsf3.S.obj                   140     0         0      
       divsf3.S.obj                   130     0         0      
       comparesf2.S.obj               118     0         0      
       truncdfsf2.S.obj               116     0         0      
       aeabi_dcmp.S.obj               98      0         0      
       aeabi_fcmp.S.obj               98      0         0      
       aeabi_uidivmod.S.obj           64      0         0      
       extendsfdf2.S.obj              64      0         0      
       muldsi3.S.obj                  58      0         0      
       fixsfsi.S.obj                  56      0         0      
       fixunssfsi.S.obj               50      0         0      
       floatunsisf.S.obj              40      0         0      
       muldi3.S.obj                   36      0         0      
       ashldi3.S.obj                  30      0         0      
       aeabi_uldivmod.S.obj           20      0         0      
       aeabi_memset.S.obj             14      0         0      
       aeabi_memcpy.S.obj             8       0         0      
       aeabi_div0.c.obj               4       0         0      
    +--+------------------------------+-------+---------+---------+
       Total:                         2640    0         0      
                                                               
       Stack:                         0       0         512    
       Linker Generated:              0       59        0      
    +--+------------------------------+-------+---------+---------+
       Grand Total:                   18358   2411      782    


LINKER GENERATED COPY TABLES

__TI_cinit_table @ 0000513c records: 2, size/record: 8, table size: 16
	.data: load addr=00005110, load size=00000017 bytes, run addr=202000d4, run size=0000003a bytes, compression=lzss
	.bss: load addr=00005134, load size=00000008 bytes, run addr=20200000, run size=000000d4 bytes, compression=zero_init


LINKER GENERATED HANDLER TABLE

__TI_handler_table @ 00005128 records: 3, size/record: 4, table size: 12
	index: 0, handler: __TI_decompress_lzss
	index: 1, handler: __TI_decompress_none
	index: 2, handler: __TI_zero_init


GLOBAL SYMBOLS: SORTED ALPHABETICALLY BY Name 

address   name                          
-------   ----                          
00003d35  ADC0_IRQHandler               
000032ef  ADC1_IRQHandler               
202000d4  ADC_count                     
202000d8  ADC_sum                       
000032ef  AES_IRQHandler                
202000d0  BACK_COLOR                    
00004876  C$$EXIT                       
000032ef  CANFD0_IRQHandler             
000032ef  DAC0_IRQHandler               
000043a1  DL_ADC12_setClockConfig       
0000483d  DL_Common_delayCycles         
00003c29  DL_DAC12_init                 
00003645  DL_Timer_initTimerMode        
00004775  DL_Timer_setClockConfig       
00004311  DL_UART_init                  
000047ed  DL_UART_setClockConfig        
000032ef  DMA_IRQHandler                
000032ef  Default_Handler               
000032ef  GROUP0_IRQHandler             
000032ef  GROUP1_IRQHandler             
00004877  HOSTexit                      
000032ef  HardFault_Handler             
000032ef  I2C0_IRQHandler               
000032ef  I2C1_IRQHandler               
0000210d  ILI9341_address_set           
00002a49  ILI9341_clear                 
00002f81  ILI9341_draw_string           
00002d55  ILI9341_float_3_display       
000000c1  ILI9341_init                  
0000341d  ILI9341_wr_data               
202000dc  Kd                            
202000e0  Ki                            
202000e4  Kp                            
000032ef  NMI_Handler                   
000032f1  PID_control                   
202000d2  POINT_COLOR                   
000032ef  PendSV_Handler                
000032ef  RTC_IRQHandler                
0000487b  Reset_Handler                 
000032ef  SPI0_IRQHandler               
000032ef  SPI1_IRQHandler               
000032ef  SVC_Handler                   
00004075  SYSCFG_DL_ADC12_0_init        
000046e9  SYSCFG_DL_DAC12_init          
00004359  SYSCFG_DL_GPIO_init           
000042c1  SYSCFG_DL_SYSCTL_init         
00004591  SYSCFG_DL_TIMER_0_init        
00003f95  SYSCFG_DL_UART_0_init         
0000466d  SYSCFG_DL_init                
0000426d  SYSCFG_DL_initPower           
00003b11  Screen_display                
000032ef  SysTick_Handler               
00004791  TIMA0_IRQHandler              
000032ef  TIMA1_IRQHandler              
000032ef  TIMG0_IRQHandler              
000032ef  TIMG12_IRQHandler             
000032ef  TIMG6_IRQHandler              
000032ef  TIMG7_IRQHandler              
000032ef  TIMG8_IRQHandler              
00003db5  UART0_IRQHandler              
000032ef  UART1_IRQHandler              
000032ef  UART2_IRQHandler              
000032ef  UART3_IRQHandler              
20208000  __STACK_END                   
00000200  __STACK_SIZE                  
00000000  __TI_ATRegion0_region_sz      
00000000  __TI_ATRegion0_src_addr       
00000000  __TI_ATRegion0_trg_addr       
00000000  __TI_ATRegion1_region_sz      
00000000  __TI_ATRegion1_src_addr       
00000000  __TI_ATRegion1_trg_addr       
00000000  __TI_ATRegion2_region_sz      
00000000  __TI_ATRegion2_src_addr       
00000000  __TI_ATRegion2_trg_addr       
0000513c  __TI_CINIT_Base               
0000514c  __TI_CINIT_Limit              
0000514c  __TI_CINIT_Warm               
00005128  __TI_Handler_Table_Base       
00005134  __TI_Handler_Table_Limit      
000044dd  __TI_auto_init_nobinit_nopinit
00003e31  __TI_decompress_lzss          
000047ff  __TI_decompress_none          
ffffffff  __TI_pprof_out_hndl           
000018a5  __TI_printfi_nofloat          
ffffffff  __TI_prof_data_size           
ffffffff  __TI_prof_data_start          
00000000  __TI_static_base__            
000047c1  __TI_zero_init_nomemset       
00003167  __adddf3                      
00003907  __addsf3                      
00004e80  __aeabi_ctype_table_          
00004e80  __aeabi_ctype_table_C         
00003f21  __aeabi_d2f                   
00003167  __aeabi_dadd                  
00004145  __aeabi_dcmpeq                
00004181  __aeabi_dcmpge                
00004195  __aeabi_dcmpgt                
0000416d  __aeabi_dcmple                
00004159  __aeabi_dcmplt                
00003539  __aeabi_ddiv                  
00003741  __aeabi_dmul                  
0000315d  __aeabi_dsub                  
202000e8  __aeabi_errno                 
00004861  __aeabi_errno_addr            
00004421  __aeabi_f2d                   
000045c9  __aeabi_f2iz                  
00004639  __aeabi_f2uiz                 
00003907  __aeabi_fadd                  
000041a9  __aeabi_fcmpeq                
000041e5  __aeabi_fcmpge                
000041f9  __aeabi_fcmpgt                
000041d1  __aeabi_fcmple                
000041bd  __aeabi_fcmplt                
00003cb1  __aeabi_fdiv                  
00003b9d  __aeabi_fmul                  
000038fd  __aeabi_fsub                  
00003d33  __aeabi_idiv0                 
000041a7  __aeabi_ldiv0                 
00004755  __aeabi_llsl                  
0000470d  __aeabi_lmul                  
00004869  __aeabi_memcpy                
00004869  __aeabi_memcpy4               
00004869  __aeabi_memcpy8               
00004821  __aeabi_memset                
00004821  __aeabi_memset4               
00004821  __aeabi_memset8               
00004699  __aeabi_ui2f                  
000043e1  __aeabi_uidiv                 
000043e1  __aeabi_uidivmod              
000047d9  __aeabi_uldivmod              
00004755  __ashldi3                     
ffffffff  __binit__                     
000040dd  __cmpdf2                      
00004519  __cmpsf2                      
00003539  __divdf3                      
00003cb1  __divsf3                      
000040dd  __eqdf2                       
00004519  __eqsf2                       
00004421  __extendsfdf2                 
000045c9  __fixsfsi                     
00004639  __fixunssfsi                  
00004699  __floatunsisf                 
00003ead  __gedf2                       
000044a1  __gesf2                       
00003ead  __gtdf2                       
000044a1  __gtsf2                       
000040dd  __ledf2                       
00004519  __lesf2                       
000040dd  __ltdf2                       
00004519  __ltsf2                       
UNDEFED   __mpu_init                    
00003741  __muldf3                      
0000470d  __muldi3                      
00004555  __muldsi3                     
00003b9d  __mulsf3                      
000040dd  __nedf2                       
00004519  __nesf2                       
20207e00  __stack                       
20200000  __start___llvm_prf_bits       
20200000  __start___llvm_prf_cnts       
20200000  __stop___llvm_prf_bits        
20200000  __stop___llvm_prf_cnts        
0000315d  __subdf3                      
000038fd  __subsf3                      
00003f21  __truncdfsf2                  
000039d5  __udivmoddi4                  
000046c1  _c_int00_noargs               
UNDEFED   _system_post_cinit            
0000487f  _system_pre_init              
00004871  abort                         
00004890  asc2_1608                     
00004461  atoi                          
ffffffff  binit                         
202000ec  current_duty                  
202000f0  current_voltage               
202000f4  error                         
20200000  gTIMER_0Backup                
202000f8  integral                      
00000000  interruptVectors              
202000fc  last_error                    
00003825  ldexp                         
00003825  ldexpl                        
00004005  main                          
00004731  memccpy                       
00003a77  memcpy                        
0000420b  memset                        
20200100  output                        
20200104  real_val                      
202000bc  rx_buffer                     
2020010d  rx_index                      
00003825  scalbn                        
00003825  scalbnl                       
00004601  sprintf                       
00002691  strtod                        
00002691  strtold                       
20200108  target_duty                   
00004811  wcslen                        


GLOBAL SYMBOLS: SORTED BY Symbol Address 

address   name                          
-------   ----                          
00000000  __TI_ATRegion0_region_sz      
00000000  __TI_ATRegion0_src_addr       
00000000  __TI_ATRegion0_trg_addr       
00000000  __TI_ATRegion1_region_sz      
00000000  __TI_ATRegion1_src_addr       
00000000  __TI_ATRegion1_trg_addr       
00000000  __TI_ATRegion2_region_sz      
00000000  __TI_ATRegion2_src_addr       
00000000  __TI_ATRegion2_trg_addr       
00000000  __TI_static_base__            
00000000  interruptVectors              
000000c1  ILI9341_init                  
00000200  __STACK_SIZE                  
000018a5  __TI_printfi_nofloat          
0000210d  ILI9341_address_set           
00002691  strtod                        
00002691  strtold                       
00002a49  ILI9341_clear                 
00002d55  ILI9341_float_3_display       
00002f81  ILI9341_draw_string           
0000315d  __aeabi_dsub                  
0000315d  __subdf3                      
00003167  __adddf3                      
00003167  __aeabi_dadd                  
000032ef  ADC1_IRQHandler               
000032ef  AES_IRQHandler                
000032ef  CANFD0_IRQHandler             
000032ef  DAC0_IRQHandler               
000032ef  DMA_IRQHandler                
000032ef  Default_Handler               
000032ef  GROUP0_IRQHandler             
000032ef  GROUP1_IRQHandler             
000032ef  HardFault_Handler             
000032ef  I2C0_IRQHandler               
000032ef  I2C1_IRQHandler               
000032ef  NMI_Handler                   
000032ef  PendSV_Handler                
000032ef  RTC_IRQHandler                
000032ef  SPI0_IRQHandler               
000032ef  SPI1_IRQHandler               
000032ef  SVC_Handler                   
000032ef  SysTick_Handler               
000032ef  TIMA1_IRQHandler              
000032ef  TIMG0_IRQHandler              
000032ef  TIMG12_IRQHandler             
000032ef  TIMG6_IRQHandler              
000032ef  TIMG7_IRQHandler              
000032ef  TIMG8_IRQHandler              
000032ef  UART1_IRQHandler              
000032ef  UART2_IRQHandler              
000032ef  UART3_IRQHandler              
000032f1  PID_control                   
0000341d  ILI9341_wr_data               
00003539  __aeabi_ddiv                  
00003539  __divdf3                      
00003645  DL_Timer_initTimerMode        
00003741  __aeabi_dmul                  
00003741  __muldf3                      
00003825  ldexp                         
00003825  ldexpl                        
00003825  scalbn                        
00003825  scalbnl                       
000038fd  __aeabi_fsub                  
000038fd  __subsf3                      
00003907  __addsf3                      
00003907  __aeabi_fadd                  
000039d5  __udivmoddi4                  
00003a77  memcpy                        
00003b11  Screen_display                
00003b9d  __aeabi_fmul                  
00003b9d  __mulsf3                      
00003c29  DL_DAC12_init                 
00003cb1  __aeabi_fdiv                  
00003cb1  __divsf3                      
00003d33  __aeabi_idiv0                 
00003d35  ADC0_IRQHandler               
00003db5  UART0_IRQHandler              
00003e31  __TI_decompress_lzss          
00003ead  __gedf2                       
00003ead  __gtdf2                       
00003f21  __aeabi_d2f                   
00003f21  __truncdfsf2                  
00003f95  SYSCFG_DL_UART_0_init         
00004005  main                          
00004075  SYSCFG_DL_ADC12_0_init        
000040dd  __cmpdf2                      
000040dd  __eqdf2                       
000040dd  __ledf2                       
000040dd  __ltdf2                       
000040dd  __nedf2                       
00004145  __aeabi_dcmpeq                
00004159  __aeabi_dcmplt                
0000416d  __aeabi_dcmple                
00004181  __aeabi_dcmpge                
00004195  __aeabi_dcmpgt                
000041a7  __aeabi_ldiv0                 
000041a9  __aeabi_fcmpeq                
000041bd  __aeabi_fcmplt                
000041d1  __aeabi_fcmple                
000041e5  __aeabi_fcmpge                
000041f9  __aeabi_fcmpgt                
0000420b  memset                        
0000426d  SYSCFG_DL_initPower           
000042c1  SYSCFG_DL_SYSCTL_init         
00004311  DL_UART_init                  
00004359  SYSCFG_DL_GPIO_init           
000043a1  DL_ADC12_setClockConfig       
000043e1  __aeabi_uidiv                 
000043e1  __aeabi_uidivmod              
00004421  __aeabi_f2d                   
00004421  __extendsfdf2                 
00004461  atoi                          
000044a1  __gesf2                       
000044a1  __gtsf2                       
000044dd  __TI_auto_init_nobinit_nopinit
00004519  __cmpsf2                      
00004519  __eqsf2                       
00004519  __lesf2                       
00004519  __ltsf2                       
00004519  __nesf2                       
00004555  __muldsi3                     
00004591  SYSCFG_DL_TIMER_0_init        
000045c9  __aeabi_f2iz                  
000045c9  __fixsfsi                     
00004601  sprintf                       
00004639  __aeabi_f2uiz                 
00004639  __fixunssfsi                  
0000466d  SYSCFG_DL_init                
00004699  __aeabi_ui2f                  
00004699  __floatunsisf                 
000046c1  _c_int00_noargs               
000046e9  SYSCFG_DL_DAC12_init          
0000470d  __aeabi_lmul                  
0000470d  __muldi3                      
00004731  memccpy                       
00004755  __aeabi_llsl                  
00004755  __ashldi3                     
00004775  DL_Timer_setClockConfig       
00004791  TIMA0_IRQHandler              
000047c1  __TI_zero_init_nomemset       
000047d9  __aeabi_uldivmod              
000047ed  DL_UART_setClockConfig        
000047ff  __TI_decompress_none          
00004811  wcslen                        
00004821  __aeabi_memset                
00004821  __aeabi_memset4               
00004821  __aeabi_memset8               
0000483d  DL_Common_delayCycles         
00004861  __aeabi_errno_addr            
00004869  __aeabi_memcpy                
00004869  __aeabi_memcpy4               
00004869  __aeabi_memcpy8               
00004871  abort                         
00004876  C$$EXIT                       
00004877  HOSTexit                      
0000487b  Reset_Handler                 
0000487f  _system_pre_init              
00004890  asc2_1608                     
00004e80  __aeabi_ctype_table_          
00004e80  __aeabi_ctype_table_C         
00005128  __TI_Handler_Table_Base       
00005134  __TI_Handler_Table_Limit      
0000513c  __TI_CINIT_Base               
0000514c  __TI_CINIT_Limit              
0000514c  __TI_CINIT_Warm               
20200000  __start___llvm_prf_bits       
20200000  __start___llvm_prf_cnts       
20200000  __stop___llvm_prf_bits        
20200000  __stop___llvm_prf_cnts        
20200000  gTIMER_0Backup                
202000bc  rx_buffer                     
202000d0  BACK_COLOR                    
202000d2  POINT_COLOR                   
202000d4  ADC_count                     
202000d8  ADC_sum                       
202000dc  Kd                            
202000e0  Ki                            
202000e4  Kp                            
202000e8  __aeabi_errno                 
202000ec  current_duty                  
202000f0  current_voltage               
202000f4  error                         
202000f8  integral                      
202000fc  last_error                    
20200100  output                        
20200104  real_val                      
20200108  target_duty                   
2020010d  rx_index                      
20207e00  __stack                       
20208000  __STACK_END                   
ffffffff  __TI_pprof_out_hndl           
ffffffff  __TI_prof_data_size           
ffffffff  __TI_prof_data_start          
ffffffff  __binit__                     
ffffffff  binit                         
UNDEFED   __mpu_init                    
UNDEFED   _system_post_cinit            

[197 symbols]
